04-27 17:58:00.875 11672 11824 D TaskServiceProvider: [TaskServiceProvider][9234][tid_6307](182)TaskServiceProvider task=aiv,taskType=handle_push_message
04-27 17:58:00.875 11672 11824 I ami     : [ami][9234][tid_6307](22)realPackageName:com.vlife vlifePackageName:com.vlife
04-27 17:58:00.875 11672 11824 I TaskServiceProvider: [TaskServiceProvider][9234][tid_6307](160)VlifeExecutorService task=aiv,taskType=handle_push_message,intent=#Intent;action=handle_push_message;package=com.vlife;component=com.vlife/.TService;end
04-27 17:58:00.875 11672 11824 I aiu     : [aiu][9236][tid_6307](59)[PushMessageListener] call type : local_designer_works_type ; time = 1462291340000
04-27 17:58:00.875 11672 11824 I TaskServiceProvider: [TaskServiceProvider][9236][tid_6307](140)VlifeExecutorService executing n.aiv@7d1146d
04-27 17:58:00.875 11672 11824 I TaskServiceProvider: [TaskServiceProvider][9236][tid_6307](180)PackageName is com.vlife
04-27 17:58:00.875 11672 11824 D TaskServiceProvider: [TaskServiceProvider][9237][tid_6307](182)TaskServiceProvider task=aiv,taskType=handle_push_message
04-27 17:58:00.875 11672 11824 I ami     : [ami][9237][tid_6307](22)realPackageName:com.vlife vlifePackageName:com.vlife
04-27 17:58:00.875 11672 11824 I TaskServiceProvider: [TaskServiceProvider][9237][tid_6307](160)VlifeExecutorService task=aiv,taskType=handle_push_message,intent=#Intent;action=handle_push_message;package=com.vlife;component=com.vlife/.TService;end
04-27 17:58:00.885 11672 11824 I aiu     : [aiu][9239][tid_6307](59)[PushMessageListener] call type : ana_send ; time = 1489128319000
04-27 17:58:00.885 11672 11824 I TaskServiceProvider: [TaskServiceProvider][9239][tid_6307](140)VlifeExecutorService executing n.aiv@18d18a2
04-27 17:58:00.885 11672 11824 I TaskServiceProvider: [TaskServiceProvider][9239][tid_6307](180)PackageName is com.vlife
04-27 17:58:00.885 11672 11672 I TaskServiceProvider: [TaskServiceProvider][9239][tid_1](524)vlifeTaskOnStartCommand intent=#Intent;action=handle_push_message;package=com.vlife;component=com.vlife/.TService;S.intent_check=vlife;end
04-27 17:58:00.885 11672 11824 D TaskServiceProvider: [TaskServiceProvider][9240][tid_6307](182)TaskServiceProvider task=aiv,taskType=handle_push_message
04-27 17:58:00.885 11672 11672 D TaskServiceProvider: [TaskServiceProvider][9240][tid_1](536)pyramidney:null
04-27 17:58:00.885 11672 11824 I ami     : [ami][9240][tid_6307](22)realPackageName:com.vlife vlifePackageName:com.vlife
04-27 17:58:00.885 11672 11672 D wt      : [wt][9240][tid_1](33)TaskSignalQueue-add n.ws@15e10933
04-27 17:58:00.885 11672 11820 D TaskServiceProvider: [TaskServiceProvider][9241][tid_6303](248)Bundle=Bundle[mParcelledData.dataSize=124] taskType=handle_push_message
04-27 17:58:00.885 11672 11672 I TaskServiceProvider: [TaskServiceProvider][9241][tid_1](524)vlifeTaskOnStartCommand intent=#Intent;action=handle_push_message;package=com.vlife;component=com.vlife/.TService;S.intent_check=vlife;end
04-27 17:58:00.885 11672 11820 D TaskServiceProvider: [TaskServiceProvider][9241][tid_6303](252)getVlifeTask vlifeTask=n.aiv@3210a4f0
04-27 17:58:00.885 11672 11820 I TaskServiceProvider: [TaskServiceProvider][9241][tid_6303](346)[VlifeTaskService]  TaskRunnable  running task : handle_push_message ,delay : 0, cycle : 0 
04-27 17:58:00.885 11672 11672 D TaskServiceProvider: [TaskServiceProvider][9241][tid_1](536)pyramidney:null
04-27 17:58:00.885 11672 11820 I TaskServiceProvider: [TaskServiceProvider][9241][tid_6303](371)[VlifeTaskService]  executing  task : handle_push_message 
04-27 17:58:00.885 11672 11672 D wt      : [wt][9241][tid_1](33)TaskSignalQueue-add n.ws@24f78a69
04-27 17:58:00.885 11672 11820 I aiv     : [aiv][9242][tid_6303](96)[PushMessageListener] running
04-27 17:58:00.885 11672 11820 W ams     : [ams][9242][tid_6303](52)create preferences name:userinfo
04-27 17:58:00.885 11672 11825 D TaskServiceProvider: [TaskServiceProvider][9243][tid_6308](248)Bundle=Bundle[mParcelledData.dataSize=92] taskType=handle_push_message
04-27 17:58:00.885 11672 11820 I ams     : [ams][9243][tid_6303](79)preference name:userinfo getString key:uid,value:3337988376194091
04-27 17:58:00.885 11672 11825 D TaskServiceProvider: [TaskServiceProvider][9243][tid_6308](252)getVlifeTask vlifeTask=n.aiv@1fc81cee
04-27 17:58:00.885 11672 11820 D agx     : [agx][9243][tid_6303](409)[StatusUtil] refreshData context:com.magazine.online.HandpetApplication@2b085281
04-27 17:58:00.885 11672 11825 I TaskServiceProvider: [TaskServiceProvider][9243][tid_6308](346)[VlifeTaskService]  TaskRunnable  running task : handle_push_message ,delay : 0, cycle : 0 
04-27 17:58:00.885 11672 11825 I TaskServiceProvider: [TaskServiceProvider][9243][tid_6308](371)[VlifeTaskService]  executing  task : handle_push_message 
04-27 17:58:00.885 11672 11825 I aiv     : [aiv][9244][tid_6308](96)[PushMessageListener] running
04-27 17:58:00.885 11672 11825 W ams     : [ams][9244][tid_6308](52)create preferences name:userinfo
04-27 17:58:00.885 11672 11820 D GoogleStatisticsProvider: [GoogleStatisticsProvider][9244][tid_6303](129)[google_statistics] [statistics] final [event:request_result] [action:local_private_message] [id:empty_null] [uid:3337988376194091] [channelId:101] [all:2017-04-27 17:58:00, channelId=101, uid=3337988376194091, version=6.135] [version:6.135]
04-27 17:58:00.885 11672 11825 I ams     : [ams][9244][tid_6308](79)preference name:userinfo getString key:uid,value:3337988376194091
04-27 17:58:00.885 11672 11820 I aiv     : [aiv][9244][tid_6303](102)push type local_private_message
04-27 17:58:00.885 11672 11825 D agx     : [agx][9245][tid_6308](409)[StatusUtil] refreshData context:com.magazine.online.HandpetApplication@2b085281
04-27 17:58:00.885 11672 11820 I PushProvider: [PushProvider][9245][tid_6303](175)getContentHandler pushContentType = local_private_message
04-27 17:58:00.885 11672 11820 W PushProvider: [PushProvider][9245][tid_6303](180)contentHandler is null, take a attention if needed!
04-27 17:58:00.885 11672 11825 D GoogleStatisticsProvider: [GoogleStatisticsProvider][9246][tid_6308](129)[google_statistics] [statistics] final [event:request_result] [action:panel] [id:empty_null] [uid:3337988376194091] [channelId:101] [all:2017-04-27 17:58:00, channelId=101, uid=3337988376194091, version=6.135] [version:6.135]
04-27 17:58:00.885 11672 11820 D aiv     : [aiv][9246][tid_6303](129)!!!!pushContentType:local_private_message,contentHandler:n.aix@28f3201c
04-27 17:58:00.885 11672 11825 I aiv     : [aiv][9246][tid_6308](102)push type panel
04-27 17:58:00.885 11672 11820 I aiv     : [aiv][9246][tid_6303](70)[PushMessageListener] call type : local_private_message ; result : false
04-27 17:58:00.885 11672 11825 I PushProvider: [PushProvider][9246][tid_6308](175)getContentHandler pushContentType = panel
04-27 17:58:00.885 11672 11820 I TaskServiceProvider: [TaskServiceProvider][9246][tid_6303](373)[VlifeTaskService]  end  task : handle_push_message
04-27 17:58:00.885 11672 11825 D aiv     : [aiv][9247][tid_6308](129)!!!!pushContentType:panel,contentHandler:n.aih@336ea01f
04-27 17:58:00.885 11672 11820 D wt      : [wt][9247][tid_6303](48)TaskSignalQueue-remove n.ws@15e10933
04-27 17:58:00.885 11672 11825 I wd      : [wd][9247][tid_6308](256)updateFromServer start type = panel
04-27 17:58:00.885 11672 11775 I alc     : [alc][9234][tid_6285](43)http send thread run
04-27 17:58:00.885 11672 11775 D alg     : [alg][9247][tid_6285](72)waiting list Condition signal heartIndex:1 waitTime:4
04-27 17:58:00.885 11672 11825 W ams     : [ams][9247][tid_6308](52)create preferences name:userinfo
04-27 17:58:00.885 11672 11824 I TaskServiceProvider: [TaskServiceProvider][9240][tid_6307](160)VlifeExecutorService task=aiv,taskType=handle_push_message,intent=#Intent;action=handle_push_message;package=com.vlife;component=com.vlife/.TService;end
04-27 17:58:00.885 11672 11825 I ams     : [ams][9248][tid_6308](79)preference name:userinfo getString key:uid,value:3337988376194091
04-27 17:58:00.885 11672 11825 D agx     : [agx][9248][tid_6308](409)[StatusUtil] refreshData context:com.magazine.online.HandpetApplication@2b085281
04-27 17:58:00.895 11672 11824 I aiu     : [aiu][9249][tid_6307](59)[PushMessageListener] call type : normal_curl ; time = 1493136004019
04-27 17:58:00.895 11672 11824 I TaskServiceProvider: [TaskServiceProvider][9249][tid_6307](140)VlifeExecutorService executing n.aiv@34f56425
04-27 17:58:00.895 11672 11824 I TaskServiceProvider: [TaskServiceProvider][9250][tid_6307](180)PackageName is com.vlife
04-27 17:58:00.895 11672 11824 D TaskServiceProvider: [TaskServiceProvider][9250][tid_6307](182)TaskServiceProvider task=aiv,taskType=handle_push_message
04-27 17:58:00.895 11672 11825 D GoogleStatisticsProvider: [GoogleStatisticsProvider][9250][tid_6308](129)[google_statistics] [statistics] final [event:request_list] [action:panel] [id:empty_null] [uid:3337988376194091] [channelId:101] [all:2017-04-27 17:58:00, channelId=101, uid=3337988376194091, version=6.135] [version:6.135]
04-27 17:58:00.895 11672 11824 I ami     : [ami][9250][tid_6307](22)realPackageName:com.vlife vlifePackageName:com.vlife
04-27 17:58:00.895 11672 11825 D ams     : [ams][9250][tid_6308](54)create preferences name:pushdata
04-27 17:58:00.895 11672 11824 I TaskServiceProvider: [TaskServiceProvider][9250][tid_6307](160)VlifeExecutorService task=aiv,taskType=handle_push_message,intent=#Intent;action=handle_push_message;package=com.vlife;component=com.vlife/.TService;end
04-27 17:58:00.895 11672 11825 I ams     : [ams][9251][tid_6308](79)preference name:pushdata getString key:server_time_panel,value:null
04-27 17:58:00.895 11672 11825 D wd      : [wd][9251][tid_6308](263)serverTime:null
04-27 17:58:00.895 11672 11672 I TaskServiceProvider: [TaskServiceProvider][9253][tid_1](524)vlifeTaskOnStartCommand intent=#Intent;action=handle_push_message;package=com.vlife;component=com.vlife/.TService;S.intent_check=vlife;end
04-27 17:58:00.895 11672 11672 D TaskServiceProvider: [TaskServiceProvider][9253][tid_1](536)pyramidney:null
04-27 17:58:00.895 11672 11672 D wt      : [wt][9254][tid_1](33)TaskSignalQueue-add n.ws@2a9d19fa
04-27 17:58:00.895 11672 11820 D TaskServiceProvider: [TaskServiceProvider][9254][tid_6303](248)Bundle=Bundle[mParcelledData.dataSize=132] taskType=handle_push_message
04-27 17:58:00.895 11672 11820 D TaskServiceProvider: [TaskServiceProvider][9255][tid_6303](252)getVlifeTask vlifeTask=n.aiv@142a6bab
04-27 17:58:00.895 11672 11820 I TaskServiceProvider: [TaskServiceProvider][9255][tid_6303](346)[VlifeTaskService]  TaskRunnable  running task : handle_push_message ,delay : 0, cycle : 0 
04-27 17:58:00.895 11672 11825 I ServerProvider: [ServerProvider][9255][tid_6308](123)toQuery n.abx@34202208
04-27 17:58:00.895 11672 11820 I TaskServiceProvider: [TaskServiceProvider][9255][tid_6303](371)[VlifeTaskService]  executing  task : handle_push_message 
04-27 17:58:00.895 11672 11825 W ams     : [ams][9255][tid_6308](52)create preferences name:userinfo
04-27 17:58:00.895 11672 11820 I aiv     : [aiv][9255][tid_6303](96)[PushMessageListener] running
04-27 17:58:00.895 11672 11820 W ams     : [ams][9256][tid_6303](52)create preferences name:userinfo
04-27 17:58:00.895 11672 11825 D alf     : [alf][9256][tid_6308](241)getIProtocolHandler  SubDomain : application , Xmlns: jabber:iq:application, Method : simple:panel:list ,isSimple : true ,handler :n.aky@163d1da1
04-27 17:58:00.895 11672 11825 I alf     : [alf][9256][tid_6308](158)id:e98ddf602687cba
04-27 17:58:00.895 11672 11820 I ams     : [ams][9256][tid_6303](79)preference name:userinfo getString key:uid,value:3337988376194091
04-27 17:58:00.895 11672 11825 I alf     : [alf][9257][tid_6308](160)[NewHttpService] blockSend id = e98ddf602687cba,step1 = 0
04-27 17:58:00.895 11672 11820 D agx     : [agx][9257][tid_6303](409)[StatusUtil] refreshData context:com.magazine.online.HandpetApplication@2b085281
04-27 17:58:00.895 11672 11825 I alf     : [alf][9257][tid_6308](164)[NewHttpService] blockSend id = e98ddf602687cba,step2 = 0
04-27 17:58:00.895 11672 11825 I alf     : [alf][9257][tid_6308](139)this:n.alf@a2c1c6e  sender:n.ald@3085cf0f
04-27 17:58:00.895 11672 11825 D alg     : [alg][9257][tid_6308](44)push a handler : aky
04-27 17:58:00.895 11672 11825 I alf     : [alf][9258][tid_6308](166)[NewHttpService] blockSend id = e98ddf602687cba,step3 = 1
04-27 17:58:00.895 11672 11820 D GoogleStatisticsProvider: [GoogleStatisticsProvider][9258][tid_6303](129)[google_statistics] [statistics] final [event:request_result] [action:local_designer_works_type] [id:empty_null] [uid:3337988376194091] [channelId:101] [all:2017-04-27 17:58:00, channelId=101, uid=3337988376194091, version=6.135] [version:6.135]
04-27 17:58:00.895 11672 11825 I alf     : [alf][9258][tid_6308](167)[NewHttpService] blockSend id = e98ddf602687cba, timeout = 60000
04-27 17:58:00.895 11672 11820 I aiv     : [aiv][9258][tid_6303](102)push type local_designer_works_type
04-27 17:58:00.905 11672 11775 I alc     : [alc][9258][tid_6285](46)http send list:[n.aky@163d1da1]
04-27 17:58:00.905 11672 11820 I PushProvider: [PushProvider][9258][tid_6303](175)getContentHandler pushContentType = local_designer_works_type
04-27 17:58:00.905 11672 11820 W PushProvider: [PushProvider][9259][tid_6303](180)contentHandler is null, take a attention if needed!
04-27 17:58:00.905 11672 11820 D aiv     : [aiv][9259][tid_6303](129)!!!!pushContentType:local_designer_works_type,contentHandler:n.aix@2292dbc6
04-27 17:58:00.905 11672 11775 I akt     : [akt][9259][tid_6285](75)create segment class n.aky use time:457us
04-27 17:58:00.905 11672 11820 I aiv     : [aiv][9259][tid_6303](70)[PushMessageListener] call type : local_designer_works_type ; result : false
04-27 17:58:00.905 11672 11820 I TaskServiceProvider: [TaskServiceProvider][9259][tid_6303](373)[VlifeTaskService]  end  task : handle_push_message
04-27 17:58:00.905 11672 11775 I alj     : [alj][9259][tid_6285](28)getRidAndIncrement :7
04-27 17:58:00.905 11672 11820 D wt      : [wt][9260][tid_6303](48)TaskSignalQueue-remove n.ws@2a9d19fa
04-27 17:58:00.905 11672 11775 I alb     : [alb][9260][tid_6285](112)Request url : http://117.135.167.123/ma/1/?p=a&v=5&c=g&st=d641526b98bef365c215309c900b922d&sv=6.135&az=android-2.1-pet&id=3337988376194091&sid=10b86891101d45e4@123-minor-a1.vlife.com
04-27 17:58:00.905 11672 11775 D libc    : [NET] android_getaddrinfofornet+,hn 15(0x3131372e313335),sn(),hints(known),family 0,flags 4
04-27 17:58:00.905 11672 11775 D libc    : [NET] android_getaddrinfofornet-, SUCCESS
04-27 17:58:00.905 11672 11775 I alb     : [alb][9261][tid_6285](121)Request content : <body rid="7" count="1" wait="2" sid="10b86891101d45e4@123-minor-a1.vlife.com"><iq to="application.vlife.com" id="e98ddf602687cba" type="get"><query xmlns="jabber:iq:application"><method name="simple:panel:list" version="4"><beans xmlns="http://www.handpet.com/config/beans" version="1.0"><bean name="simple_panel_protocol"><property name="tipsData"><bean name="tips_data"/></property><property name="configMap"><map/></property><property name="panelList"><list/></property></bean></beans></method></query></iq></body>
04-27 17:58:00.905 11672 11672 I TaskServiceProvider: [TaskServiceProvider][9261][tid_1](524)vlifeTaskOnStartCommand intent=#Intent;action=handle_push_message;package=com.vlife;component=com.vlife/.TService;S.intent_check=vlife;end
04-27 17:58:00.905 11672 11775 D alb     : [alb][9261][tid_6285](127)[HttpCoreOperatorS] userAgent:Mozilla/5.0 (Linux; U; Android 5.0.2; zh-cn; HTC 801e Build/LRX22G) AppleWebKit/534.30 (KHTML, like Gecko) Version/4.0 Mobile Safari/534.30
04-27 17:58:00.905 11672 11775 D alb     : [alb][9261][tid_6285](131)httpPost. httpClient = n.aaw@398eb93d
04-27 17:58:00.905 11672 11672 D TaskServiceProvider: [TaskServiceProvider][9261][tid_1](536)pyramidney:null
04-27 17:58:00.905 11672 11775 I aav     : [aav][9261][tid_6285](318)doExecute request=org.apache.http.client.methods.HttpPost@38a21787
04-27 17:58:00.905 11672 11672 D wt      : [wt][9261][tid_1](33)TaskSignalQueue-add n.ws@399956b4
04-27 17:58:00.905 11672 11775 D libc    : [NET] android_getaddrinfofornet+,hn 15(0x3131372e313335),sn(),hints(known),family 0,flags 4
04-27 17:58:00.905 11672 11775 D libc    : [NET] android_getaddrinfofornet-, SUCCESS
04-27 17:58:00.905 11672 11820 D TaskServiceProvider: [TaskServiceProvider][9262][tid_6303](248)Bundle=Bundle[mParcelledData.dataSize=100] taskType=handle_push_message
04-27 17:58:00.905 11672 11820 D TaskServiceProvider: [TaskServiceProvider][9262][tid_6303](252)getVlifeTask vlifeTask=n.aiv@1ecf2dd
04-27 17:58:00.905 11672 11820 I TaskServiceProvider: [TaskServiceProvider][9263][tid_6303](346)[VlifeTaskService]  TaskRunnable  running task : handle_push_message ,delay : 0, cycle : 0 
04-27 17:58:00.905 11672 11820 I TaskServiceProvider: [TaskServiceProvider][9263][tid_6303](371)[VlifeTaskService]  executing  task : handle_push_message 
04-27 17:58:00.905 11672 11732 I ams     : [ams][9235][tid_6266](79)preference name:next_key getString key:currentWallpaper,value:
04-27 17:58:00.905 11672 11820 I aiv     : [aiv][9263][tid_6303](96)[PushMessageListener] running
04-27 17:58:00.905 11672 11732 I abe     : [abe][9263][tid_6266](49)get nextWallpaper id:
04-27 17:58:00.905 11672 11732 I ami     : [ami][9263][tid_6266](22)realPackageName:com.vlife vlifePackageName:com.vlife
04-27 17:58:00.905 11672 11820 W ams     : [ams][9264][tid_6303](52)create preferences name:userinfo
04-27 17:58:00.905 11672 11732 I ApplicationStatus: [ApplicationStatus][9264][tid_6266](362)isSameProcessType lockscreen main_page false
04-27 17:58:00.905 11672 11732 I ApplicationStatus: [ApplicationStatus][9264][tid_6266](367)isSameProcessType lockscreen main_page false
04-27 17:58:00.905 11672 11820 I ams     : [ams][9264][tid_6303](79)preference name:userinfo getString key:uid,value:3337988376194091
04-27 17:58:00.905 11672 11732 I ams     : [ams][9264][tid_6266](79)preference name:simple_key getString key:currentWallpaper,value:
04-27 17:58:00.905 11672 11820 D agx     : [agx][9264][tid_6303](409)[StatusUtil] refreshData context:com.magazine.online.HandpetApplication@2b085281
04-27 17:58:00.905 11672 11732 I abe     : [abe][9265][tid_6266](68)get currentWallpaper id:
04-27 17:58:00.905 11672 11732 D agx     : [agx][9265][tid_6266](409)[StatusUtil] refreshData context:com.magazine.online.HandpetApplication@2b085281
04-27 17:58:00.905 11672 11732 I abe     : [abe][9265][tid_6266](79)get defaultWallpaper id:292616
04-27 17:58:00.905 11672 11820 D GoogleStatisticsProvider: [GoogleStatisticsProvider][9266][tid_6303](129)[google_statistics] [statistics] final [event:request_result] [action:ana_send] [id:empty_null] [uid:3337988376194091] [channelId:101] [all:2017-04-27 17:58:00, channelId=101, uid=3337988376194091, version=6.135] [version:6.135]
04-27 17:58:00.905 11672 11732 D StatisticsProvider: [StatisticsProvider][9266][tid_6266](349)[statistics_test] =============> setHead
04-27 17:58:00.905 11672 11761 I wd      : [wd][9232][tid_6279](114)updateFromServer[sus][size=0] [type=window] [size=0]
04-27 17:58:00.905 11672 11672 I TaskServiceProvider: [TaskServiceProvider][9266][tid_1](524)vlifeTaskOnStartCommand intent=#Intent;action=handle_push_message;package=com.vlife;component=com.vlife/.TService;S.intent_check=vlife;end
04-27 17:58:00.905 11672 11761 D aii     : [aii][9266][tid_6279](99)saveData over!!!
04-27 17:58:00.905 11672 11672 D TaskServiceProvider: [TaskServiceProvider][9267][tid_1](536)pyramidney:null
04-27 17:58:00.905 11672 11672 D wt      : [wt][9267][tid_1](33)TaskSignalQueue-add n.ws@37d0ee52
04-27 17:58:00.905 11672 11820 I aiv     : [aiv][9266][tid_6303](102)push type ana_send
04-27 17:58:00.905 11672 11732 I StatisticsProvider: [StatisticsProvider][9268][tid_6266](520)[statistics_test] ====canWrite====
04-27 17:58:00.905 11672 11820 D aiv     : [aiv][9268][tid_6303](317)[updateUaLevel]
04-27 17:58:00.905 11672 11732 D StatisticsProvider: [StatisticsProvider][9268][tid_6266](441)[statistics_test] =======>write path:/data/data/com.vlife/files/ua/no_ua_6.135.1.ain.dat.0
04-27 17:58:00.915 11672 11761 D aii     : [aii][9267][tid_6279](101)netWorkInterval:108000
04-27 17:58:00.915 11672 11761 D aii     : [aii][9269][tid_6279](102)resetOperationUpdateInterval over!!!
04-27 17:58:00.915 11672 11761 D aii     : [aii][9269][tid_6279](105)list.size:0
04-27 17:58:00.915 11672 11672 I TaskServiceProvider: [TaskServiceProvider][9270][tid_1](524)vlifeTaskOnStartCommand intent=#Intent;action=handle_push_message;package=com.vlife;component=com.vlife/.TService;S.intent_check=vlife;end
04-27 17:58:00.915 11672 11672 D TaskServiceProvider: [TaskServiceProvider][9270][tid_1](536)pyramidney:null
04-27 17:58:00.915 11672 11672 D wt      : [wt][9271][tid_1](33)TaskSignalQueue-add n.ws@2acadfd9
04-27 17:58:00.915 11672 11820 I ServerProvider: [ServerProvider][9269][tid_6303](123)toQuery n.abx@1bcf2a20
04-27 17:58:00.915 11672 11820 W ams     : [ams][9271][tid_6303](52)create preferences name:userinfo
04-27 17:58:00.915 11672 11820 D alf     : [alf][9272][tid_6303](241)getIProtocolHandler  SubDomain : statistic , Xmlns: jabber:iq:statistic, Method : simple:query:send:level ,isSimple : true ,handler :n.aky@50c707f
04-27 17:58:00.915 11672 11820 I alf     : [alf][9272][tid_6303](158)id:e98ddf602687cbb
04-27 17:58:00.915 11672 11852 D TaskServiceProvider: [TaskServiceProvider][9272][tid_6319](248)Bundle=Bundle[mParcelledData.dataSize=104] taskType=handle_push_message
04-27 17:58:00.915 11672 11820 I alf     : [alf][9273][tid_6303](160)[NewHttpService] blockSend id = e98ddf602687cbb,step1 = 0
04-27 17:58:00.915 11672 11852 D TaskServiceProvider: [TaskServiceProvider][9273][tid_6319](252)getVlifeTask vlifeTask=n.aiv@31ccc84c
04-27 17:58:00.915 11672 11852 I TaskServiceProvider: [TaskServiceProvider][9273][tid_6319](346)[VlifeTaskService]  TaskRunnable  running task : handle_push_message ,delay : 0, cycle : 0 
04-27 17:58:00.915 11672 11820 I alf     : [alf][9273][tid_6303](164)[NewHttpService] blockSend id = e98ddf602687cbb,step2 = 0
04-27 17:58:00.915 11672 11852 I TaskServiceProvider: [TaskServiceProvider][9273][tid_6319](371)[VlifeTaskService]  executing  task : handle_push_message 
04-27 17:58:00.915 11672 11820 I alf     : [alf][9273][tid_6303](139)this:n.alf@a2c1c6e  sender:n.ald@3085cf0f
04-27 17:58:00.915 11672 11852 I aiv     : [aiv][9273][tid_6319](96)[PushMessageListener] running
04-27 17:58:00.915 11672 11820 D alg     : [alg][9273][tid_6303](44)push a handler : aky
04-27 17:58:00.915 11672 11852 W ams     : [ams][9274][tid_6319](52)create preferences name:userinfo
04-27 17:58:00.915 11672 11820 I alf     : [alf][9274][tid_6303](166)[NewHttpService] blockSend id = e98ddf602687cbb,step3 = 1
04-27 17:58:00.915 11672 11820 I alf     : [alf][9274][tid_6303](167)[NewHttpService] blockSend id = e98ddf602687cbb, timeout = 60000
04-27 17:58:00.915 11672 11852 I ams     : [ams][9274][tid_6319](79)preference name:userinfo getString key:uid,value:3337988376194091
04-27 17:58:00.915 11672 11852 D agx     : [agx][9274][tid_6319](409)[StatusUtil] refreshData context:com.magazine.online.HandpetApplication@2b085281
04-27 17:58:00.915 11672 11761 I wd      : [wd][9269][tid_6279](283)server_time=1493262947031
04-27 17:58:00.915 11672 11824 I aiu     : [aiu][9276][tid_6307](59)[PushMessageListener] call type : upload_location ; time = 1484098352000
04-27 17:58:00.915 11672 11761 D ams     : [ams][9276][tid_6279](54)create preferences name:pushdata
04-27 17:58:00.915 11672 11824 I TaskServiceProvider: [TaskServiceProvider][9276][tid_6307](140)VlifeExecutorService executing n.aiv@1000a095
04-27 17:58:00.915 11672 11824 I TaskServiceProvider: [TaskServiceProvider][9276][tid_6307](180)PackageName is com.vlife
04-27 17:58:00.915 11672 11761 I ams     : [ams][9276][tid_6279](84)preference name:pushdata putStringAndCommit key:server_time_window,value:1493262947031
04-27 17:58:00.915 11672 11824 D TaskServiceProvider: [TaskServiceProvider][9277][tid_6307](182)TaskServiceProvider task=aiv,taskType=handle_push_message
04-27 17:58:00.915 11672 11824 I ami     : [ami][9277][tid_6307](22)realPackageName:com.vlife vlifePackageName:com.vlife
04-27 17:58:00.915 11672 11824 I TaskServiceProvider: [TaskServiceProvider][9277][tid_6307](160)VlifeExecutorService task=aiv,taskType=handle_push_message,intent=#Intent;action=handle_push_message;package=com.vlife;component=com.vlife/.TService;end
04-27 17:58:00.925 11672 11824 I aiu     : [aiu][9280][tid_6307](59)[PushMessageListener] call type : curl_page ; time = 1462291268000
04-27 17:58:00.925 11672 11824 I TaskServiceProvider: [TaskServiceProvider][9281][tid_6307](140)VlifeExecutorService executing n.aiv@96ff5aa
04-27 17:58:00.925 11672 11824 I TaskServiceProvider: [TaskServiceProvider][9281][tid_6307](180)PackageName is com.vlife
04-27 17:58:00.925 11672 11824 D TaskServiceProvider: [TaskServiceProvider][9281][tid_6307](182)TaskServiceProvider task=aiv,taskType=handle_push_message
04-27 17:58:00.925 11672 11824 I ami     : [ami][9281][tid_6307](22)realPackageName:com.vlife vlifePackageName:com.vlife
04-27 17:58:00.925 11672 11824 I TaskServiceProvider: [TaskServiceProvider][9282][tid_6307](160)VlifeExecutorService task=aiv,taskType=handle_push_message,intent=#Intent;action=handle_push_message;package=com.vlife;component=com.vlife/.TService;end
04-27 17:58:00.925 11672 11852 D GoogleStatisticsProvider: [GoogleStatisticsProvider][9284][tid_6319](129)[google_statistics] [statistics] final [event:request_result] [action:normal_curl] [id:empty_null] [uid:3337988376194091] [channelId:101] [all:2017-04-27 17:58:00, channelId=101, uid=3337988376194091, version=6.135] [version:6.135]
04-27 17:58:00.925 11672 11852 I aiv     : [aiv][9284][tid_6319](102)push type normal_curl
04-27 17:58:00.925 11672 11853 D TaskServiceProvider: [TaskServiceProvider][9284][tid_6320](248)Bundle=Bundle[mParcelledData.dataSize=112] taskType=handle_push_message
04-27 17:58:00.925 11672 11852 I PushProvider: [PushProvider][9284][tid_6319](175)getContentHandler pushContentType = normal_curl
04-27 17:58:00.925 11672 11853 D TaskServiceProvider: [TaskServiceProvider][9285][tid_6320](252)getVlifeTask vlifeTask=n.aiv@d01959b
04-27 17:58:00.925 11672 11852 W PushProvider: [PushProvider][9285][tid_6319](180)contentHandler is null, take a attention if needed!
04-27 17:58:00.925 11672 11853 I TaskServiceProvider: [TaskServiceProvider][9285][tid_6320](346)[VlifeTaskService]  TaskRunnable  running task : handle_push_message ,delay : 0, cycle : 0 
04-27 17:58:00.925 11672 11852 D aiv     : [aiv][9285][tid_6319](129)!!!!pushContentType:normal_curl,contentHandler:n.aix@16241d38
04-27 17:58:00.925 11672 11853 I TaskServiceProvider: [TaskServiceProvider][9285][tid_6320](371)[VlifeTaskService]  executing  task : handle_push_message 
04-27 17:58:00.925 11672 11852 I aiv     : [aiv][9285][tid_6319](70)[PushMessageListener] call type : normal_curl ; result : false
04-27 17:58:00.925 11672 11853 I aiv     : [aiv][9285][tid_6320](96)[PushMessageListener] running
04-27 17:58:00.925 11672 11852 I TaskServiceProvider: [TaskServiceProvider][9285][tid_6319](373)[VlifeTaskService]  end  task : handle_push_message
04-27 17:58:00.925 11672 11852 D wt      : [wt][9285][tid_6319](48)TaskSignalQueue-remove n.ws@37d0ee52
04-27 17:58:00.925 11672 11853 W ams     : [ams][9285][tid_6320](52)create preferences name:userinfo
04-27 17:58:00.925 11672 11853 I ams     : [ams][9286][tid_6320](79)preference name:userinfo getString key:uid,value:3337988376194091
04-27 17:58:00.925 11672 11853 D agx     : [agx][9286][tid_6320](409)[StatusUtil] refreshData context:com.magazine.online.HandpetApplication@2b085281
04-27 17:58:00.925 11672 11672 I TaskServiceProvider: [TaskServiceProvider][9287][tid_1](524)vlifeTaskOnStartCommand intent=#Intent;action=handle_push_message;package=com.vlife;component=com.vlife/.TService;S.intent_check=vlife;end
04-27 17:58:00.925 11672 11672 D TaskServiceProvider: [TaskServiceProvider][9288][tid_1](536)pyramidney:null
04-27 17:58:00.925 11672 11672 D wt      : [wt][9288][tid_1](33)TaskSignalQueue-add n.ws@3f97b111
04-27 17:58:00.935 11672 11852 D TaskServiceProvider: [TaskServiceProvider][9291][tid_6319](248)Bundle=Bundle[mParcelledData.dataSize=100] taskType=handle_push_message
04-27 17:58:00.935 11672 11852 D TaskServiceProvider: [TaskServiceProvider][9291][tid_6319](252)getVlifeTask vlifeTask=n.aiv@fafc276
04-27 17:58:00.935 11672 11852 I TaskServiceProvider: [TaskServiceProvider][9291][tid_6319](346)[VlifeTaskService]  TaskRunnable  running task : handle_push_message ,delay : 0, cycle : 0 
04-27 17:58:00.935 11672 11852 I TaskServiceProvider: [TaskServiceProvider][9291][tid_6319](371)[VlifeTaskService]  executing  task : handle_push_message 
04-27 17:58:00.935 11672 11761 W ams     : [ams][9291][tid_6279](89)pushdata putString server_time_window
04-27 17:58:00.935 11672 11852 I aiv     : [aiv][9292][tid_6319](96)[PushMessageListener] running
04-27 17:58:00.935 11672 11761 I PushProvider: [PushProvider][9292][tid_6279](209)getPushController pushContentType = window
04-27 17:58:00.935 11672 11852 W ams     : [ams][9292][tid_6319](52)create preferences name:userinfo
04-27 17:58:00.935 11672 11761 D PushProvider: [PushProvider][9292][tid_6279](211)pushController:n.ahs@203f1ac3
04-27 17:58:00.935 11672 11852 I ams     : [ams][9292][tid_6319](79)preference name:userinfo getString key:uid,value:3337988376194091
04-27 17:58:00.935 11672 11761 I wd      : [wd][9292][tid_6279](292)updateFromServer handleSimpleData notifyDataChange pushContentType = window
04-27 17:58:00.935 11672 11852 D agx     : [agx][9292][tid_6319](409)[StatusUtil] refreshData context:com.magazine.online.HandpetApplication@2b085281
04-27 17:58:00.935 11672 11761 I ahj     : [ahj][9293][tid_6279](70)executor c:class java.util.concurrent.ThreadPoolExecutor task c:class n.wd$1$1
04-27 17:58:00.935 11672 11731 I ahs     : [ahs][9294][tid_6265](85)[notifyDataChange]
04-27 17:58:00.935 11672 11852 D GoogleStatisticsProvider: [GoogleStatisticsProvider][9293][tid_6319](129)[google_statistics] [statistics] final [event:request_result] [action:curl_page] [id:empty_null] [uid:3337988376194091] [channelId:101] [all:2017-04-27 17:58:00, channelId=101, uid=3337988376194091, version=6.135] [version:6.135]
04-27 17:58:00.935 11672 11852 I aiv     : [aiv][9294][tid_6319](102)push type curl_page
04-27 17:58:00.935 11672 11731 I ami     : [ami][9294][tid_6265](22)realPackageName:com.vlife vlifePackageName:com.vlife
04-27 17:58:00.935 11672 11852 I PushProvider: [PushProvider][9294][tid_6319](175)getContentHandler pushContentType = curl_page
04-27 17:58:00.935 11672 11731 I ApplicationStatus: [ApplicationStatus][9294][tid_6265](362)isSameProcessType main_page main_page false
04-27 17:58:00.935 11672 11852 W PushProvider: [PushProvider][9294][tid_6319](180)contentHandler is null, take a attention if needed!
04-27 17:58:00.935 11672 11731 I ApplicationStatus: [ApplicationStatus][9294][tid_6265](367)isSameProcessType main_page main_page true
04-27 17:58:00.935 11672 11852 D aiv     : [aiv][9294][tid_6319](129)!!!!pushContentType:curl_page,contentHandler:n.aix@1859f077
04-27 17:58:00.935 11672 11731 I PushProvider: [PushProvider][9294][tid_6265](175)getContentHandler pushContentType = window
04-27 17:58:00.935 11672 11852 I aiv     : [aiv][9294][tid_6319](70)[PushMessageListener] call type : curl_page ; result : false
04-27 17:58:00.935 11672 11731 W aik     : [aik][9295][tid_6265](85)db provider query:content://vlife/content
04-27 17:58:00.935 11672 11852 I TaskServiceProvider: [TaskServiceProvider][9295][tid_6319](373)[VlifeTaskService]  end  task : handle_push_message
04-27 17:58:00.935 11672 11852 D wt      : [wt][9295][tid_6319](48)TaskSignalQueue-remove n.ws@3f97b111
04-27 17:58:00.935 11672 11731 I we      : [we][9296][tid_6265](86)getAllDisabled window 0
04-27 17:58:00.935 11672 11731 I ahs     : [ahs][9296][tid_6265](98)[WindowController] notifyDataChange() diabledWindowDataList = []
04-27 17:58:00.935 11672 11731 W ams     : [ams][9296][tid_6265](52)create preferences name:push_message
04-27 17:58:00.935 11672 11761 I alf     : [alf][9297][tid_6279](206)[NewHttpService] blockSend finally
04-27 17:58:00.935 11672 11761 D SplashActivity: [SplashActivity][9297][tid_6279](112)result = true
04-27 17:58:00.935 11672 11761 W ams     : [ams][9297][tid_6279](52)create preferences name:userinfo
04-27 17:58:00.935 11672 11732 I StatisticsProvider: [StatisticsProvider][9298][tid_6266](466)[statistics_test] create packet xml : <item ua_action="window" ua_event="request_list_success" ua_time="1493287080866" ua_process="main_page" index="9" />
04-27 17:58:00.935 11672 11761 I ams     : [ams][9298][tid_6279](79)preference name:userinfo getString key:uid,value:3337988376194091
04-27 17:58:00.935 11672 11761 D agx     : [agx][9298][tid_6279](409)[StatusUtil] refreshData context:com.magazine.online.HandpetApplication@2b085281
04-27 17:58:00.935 11672 11732 D StatisticsProvider: [StatisticsProvider][9298][tid_6266](434)[statistics_test] =======>write map:n.uw@3899d4e4
04-27 17:58:00.945 11672 11732 I StatisticsProvider: [StatisticsProvider][9298][tid_6266](518)[statistics_test] filePath /data/data/com.vlife/files/ua/no_ua_6.135.1.ain.dat.0 
04-27 17:58:00.945 11672 11732 I StatisticsProvider: [StatisticsProvider][9299][tid_6266](520)[statistics_test] ====canWrite====
04-27 17:58:00.945 11672 11732 D StatisticsProvider: [StatisticsProvider][9299][tid_6266](441)[statistics_test] =======>write path:/data/data/com.vlife/files/ua/no_ua_6.135.1.ain.dat.0
04-27 17:58:00.945 11672 11761 D GoogleStatisticsProvider: [GoogleStatisticsProvider][9300][tid_6279](129)[google_statistics] [statistics] final [event:ad_interstitial_request] [action:empty_null] [id:empty_null] [uid:3337988376194091] [channelId:101] [all:2017-04-27 17:58:00, channelId=101, uid=3337988376194091, version=6.135] [version:6.135]
04-27 17:58:00.945 11672 11824 I aiu     : [aiu][9301][tid_6307](59)[PushMessageListener] call type : guide_push ; time = 1464105604710
04-27 17:58:00.945 11672 11672 I TaskServiceProvider: [TaskServiceProvider][9301][tid_1](524)vlifeTaskOnStartCommand intent=#Intent;action=handle_push_message;package=com.vlife;component=com.vlife/.TService;S.intent_check=vlife;end
04-27 17:58:00.945 11672 11853 D GoogleStatisticsProvider: [GoogleStatisticsProvider][9302][tid_6320](129)[google_statistics] [statistics] final [event:request_result] [action:upload_location] [id:empty_null] [uid:3337988376194091] [channelId:101] [all:2017-04-27 17:58:00, channelId=101, uid=3337988376194091, version=6.135] [version:6.135]
04-27 17:58:00.945 11672 11672 D TaskServiceProvider: [TaskServiceProvider][9302][tid_1](536)pyramidney:null
04-27 17:58:00.945 11672 11853 I aiv     : [aiv][9302][tid_6320](102)push type upload_location
04-27 17:58:00.945 11672 11672 D wt      : [wt][9302][tid_1](33)TaskSignalQueue-add n.ws@4b54d4d
04-27 17:58:00.945 11672 11852 D TaskServiceProvider: [TaskServiceProvider][9303][tid_6319](248)Bundle=Bundle[mParcelledData.dataSize=104] taskType=handle_push_message
04-27 17:58:00.945 11672 11853 D agx     : [agx][9303][tid_6320](366)refreshLocation
04-27 17:58:00.945 11672 11852 D TaskServiceProvider: [TaskServiceProvider][9303][tid_6319](252)getVlifeTask vlifeTask=n.aiv@154d9002
04-27 17:58:00.945 11672 11852 I TaskServiceProvider: [TaskServiceProvider][9303][tid_6319](346)[VlifeTaskService]  TaskRunnable  running task : handle_push_message ,delay : 0, cycle : 0 
04-27 17:58:00.945 11672 11852 I TaskServiceProvider: [TaskServiceProvider][9303][tid_6319](371)[VlifeTaskService]  executing  task : handle_push_message 
04-27 17:58:00.945 11672 11852 I aiv     : [aiv][9303][tid_6319](96)[PushMessageListener] running
04-27 17:58:00.945 11672 11852 W ams     : [ams][9304][tid_6319](52)create preferences name:userinfo
04-27 17:58:00.945 11672 11852 I ams     : [ams][9304][tid_6319](79)preference name:userinfo getString key:uid,value:3337988376194091
04-27 17:58:00.945 11672 11852 D agx     : [agx][9304][tid_6319](409)[StatusUtil] refreshData context:com.magazine.online.HandpetApplication@2b085281
04-27 17:58:00.945 11672 11852 D GoogleStatisticsProvider: [GoogleStatisticsProvider][9305][tid_6319](129)[google_statistics] [statistics] final [event:request_result] [action:guide_push] [id:empty_null] [uid:3337988376194091] [channelId:101] [all:2017-04-27 17:58:00, channelId=101, uid=3337988376194091, version=6.135] [version:6.135]
04-27 17:58:00.945 11672 11852 I aiv     : [aiv][9305][tid_6319](102)push type guide_push
04-27 17:58:00.945 11672 11852 I PushProvider: [PushProvider][9306][tid_6319](175)getContentHandler pushContentType = guide_push
04-27 17:58:00.945 11672 11852 D aiv     : [aiv][9306][tid_6319](129)!!!!pushContentType:guide_push,contentHandler:n.aig@2ad7ff40
04-27 17:58:00.945 11672 11852 I wd      : [wd][9306][tid_6319](256)updateFromServer start type = guide_push
04-27 17:58:00.945 11672 11852 W ams     : [ams][9306][tid_6319](52)create preferences name:userinfo
04-27 17:58:00.945 11672 11852 I ams     : [ams][9307][tid_6319](79)preference name:userinfo getString key:uid,value:3337988376194091
04-27 17:58:00.945 11672 11852 D agx     : [agx][9307][tid_6319](409)[StatusUtil] refreshData context:com.magazine.online.HandpetApplication@2b085281
04-27 17:58:00.945 11672 11775 I aav     : [aav][9307][tid_6285](320)response = org.apache.http.message.BasicHttpResponse@17731d13
04-27 17:58:00.945 11672 11775 D aav     : [aav][9308][tid_6285](322)uri = http://117.135.167.123/ma/1/?p=a&v=5&c=g&st=d641526b98bef365c215309c900b922d&sv=6.135&az=android-2.1-pet&id=3337988376194091&sid=10b86891101d45e4@123-minor-a1.vlife.com
04-27 17:58:00.945 11672 11852 D GoogleStatisticsProvider: [GoogleStatisticsProvider][9308][tid_6319](129)[google_statistics] [statistics] final [event:request_list] [action:guide_push] [id:empty_null] [uid:3337988376194091] [channelId:101] [all:2017-04-27 17:58:00, channelId=101, uid=3337988376194091, version=6.135] [version:6.135]
04-27 17:58:00.945 11672 11775 D aav     : [aav][9308][tid_6285](325)header name = platform, value = android
04-27 17:58:00.945 11672 11775 D aav     : [aav][9308][tid_6285](325)header name = User-Agent, value = Mozilla/5.0 (Linux; U; Android 5.0.2; zh-cn; HTC 801e Build/LRX22G) AppleWebKit/534.30 (KHTML, like Gecko) Version/4.0 Mobile Safari/534.30
04-27 17:58:00.945 11672 11852 D ams     : [ams][9308][tid_6319](54)create preferences name:pushdata
04-27 17:58:00.945 11672 11775 I aav     : [aav][9308][tid_6285](378)doGetAllHeaders
04-27 17:58:00.945 11672 11852 I ams     : [ams][9308][tid_6319](79)preference name:pushdata getString key:server_time_guide_push,value:null
04-27 17:58:00.945 11672 11775 I aav     : [aav][9308][tid_6285](336)doGetStatusCode
04-27 17:58:00.945 11672 11852 D wd      : [wd][9308][tid_6319](263)serverTime:null
04-27 17:58:00.945 11672 11775 I alb     : [alb][9308][tid_6285](137)response code:206
04-27 17:58:00.955 11672 11775 I aav     : [aav][9308][tid_6285](352)doGetEntityByteArray
04-27 17:58:00.955 11672 11775 I akv     : [akv][9309][tid_6285](47)inflate length:26947
04-27 17:58:00.955 11672 11852 I ServerProvider: [ServerProvider][9309][tid_6319](123)toQuery n.abx@1e915b50
04-27 17:58:00.955 11672 11852 W ams     : [ams][9309][tid_6319](52)create preferences name:userinfo
04-27 17:58:00.955 11672 11852 D alf     : [alf][9310][tid_6319](241)getIProtocolHandler  SubDomain : application , Xmlns: jabber:iq:application, Method : simple:guide:push:list ,isSimple : true ,handler :n.aky@3d967149
04-27 17:58:00.955 11672 11852 I alf     : [alf][9310][tid_6319](158)id:e98ddf602687cbc
04-27 17:58:00.955 11672 11852 I alf     : [alf][9310][tid_6319](160)[NewHttpService] blockSend id = e98ddf602687cbc,step1 = 0
04-27 17:58:00.955 11672 11852 I alf     : [alf][9311][tid_6319](164)[NewHttpService] blockSend id = e98ddf602687cbc,step2 = 0
04-27 17:58:00.955 11672 11852 I alf     : [alf][9311][tid_6319](139)this:n.alf@a2c1c6e  sender:n.ald@3085cf0f
04-27 17:58:00.955 11672 11852 D alg     : [alg][9311][tid_6319](44)push a handler : aky
04-27 17:58:00.955 11672 11852 I alf     : [alf][9311][tid_6319](166)[NewHttpService] blockSend id = e98ddf602687cbc,step3 = 0
04-27 17:58:00.955 11672 11852 I alf     : [alf][9312][tid_6319](167)[NewHttpService] blockSend id = e98ddf602687cbc, timeout = 60000
04-27 17:58:00.955 11672 11824 I TaskServiceProvider: [TaskServiceProvider][9312][tid_6307](140)VlifeExecutorService executing n.aiv@3708aa4e
04-27 17:58:00.955 11672 11824 I TaskServiceProvider: [TaskServiceProvider][9313][tid_6307](180)PackageName is com.vlife
04-27 17:58:00.955 11672 11824 D TaskServiceProvider: [TaskServiceProvider][9313][tid_6307](182)TaskServiceProvider task=aiv,taskType=handle_push_message
04-27 17:58:00.955 11672 11824 I ami     : [ami][9314][tid_6307](22)realPackageName:com.vlife vlifePackageName:com.vlife
04-27 17:58:00.955 11672 11824 I TaskServiceProvider: [TaskServiceProvider][9314][tid_6307](160)VlifeExecutorService task=aiv,taskType=handle_push_message,intent=#Intent;action=handle_push_message;package=com.vlife;component=com.vlife/.TService;end
04-27 17:58:00.955 11672 11824 I aiu     : [aiu][9315][tid_6307](59)[PushMessageListener] call type : ana_important ; time = 1490853213000
04-27 17:58:00.955 11672 11824 I TaskServiceProvider: [TaskServiceProvider][9315][tid_6307](140)VlifeExecutorService executing n.aiv@18e8776f
04-27 17:58:00.955 11672 11824 I TaskServiceProvider: [TaskServiceProvider][9315][tid_6307](180)PackageName is com.vlife
04-27 17:58:00.955 11672 11824 D TaskServiceProvider: [TaskServiceProvider][9316][tid_6307](182)TaskServiceProvider task=aiv,taskType=handle_push_message
04-27 17:58:00.955 11672 11824 I ami     : [ami][9316][tid_6307](22)realPackageName:com.vlife vlifePackageName:com.vlife
04-27 17:58:00.955 11672 11824 I TaskServiceProvider: [TaskServiceProvider][9316][tid_6307](160)VlifeExecutorService task=aiv,taskType=handle_push_message,intent=#Intent;action=handle_push_message;package=com.vlife;component=com.vlife/.TService;end
04-27 17:58:00.955 11672 11775 I alb     : [alb][9313][tid_6285](174)response CONTENT： <body xmlns="http://jabber.org/protocol/httpbind" rid="7" sid="10b86891101d45e4@123-minor-a1.vlife.com" ><iq from="magazine.vlife.com" to="3337988376194091@123-minor-a1.vlife.com/android-2.1-pet" id="e98ddf602687cb2" sid="10b86891101d45e4@123-minor-a1.vlife.com" type="result"><query xmlns="jabber:iq:magazine"><method name="simple:magazine:source:type:list"><beans xmlns="http://www.handpet.com/config/beans" version="1.0"><bean name="simple_magazine_source_type_list_protocol"><property name="st" value="1,1474874692631;2,1474874649479;3,1474874729357;4,1481858169860;5,1487903144642;6,1490342442514;7,1461140227146;8,1481858140946;9,1481858135779;10,1481858129947;11,1481858125179;12,1481858107144;13,1481858154052;"/><property name="stl"><list><bean name="magazine_source_type_data"><property name="sl"><list><bean name="magazine_source_data"><property name="e" value="0"/><property name="s" value="1"/><property name="description" value="漾美"/><property name="p"><bean name="file"><property name="hash" value="e43d68d62848dcc3e3df607f73402f5f"/><property name="length" value="139876"/><property name="path" value="wallpaper/source/20160302/1456894879_Gmns0H.jpg.pet"/></bean></property><property name="n" value="漾美"/><property name="ds" value="1"/><property name="i" value="18"/></bean><bean name="magazine_source_data"><property name="e" value="0"/><property name="s" value="1"/><property name="description" value="时尚"/><property name="p"><bean name="file"><property name="hash" value="52c19a1c32880a5052ed7f300c26bd28"/><property name="length" value="118865"/><property name="path" value="wallpaper/source/20160407/1460024060_Muv9xA.jpg.pet"/></bean></property><property name="n" value="时尚"/><property name="ds" value="1"/><property name="i" value="23"/></bean></list></property><property name="e" value="1"/><property name="s" value="3"/><property name="n" value="时尚"/><property name="i" value="1"/></bean><bean name="magazine_source_type_data"><property name="sl"><list><bean name="magazine_source_data"><property name="e" value="0"/><property name="s" value="1"/><property name="description" value="旅行"/><property name="p"><bean name="file"><property name="hash" value="8f7c47104ae7d48fd188a426d60600b3"/><property name="length" value="174334"/><property name="path" value="wallpaper/source/20160407/1460023972_1XuDu5.jpg.pet"/></bean></property><property name="n" value="旅行"/><property name="ds" value="1"/><property name="i" value="21"/></bean></list></property><property name="e" value="1"/><property name="s" value="1"/><property name="n" value="旅游"/><property name="i" value="2"/></bean><bean name="magazine_source_type_data"><property name="sl"><list><bean name="magazine_source_data"><property name="e" value="0"/><property name="s" value="1"/><property name="description" value="汽车"/><property name="p"><bean name="file"><property name="hash" value="646107cfbefb1d3084a395abbeadc152"/><property name="length" value="150774"/><property name="path" value="wallpaper/source/20160407/1460024092_UzstO8.jpg.pet"/></bean></property><property name="n" value="汽车"/><property name="ds" value="1"/><property name="i" value="24"/></bean></list></property><property name="e" value="1"/><property name="s" value="2"/><property name="n" value="汽车"/><property name="i" value="3"/></bean><bean name="magazine_source_type_data"><property name="sl"><list><bean name="magazine_source_data"><property name="e" value="0"/><property name="s" value="1"/><property name="description" value="生活"/><property name="p"><bean name="file"><property name="hash" value="d913d6571ffe537ec3904077cd1c803f"/><property name="length" value="148485"/><property name="path" value="wallpaper/source/20160407/1460024020_oeMntc.jpg.pet"/></bean></property><property name="n" value="生活"/><property name="ds" value="1"/><property name="i" value="22"/></bean></list></property><property name="e" value="0"/><property name="s" value="0"/><property name="n" value="生活"/><property name="i" value="4"
04-27 17:58:00.955 11672 11672 I TaskServiceProvider: [TaskServiceProvider][9317][tid_1](524)vlifeTaskOnStartCommand intent=#Intent;action=handle_push_message;package=com.vlife;component=com.vlife/.TService;S.intent_check=vlife;end
04-27 17:58:00.955 11672 11672 D TaskServiceProvider: [TaskServiceProvider][9318][tid_1](536)pyramidney:null
04-27 17:58:00.955 11672 11672 D wt      : [wt][9318][tid_1](33)TaskSignalQueue-add n.ws@3e38dc7c
04-27 17:58:00.965 11672 11824 I aiu     : [aiu][9320][tid_6307](59)[PushMessageListener] call type : local_comment ; time = 1462291330000
04-27 17:58:00.965 11672 11672 I TaskServiceProvider: [TaskServiceProvider][9320][tid_1](524)vlifeTaskOnStartCommand intent=#Intent;action=handle_push_message;package=com.vlife;component=com.vlife/.TService;S.intent_check=vlife;end
04-27 17:58:00.965 11672 11824 W ams     : [ams][9321][tid_6307](52)create preferences name:push_message
04-27 17:58:00.965 11672 11672 D TaskServiceProvider: [TaskServiceProvider][9321][tid_1](536)pyramidney:null
04-27 17:58:00.965 11672 11672 D wt      : [wt][9321][tid_1](33)TaskSignalQueue-add n.ws@c491d5a
04-27 17:58:00.965 11672 11824 I ams     : [ams][9321][tid_6307](84)preference name:push_message putStringAndCommit key:boot_limit_time,value:null
04-27 17:58:00.965 11672 11775 I alj     : [alj][9327][tid_6285](21)getRid :8
04-27 17:58:00.965 11672 11775 I alb     : [alb][9327][tid_6285](212)use old Iparser current:iq
04-27 17:58:00.965 11672 11775 I alc     : [alc][9327][tid_6285](58)http send type:OK
04-27 17:58:00.965 11672 11775 D alf     : [alf][9327][tid_6285](69)id:e98ddf602687cb2 countDownMap
04-27 17:58:00.975 11672 11732 I StatisticsProvider: [StatisticsProvider][9331][tid_6266](466)[statistics_test] create packet xml : <item ua_action="local_private_message" ua_event="request_result" ua_time="1493287080891" ua_process="main_page" index="10" />
04-27 17:58:00.975 11672 11732 D StatisticsProvider: [StatisticsProvider][9338][tid_6266](434)[statistics_test] =======>write map:n.uw@20754468
04-27 17:58:00.975 11672 11732 I StatisticsProvider: [StatisticsProvider][9338][tid_6266](518)[statistics_test] filePath /data/data/com.vlife/files/ua/no_ua_6.135.1.ain.dat.0 
04-27 17:58:00.985 11672 11732 I StatisticsProvider: [StatisticsProvider][9338][tid_6266](520)[statistics_test] ====canWrite====
04-27 17:58:00.985 11672 11732 D StatisticsProvider: [StatisticsProvider][9339][tid_6266](441)[statistics_test] =======>write path:/data/data/com.vlife/files/ua/no_ua_6.135.1.ain.dat.0
04-27 17:58:00.985 11672 11823 I alf     : [alf][9340][tid_6306](169)[NewHttpService] blockSend id = e98ddf602687cb2,step4 = 3316
04-27 17:58:00.985 11672 11823 I alf     : [alf][9340][tid_6306](171)[NewHttpService] blockSend id = e98ddf602687cb2,step5 = 3316
04-27 17:58:00.985 11672 11823 D alf     : [alf][9340][tid_6306](172)callback : n.aoq$1@1d360081
04-27 17:58:00.985 11672 11823 D alf     : [alf][9341][tid_6306](174)parser:n.wz@8ebb526
04-27 17:58:00.985 11672 11823 D aky     : [aky][9341][tid_6306](86)from:magazine.vlife.com type:result subDomain:magazine
04-27 17:58:00.985 11672 11823 D aky     : [aky][9341][tid_6306](92)xmlns : jabber:iq:magazine method : simple:magazine:source:type:list
04-27 17:58:00.985 11672 11823 I aky     : [aky][9342][tid_6306](94)n.aky start method type:result
