04-27 17:57:56.651 11740 11740 I AbstractApplicationStatus: [AbstractApplicationStatus][79][tid_1](381)packageName:com.vlife
04-27 17:57:56.651 11740 11740 I AbstractApplicationStatus: [AbstractApplicationStatus][80][tid_1](374)process suspension com.vlife:float
04-27 17:57:56.651 11740 11740 I AbstractApplicationStatus: [AbstractApplicationStatus][80][tid_1](358)host:null type:pp value::pp
04-27 17:57:56.651 11740 11740 I AbstractApplicationStatus: [AbstractApplicationStatus][80][tid_1](381)packageName:com.vlife
04-27 17:57:56.651 11740 11740 I AbstractApplicationStatus: [AbstractApplicationStatus][81][tid_1](374)process pp com.vlife:pp
04-27 17:57:56.661 11740 11740 I ahj     : [ahj][83][tid_1](70)executor c:class java.util.concurrent.ThreadPoolExecutor task c:class com.vlife.common.lib.core.status.AbstractApplicationStatus$2
04-27 17:57:56.661 11672 11732 I ams     : [ams][5019][tid_6266](79)preference name:next_key getString key:currentWallpaper,value:
04-27 17:57:56.661 11672 11732 I abe     : [abe][5019][tid_6266](49)get nextWallpaper id:
04-27 17:57:56.661 11672 11732 I ami     : [ami][5020][tid_6266](22)realPackageName:com.vlife vlifePackageName:com.vlife
04-27 17:57:56.661 11672 11732 I ApplicationStatus: [ApplicationStatus][5020][tid_6266](362)isSameProcessType lockscreen main_page false
04-27 17:57:56.661 11672 11732 I ApplicationStatus: [ApplicationStatus][5020][tid_6266](367)isSameProcessType lockscreen main_page false
04-27 17:57:56.661 11740 11768 D ams     : [ams][86][tid_6252](54)create preferences name:pet_sys_status
04-27 17:57:56.661 11740 11740 W ams     : [ams][87][tid_1](52)create preferences name:userinfo
04-27 17:57:56.661 11740 11768 D AbstractApplicationStatus: [AbstractApplicationStatus][89][tid_6252](546)hasIsHandpetInstalledInSdcard 
04-27 17:57:56.661 11740 11768 D AbstractApplicationStatus: [AbstractApplicationStatus][90][tid_6252](548)getIsHandpetInstalledInSdcard 1 = true
04-27 17:57:56.661 11740 11768 D aad     : [aad][90][tid_6252](48)next loadVlifePartner
04-27 17:57:56.661 11740 11740 I aml     : [aml][92][tid_1](297)buildEmptyProvider interface com.vlife.common.lib.intf.provider.ILockScreenProvider
04-27 17:57:56.681 11740 11740 I ami     : [ami][104][tid_1](22)realPackageName:com.vlife vlifePackageName:com.vlife
04-27 17:57:56.681 11740 11740 I AbstractApplicationStatus: [AbstractApplicationStatus][105][tid_1](381)packageName:com.vlife
04-27 17:57:56.681 11740 11740 D AbstractApplicationStatus: [AbstractApplicationStatus][105][tid_1](515)ShellProduct normal host = com.vlife:lock package=com.vlife
04-27 17:57:56.681 11672 11732 I ams     : [ams][5041][tid_6266](79)preference name:simple_key getString key:currentWallpaper,value:
04-27 17:57:56.681 11672 11732 I abe     : [abe][5041][tid_6266](68)get currentWallpaper id:
04-27 17:57:56.681 11740 11740 I AbstractApplicationStatus: [AbstractApplicationStatus][106][tid_1](381)packageName:com.vlife
04-27 17:57:56.681 11672 11732 D agx     : [agx][5041][tid_6266](409)[StatusUtil] refreshData context:com.magazine.online.HandpetApplication@2b085281
04-27 17:57:56.681 11740 11740 D AbstractApplicationStatus: [AbstractApplicationStatus][106][tid_1](528)getProcessType_host=com.vlife:lock,ret=lockscreen package=com.vlife context:com.magazine.online.HandpetApplication@2b085281
04-27 17:57:56.681 11672 11732 I abe     : [abe][5041][tid_6266](79)get defaultWallpaper id:292616
04-27 17:57:56.681 11740 11740 I ami     : [ami][106][tid_1](22)realPackageName:com.vlife vlifePackageName:com.vlife
04-27 17:57:56.681 11740 11740 I ApplicationStatus: [ApplicationStatus][107][tid_1](362)isSameProcessType main_page lockscreen false
04-27 17:57:56.681 11740 11740 I ApplicationStatus: [ApplicationStatus][107][tid_1](367)isSameProcessType main_page lockscreen false
04-27 17:57:56.681 11740 11740 I AbstractApplicationStatus: [AbstractApplicationStatus][108][tid_1](312)not main process
04-27 17:57:56.681 11740 11740 I AbstractApplicationStatus: [AbstractApplicationStatus][108][tid_1](271)init client
04-27 17:57:56.681 11740 11740 I ApplicationStatus: [ApplicationStatus][109][tid_1](66)application status init use time:79ms
04-27 17:57:56.691 11740 11768 I AbstractApplicationStatus: [AbstractApplicationStatus][115][tid_6252](337)width:1080 height:1920 dpi:480
04-27 17:57:56.691 11740 11740 D aiz     : [aiz][0][tid_1](112)doCreate[begin]
04-27 17:57:56.701 11672 11686 I art     : Background sticky concurrent mark sweep GC freed 11366(551KB) AllocSpace objects, 1(16KB) LOS objects, 2% free, 4MB/4MB, paused 9.644ms total 119.731ms
04-27 17:57:56.711 11672 11732 D StatisticsProvider: [StatisticsProvider][5073][tid_6266](349)[statistics_test] =============> setHead
04-27 17:57:56.711 11672 11732 I StatisticsProvider: [StatisticsProvider][5074][tid_6266](520)[statistics_test] ====canWrite====
04-27 17:57:56.711 11672 11732 D StatisticsProvider: [StatisticsProvider][5074][tid_6266](441)[statistics_test] =======>write path:/data/data/com.vlife/files/ua/no_ua_6.135.1.ain.dat.0
04-27 17:57:56.721 11672 11732 I StatisticsProvider: [StatisticsProvider][5087][tid_6266](466)[statistics_test] create packet xml : <item ua_action="com.vlife:main" id="11672" ua_event="dev_process_start" dev_version="6.135.1" ua_time="1493287076389" ua_process="main_page" index="1" />
04-27 17:57:56.721 11672 11732 D StatisticsProvider: [StatisticsProvider][5087][tid_6266](434)[statistics_test] =======>write map:n.uw@26882022
04-27 17:57:56.721 11672 11732 I StatisticsProvider: [StatisticsProvider][5088][tid_6266](518)[statistics_test] filePath /data/data/com.vlife/files/ua/no_ua_6.135.1.ain.dat.0 
04-27 17:57:56.721 11740 11740 E SensorManager: uid = 10251
04-27 17:57:56.721 11672 11732 I StatisticsProvider: [StatisticsProvider][5088][tid_6266](520)[statistics_test] ====canWrite====
04-27 17:57:56.721 11672 11732 D StatisticsProvider: [StatisticsProvider][5088][tid_6266](441)[statistics_test] =======>write path:/data/data/com.vlife/files/ua/no_ua_6.135.1.ain.dat.0
04-27 17:57:56.731 11672 11672 D AbstractApplication: [AbstractApplication][5091][tid_1](190)getPackageManager
04-27 17:57:56.741   274   834 E AudioPolicyManager: unknown stream type
04-27 17:57:56.741   274   834 E AudioPolicyManager: unknown stream type
04-27 17:57:56.741   274   831 E AudioPolicyManager: unknown stream type
04-27 17:57:56.741   274   831 E AudioPolicyManager: unknown stream type
04-27 17:57:56.751 11672 11686 W art     : Suspending all threads took: 8.942ms
04-27 17:57:56.751 11672 11686 I art     : Background sticky concurrent mark sweep GC freed 1629(76KB) AllocSpace objects, 0(0B) LOS objects, 0% free, 4MB/4MB, paused 12.391ms total 40.653ms
04-27 17:57:56.761 11672 11732 I StatisticsProvider: [StatisticsProvider][5121][tid_6266](466)[statistics_test] create packet xml : <item ua_action="window" ua_event="request_list" ua_time="1493287076631" ua_process="main_page" index="2" />
04-27 17:57:56.761 11672 11732 D StatisticsProvider: [StatisticsProvider][5121][tid_6266](434)[statistics_test] =======>write map:n.uw@1e0c3ab3
04-27 17:57:56.761 11672 11732 I StatisticsProvider: [StatisticsProvider][5122][tid_6266](518)[statistics_test] filePath /data/data/com.vlife/files/ua/no_ua_6.135.1.ain.dat.0 
04-27 17:57:56.761 11672 11732 I StatisticsProvider: [StatisticsProvider][5122][tid_6266](520)[statistics_test] ====canWrite====
04-27 17:57:56.761 11672 11732 D StatisticsProvider: [StatisticsProvider][5122][tid_6266](441)[statistics_test] =======>write path:/data/data/com.vlife/files/ua/no_ua_6.135.1.ain.dat.0
04-27 17:57:56.761 11672 11761 I ServerProvider: [ServerProvider][5126][tid_6279](123)toQuery n.abx@1e89b870
04-27 17:57:56.761 11672 11761 W ams     : [ams][5126][tid_6279](52)create preferences name:userinfo
04-27 17:57:56.761 11740 11740 W ams     : [ams][193][tid_1](52)create preferences name:module
04-27 17:57:56.771 11672 11761 D alf     : [alf][5129][tid_6279](241)getIProtocolHandler  SubDomain : application , Xmlns: jabber:iq:application, Method : simple:window:list ,isSimple : true ,handler :n.aky@d75d7e9
04-27 17:57:56.771 11672 11761 I alf     : [alf][5129][tid_6279](158)id:e98ddf602687cb0
04-27 17:57:56.771 11672 11761 I alf     : [alf][5130][tid_6279](160)[NewHttpService] blockSend id = e98ddf602687cb0,step1 = 0
04-27 17:57:56.771 11672 11761 I alf     : [alf][5130][tid_6279](164)[NewHttpService] blockSend id = e98ddf602687cb0,step2 = 0
04-27 17:57:56.771 11740 11740 I IModuleProvider: [IModuleProvider][196][tid_1](351)set module:task_service enable:true
04-27 17:57:56.771 11740 11740 I aml     : [aml][197][tid_1](322)set module:task_service exists:true
04-27 17:57:56.771 11740 11740 I aml     : [aml][199][tid_1](328)set module:task_service success com.handpet.component.service.TaskServiceProvider@216bd0b9
04-27 17:57:56.771 11740 11740 D AbstractModuleProvider: [AbstractModuleProvider][200][tid_1](480)proxyModule
04-27 17:57:56.771 11740 11740 I amg     : [amg][201][tid_1](102)add provider:com.handpet.component.service.TaskServiceProvider@216bd0b9, module=null, module_name=task_service
04-27 17:57:56.771 11740 11740 I IModuleProvider: [IModuleProvider][201][tid_1](351)set module:statistics enable:true
04-27 17:57:56.771 11740 11740 I aml     : [aml][201][tid_1](322)set module:statistics exists:true
04-27 17:57:56.781 11740 11740 I aml     : [aml][203][tid_1](328)set module:statistics success com.vlife.common.lib.data.stat.StatisticsProvider@3c966cfe
04-27 17:57:56.781 11740 11740 D AbstractModuleProvider: [AbstractModuleProvider][203][tid_1](480)proxyModule
04-27 17:57:56.781 11740 11740 I amg     : [amg][204][tid_1](102)add provider:com.vlife.common.lib.data.stat.StatisticsProvider@3c966cfe, module=null, module_name=statistics
04-27 17:57:56.781 11740 11740 I IModuleProvider: [IModuleProvider][204][tid_1](351)set module:document enable:true
04-27 17:57:56.781 11740 11740 I aml     : [aml][205][tid_1](322)set module:document exists:true
04-27 17:57:56.781 11740 11740 I aml     : [aml][208][tid_1](328)set module:document success com.handpet.component.document.DocumentProvider@2bb5fc5f
04-27 17:57:56.781 11740 11740 D AbstractModuleProvider: [AbstractModuleProvider][208][tid_1](480)proxyModule
04-27 17:57:56.781 11740 11740 I amg     : [amg][209][tid_1](102)add provider:com.handpet.component.document.DocumentProvider@2bb5fc5f, module=null, module_name=document
04-27 17:57:56.781 11740 11740 I IModuleProvider: [IModuleProvider][209][tid_1](351)set module:database enable:true
04-27 17:57:56.781 11740 11740 I aml     : [aml][209][tid_1](322)set module:database exists:true
04-27 17:57:56.781 11740 11740 I aml     : [aml][211][tid_1](328)set module:database success com.handpet.component.database.DatabaseProvider@1fdb96ac
04-27 17:57:56.781 11740 11740 D AbstractModuleProvider: [AbstractModuleProvider][212][tid_1](480)proxyModule
04-27 17:57:56.781 11740 11740 I amg     : [amg][212][tid_1](102)add provider:com.handpet.component.database.DatabaseProvider@1fdb96ac, module=null, module_name=database
04-27 17:57:56.781 11740 11740 I IModuleProvider: [IModuleProvider][213][tid_1](351)set module:server enable:true
04-27 17:57:56.791 11740 11740 I aml     : [aml][213][tid_1](322)set module:server exists:true
04-27 17:57:56.791 11740 11740 I aml     : [aml][215][tid_1](328)set module:server success com.vlife.framework.connection.ServerProvider@2d6fbf75
04-27 17:57:56.791 11740 11740 D AbstractModuleProvider: [AbstractModuleProvider][216][tid_1](480)proxyModule
04-27 17:57:56.791 11740 11740 I amg     : [amg][216][tid_1](102)add provider:com.vlife.framework.connection.ServerProvider@2d6fbf75, module=null, module_name=server
04-27 17:57:56.791 11740 11740 I IModuleProvider: [IModuleProvider][216][tid_1](351)set module:magazine_common enable:true
04-27 17:57:56.791 11740 11740 I aml     : [aml][217][tid_1](322)set module:magazine_common exists:true
04-27 17:57:56.791 11740 11740 W aml     : [aml][218][tid_1](330)FirstClassNotFound try second fisrtClassName=com.vlife.magazine.vendor.MagazineVendorProvider, secondClassName = com.vlife.magazine.common.MagazineCommonProvider
04-27 17:57:56.791 11672 11761 I alf     : [alf][5153][tid_6279](139)this:n.alf@a2c1c6e  sender:n.ald@3085cf0f
04-27 17:57:56.791 11672 11761 D alg     : [alg][5154][tid_6279](44)push a handler : aky
04-27 17:57:56.791 11672 11761 I alf     : [alf][5154][tid_6279](166)[NewHttpService] blockSend id = e98ddf602687cb0,step3 = 24
04-27 17:57:56.791 11740 11740 I aml     : [aml][219][tid_1](333)set module:magazine_common success com.vlife.magazine.common.MagazineCommonProvider@2e685b0a
04-27 17:57:56.791 11672 11761 I alf     : [alf][5154][tid_6279](167)[NewHttpService] blockSend id = e98ddf602687cb0, timeout = 60000
04-27 17:57:56.791 11740 11740 D AbstractModuleProvider: [AbstractModuleProvider][219][tid_1](480)proxyModule
04-27 17:57:56.791 11740 11740 I amg     : [amg][220][tid_1](102)add provider:com.vlife.magazine.common.MagazineCommonProvider@2e685b0a, module=null, module_name=magazine_common
04-27 17:57:56.791 11740 11740 I IModuleProvider: [IModuleProvider][220][tid_1](351)set module:new_download enable:true
04-27 17:57:56.791 11740 11740 I aml     : [aml][221][tid_1](322)set module:new_download exists:true
04-27 17:57:56.791 11740 11740 I aml     : [aml][222][tid_1](328)set module:new_download success com.handpet.component.download.NewDownloadProvider@1e7ff7b
04-27 17:57:56.791 11740 11740 D AbstractModuleProvider: [AbstractModuleProvider][222][tid_1](480)proxyModule
04-27 17:57:56.791 11672 11729 D vl      : [vl][5158][tid_6263](61)data:simple_magazine_content_list_by_source_protocol
04-27 17:57:56.791 11740 11740 I amg     : [amg][223][tid_1](102)add provider:com.handpet.component.download.NewDownloadProvider@1e7ff7b, module=null, module_name=new_download
04-27 17:57:56.801 11740 11740 I IModuleProvider: [IModuleProvider][223][tid_1](351)set module:status enable:true
04-27 17:57:56.801 11740 11740 I aml     : [aml][223][tid_1](322)set module:status exists:true
04-27 17:57:56.801 11672 11729 I vl      : [vl][5159][tid_6263](73)[VTDDataHelper] simpleData = n.ud@1ecb09a5
04-27 17:57:56.801 11740 11740 D AbstractModuleProvider: [AbstractModuleProvider][224][tid_1](480)proxyModule
04-27 17:57:56.801 11672 11729 D vl      : [vl][5159][tid_6263](61)data:magazine_conetent_data
04-27 17:57:56.801 11740 11740 W AbstractModuleProvider: [AbstractModuleProvider][224][tid_1](487)no_need_proxy IStatusProvider
04-27 17:57:56.801 11740 11740 I amg     : [amg][225][tid_1](102)add provider:com.vlife.common.lib.core.status.ApplicationStatus@27b59e68, module=null, module_name=status
04-27 17:57:56.801 11740 11740 I IModuleProvider: [IModuleProvider][225][tid_1](351)set module:push enable:true
04-27 17:57:56.801 11740 11740 I aml     : [aml][226][tid_1](322)set module:push exists:true
04-27 17:57:56.801 11740 11740 I aml     : [aml][227][tid_1](328)set module:push success com.vlife.component.push.PushProvider@13c17198
04-27 17:57:56.801 11740 11740 D AbstractModuleProvider: [AbstractModuleProvider][227][tid_1](480)proxyModule
04-27 17:57:56.801 11740 11740 I amg     : [amg][227][tid_1](102)add provider:com.vlife.component.push.PushProvider@13c17198, module=null, module_name=push
04-27 17:57:56.801 11740 11740 I IModuleProvider: [IModuleProvider][228][tid_1](351)set module:operation enable:true
04-27 17:57:56.801 11740 11740 I aml     : [aml][228][tid_1](322)set module:operation exists:true
04-27 17:57:56.801 11740 11740 I aml     : [aml][229][tid_1](328)set module:operation success com.vlife.component.operation.OperationProvider@d89ddf1
04-27 17:57:56.801 11672 11729 I vl      : [vl][5165][tid_6263](73)[VTDDataHelper] simpleData = n.rp@1401917a
04-27 17:57:56.801 11740 11740 D AbstractModuleProvider: [AbstractModuleProvider][229][tid_1](480)proxyModule
04-27 17:57:56.801 11672 11729 D vl      : [vl][5165][tid_6263](61)data:plugin
04-27 17:57:56.801 11740 11740 I amg     : [amg][230][tid_1](102)add provider:com.vlife.component.operation.OperationProvider@d89ddf1, module=null, module_name=operation
04-27 17:57:56.801 11672 11775 I alc     : [alc][5165][tid_6285](43)http send thread run
04-27 17:57:56.801 11740 11740 I IModuleProvider: [IModuleProvider][230][tid_1](351)set module:operation_gdt enable:true
04-27 17:57:56.801 11740 11740 I aml     : [aml][231][tid_1](322)set module:operation_gdt exists:true
04-27 17:57:56.801 11672 11775 W ams     : [ams][5166][tid_6285](52)create preferences name:userinfo
04-27 17:57:56.801 11672 11775 I aku     : [aku][5167][tid_6285](62)get address type:server
04-27 17:57:56.801 11740 11740 I aml     : [aml][232][tid_1](328)set module:operation_gdt success com.handpet.operation.provider.GdtOperationProvider@1eb91dd6
04-27 17:57:56.801 11740 11740 D AbstractModuleProvider: [AbstractModuleProvider][232][tid_1](480)proxyModule
04-27 17:57:56.801 11740 11740 I amg     : [amg][232][tid_1](102)add provider:com.handpet.operation.provider.GdtOperationProvider@1eb91dd6, module=null, module_name=operation_gdt
04-27 17:57:56.801 11740 11740 I IModuleProvider: [IModuleProvider][233][tid_1](351)set module:google_statistics enable:true
04-27 17:57:56.811 11672 11729 I vl      : [vl][5168][tid_6263](73)[VTDDataHelper] simpleData = n.qk@3d5a4d2b
04-27 17:57:56.811 11740 11740 I aml     : [aml][233][tid_1](322)set module:google_statistics exists:true
04-27 17:57:56.811 11672 11729 D vl      : [vl][5169][tid_6263](61)data:file
04-27 17:57:56.811 11740 11740 I aml     : [aml][234][tid_1](328)set module:google_statistics success com.handpet.statistics.google.GoogleStatisticsProvider@256d1857
04-27 17:57:56.811 11672 11729 I vl      : [vl][5170][tid_6263](73)[VTDDataHelper] simpleData = n.pl@3d382588
04-27 17:57:56.811 11740 11740 D AbstractModuleProvider: [AbstractModuleProvider][235][tid_1](480)proxyModule
04-27 17:57:56.811 11672 11729 D vl      : [vl][5170][tid_6263](61)data:magazine_source_data
04-27 17:57:56.811 11740 11740 I amg     : [amg][235][tid_1](102)add provider:com.handpet.statistics.google.GoogleStatisticsProvider@256d1857, module=null, module_name=google_statistics
04-27 17:57:56.811 11672 11729 I vl      : [vl][5172][tid_6263](73)[VTDDataHelper] simpleData = n.rr@3b879b21
04-27 17:57:56.811 11672 11729 D vl      : [vl][5172][tid_6263](61)data:file
04-27 17:57:56.811 11672 11729 I vl      : [vl][5172][tid_6263](73)[VTDDataHelper] simpleData = n.pl@6874b46
04-27 17:57:56.811 11672 11732 I StatisticsProvider: [StatisticsProvider][5173][tid_6266](466)[statistics_test] create packet xml : <item tag="AbstractApplicationStatus" message="[liujingyu][AbstractApplicationStatus][5003][tid_6279](746)null" name="android.content.pm.PackageManager$NameNotFoundException" count="1" error="android.content.pm.PackageManager$NameNotFoundException: com.android.vending	at android.app.ApplicationPackageManager.getPackageInfo(ApplicationPackageManager.java:114)	at n.aar.a(VLIFE-SOURCE:47)	at com.vlife.common.lib.core.status.AbstractApplicationStatus.getGoogleAdvertisingID(VLIFE-SOURCE:741)	at n.aii.g(VLIFE-SOURCE:82)	at n.wd.d(VLIFE-SOURCE:264)	at com.vlife.SplashActivity$1.run(VLIFE-SOURCE:111)	at android.os.Handler.handleCallback(Handler.java:739)	at android.os.Handler.dispatchMessage(Handler.java:95)	at android.os.Looper.loop(Looper.java:155)	at android.os.HandlerThread.run(HandlerThread.java:61)" author="liujingyu" ua_event="dev_thread_throwable" dev_version="6.135.1" ua_time="1493287076655" ua_process="main_page" index="3" />
04-27 17:57:56.811 11740 11740 W xy      : memoryCache() and memoryCacheSize() calls overlap each other
04-27 17:57:56.811 11740 11740 W xy      : memoryCache() and memoryCacheSize() calls overlap each other
04-27 17:57:56.811 11672 11729 D vl      : [vl][5173][tid_6263](61)data:file
04-27 17:57:56.811 11672 11775 I agx     : [agx][5174][tid_6285](244)currentApn:WIFI
04-27 17:57:56.811 11672 11775 I agx     : [agx][5174][tid_6285](213)currentApn:WIFI
04-27 17:57:56.811 11672 11729 I vl      : [vl][5174][tid_6263](73)[VTDDataHelper] simpleData = n.pl@3eae9107
04-27 17:57:56.811 11672 11775 I ams     : [ams][5174][tid_6285](79)preference name:front_address_6138 getString key:FRONT_ADDRESSES,value:null
04-27 17:57:56.811 11672 11775 I aku     : [aku][5174][tid_6285](162)address json:null
04-27 17:57:56.811 11672 11729 D vl      : [vl][5174][tid_6263](61)data:magazine_conetent_data
04-27 17:57:56.811 11672 11775 I aku     : [aku][5175][tid_6285](72)init front_time:0
04-27 17:57:56.811 11672 11775 I aku     : [aku][5175][tid_6285](101)addressBean = null
04-27 17:57:56.811 11672 11729 I vl      : [vl][5175][tid_6263](73)[VTDDataHelper] simpleData = n.rp@12ee1234
04-27 17:57:56.811 11672 11729 D vl      : [vl][5175][tid_6263](61)data:plugin
04-27 17:57:56.811 11672 11775 I aku     : [aku][5175][tid_6285](118)refreshFront server = http://b1.3gmimo.com/front/address.api
04-27 17:57:56.811 11672 11775 I aku     : [aku][5175][tid_6285](118)refreshFront server = http://117.135.167.84/front/address.api
04-27 17:57:56.811 11672 11729 I vl      : [vl][5175][tid_6263](73)[VTDDataHelper] simpleData = n.qk@2121c85d
04-27 17:57:56.811 11672 11729 D vl      : [vl][5176][tid_6263](61)data:file
04-27 17:57:56.811 11672 11729 I vl      : [vl][5176][tid_6263](73)[VTDDataHelper] simpleData = n.pl@3b5cd5d2
04-27 17:57:56.811 11672 11729 D vl      : [vl][5176][tid_6263](61)data:magazine_source_data
04-27 17:57:56.811 11672 11729 I vl      : [vl][5177][tid_6263](73)[VTDDataHelper] simpleData = n.rr@21936a3
04-27 17:57:56.811 11672 11729 D vl      : [vl][5177][tid_6263](61)data:file
04-27 17:57:56.811 11672 11729 I vl      : [vl][5177][tid_6263](73)[VTDDataHelper] simpleData = n.pl@38741da0
04-27 17:57:56.821 11672 11729 D vl      : [vl][5178][tid_6263](61)data:file
04-27 17:57:56.821 11672 11729 I vl      : [vl][5179][tid_6263](73)[VTDDataHelper] simpleData = n.pl@34378d59
04-27 17:57:56.821 11672 11729 D vl      : [vl][5180][tid_6263](61)data:magazine_conetent_data
04-27 17:57:56.821 11672 11729 I vl      : [vl][5180][tid_6263](73)[VTDDataHelper] simpleData = n.rp@148e7d1e
04-27 17:57:56.821 11672 11729 D vl      : [vl][5181][tid_6263](61)data:plugin
04-27 17:57:56.821 11672 11729 I vl      : [vl][5181][tid_6263](73)[VTDDataHelper] simpleData = n.qk@dfe99ff
04-27 17:57:56.821 11672 11729 D vl      : [vl][5186][tid_6263](61)data:file
04-27 17:57:56.821 11672 11775 W ams     : [ams][5186][tid_6285](52)create preferences name:userinfo
04-27 17:57:56.821 11672 11729 I vl      : [vl][5186][tid_6263](73)[VTDDataHelper] simpleData = n.pl@228d73cc
04-27 17:57:56.821 11672 11775 I ams     : [ams][5186][tid_6285](79)preference name:userinfo getString key:uid,value:null
04-27 17:57:56.821 11672 11729 D vl      : [vl][5186][tid_6263](61)data:magazine_source_data
04-27 17:57:56.821 11672 11775 I ami     : [ami][5187][tid_6285](22)realPackageName:com.vlife vlifePackageName:com.vlife
04-27 17:57:56.821 11672 11729 I vl      : [vl][5187][tid_6263](73)[VTDDataHelper] simpleData = n.rr@2b4aa615
04-27 17:57:56.821 11672 11729 D vl      : [vl][5187][tid_6263](61)data:file
04-27 17:57:56.821 11672 11729 I vl      : [vl][5187][tid_6263](73)[VTDDataHelper] simpleData = n.pl@36a14d2a
04-27 17:57:56.821 11672 11775 D aku     : [aku][5188][tid_6285](124)getFrontAddress ,url : http://b1.3gmimo.com/front/address.api?uid=&imei=355653050599015&model=HTC+801e&p=a&v=5&sv=6.135&az=android-2.1-pet
04-27 17:57:56.821 11672 11775 I ami     : [ami][5188][tid_6285](22)realPackageName:com.vlife vlifePackageName:com.vlife
04-27 17:57:56.831 11672 11729 D vl      : [vl][5189][tid_6263](61)data:file
04-27 17:57:56.831 11672 11729 I vl      : [vl][5189][tid_6263](73)[VTDDataHelper] simpleData = n.pl@acd71b
04-27 17:57:56.831 11672 11775 D agx     : [agx][5189][tid_6285](780)ThreadSafeClientConnManager init
04-27 17:57:56.831 11672 11729 D vl      : [vl][5189][tid_6263](61)data:magazine_conetent_data
04-27 17:57:56.831 11672 11729 I vl      : [vl][5190][tid_6263](73)[VTDDataHelper] simpleData = n.rp@293c8e91
04-27 17:57:56.831 11672 11775 D agx     : [agx][5190][tid_6285](780)ThreadSafeClientConnManager init
04-27 17:57:56.831 11672 11729 D vl      : [vl][5190][tid_6263](61)data:plugin
04-27 17:57:56.831 11672 11729 I vl      : [vl][5190][tid_6263](73)[VTDDataHelper] simpleData = n.qk@537c9f7
04-27 17:57:56.831 11672 11729 D vl      : [vl][5191][tid_6263](61)data:file
04-27 17:57:56.831 11672 11775 I aav     : [aav][5191][tid_6285](318)doExecute request=org.apache.http.client.methods.HttpGet@24547064
04-27 17:57:56.831 11672 11729 I vl      : [vl][5191][tid_6263](73)[VTDDataHelper] simpleData = n.pl@38a82cd
04-27 17:57:56.831 11672 11775 W ams     : [ams][5191][tid_6285](52)create preferences name:userinfo
04-27 17:57:56.831 11672 11729 D vl      : [vl][5191][tid_6263](61)data:magazine_source_data
04-27 17:57:56.831 11672 11729 I vl      : [vl][5192][tid_6263](73)[VTDDataHelper] simpleData = n.rr@2d625782
04-27 17:57:56.831 11672 11775 D libc    : [NET] android_getaddrinfofornet+,hn 13(0x62312e33676d69),sn(),hints(known),family 0,flags 4
04-27 17:57:56.831 11672 11775 D libc    : [NET] android_getaddrinfofornet-, err=8
04-27 17:57:56.831 11672 11729 D vl      : [vl][5192][tid_6263](61)data:file
04-27 17:57:56.831 11672 11775 D libc    : [NET] android_getaddrinfofornet+,hn 14(0x3131372e313335),sn(),hints(known),family 0,flags 4
04-27 17:57:56.831 11672 11775 D libc    : [NET] android_getaddrinfofornet-, SUCCESS
04-27 17:57:56.831 11672 11729 I vl      : [vl][5192][tid_6263](73)[VTDDataHelper] simpleData = n.pl@3e1a2ed0
04-27 17:57:56.831 11740 11740 D TaskServiceProvider: [TaskServiceProvider][257][tid_1](213)initVlifeTask VlifeTaskType=BootReceiverTask,vlifeTaskCreater=n.aaq@17280f44,isContains=false
04-27 17:57:56.831 11740 11740 D TaskServiceProvider: [TaskServiceProvider][258][tid_1](123)TaskServiceProvicer onCreate process=lockscreen
04-27 17:57:56.831 11672 11729 D vl      : [vl][5193][tid_6263](61)data:file
04-27 17:57:56.831 11740 11740 I ahj     : [ahj][258][tid_1](70)executor c:class java.util.concurrent.ThreadPoolExecutor task c:class com.handpet.component.service.TaskServiceProvider$4
04-27 17:57:56.831 11672 11729 I vl      : [vl][5194][tid_6263](73)[VTDDataHelper] simpleData = n.pl@30497ec9
04-27 17:57:56.831 11740 11740 I TaskServiceProvider: [TaskServiceProvider][259][tid_1](130)regTask : initFirstTime
04-27 17:57:56.831 11672 11729 I vg      : [vg][5195][tid_6263](40)parser file path : software/magazine_content_list_by_source_zh_CN.xml use time:427
04-27 17:57:56.831 11740 11740 I ami     : [ami][259][tid_1](22)realPackageName:com.vlife vlifePackageName:com.vlife
04-27 17:57:56.831 11672 11729 D DocumentProvider: [DocumentProvider][5195][tid_6263](135)parser key:magazine_content_list_by_source_zh_CN use time:427,path=software/magazine_content_list_by_source_zh_CN.xml,n.ud@1ecb09a5
04-27 17:57:56.831 11740 11740 I ApplicationStatus: [ApplicationStatus][259][tid_1](362)isSameProcessType main_page lockscreen false
04-27 17:57:56.831 11672 11729 I MagazineCommonProvider: [MagazineCommonProvider][5195][tid_6263](392)[magazineData] [MagazineCommonProvider] saveMagazineContentDataIntoDb contentDatas.size() = 4
04-27 17:57:56.831 11740 11740 I ApplicationStatus: [ApplicationStatus][260][tid_1](367)isSameProcessType main_page lockscreen false
04-27 17:57:56.831 11740 11740 I ami     : [ami][260][tid_1](22)realPackageName:com.vlife vlifePackageName:com.vlife
04-27 17:57:56.831 11740 11740 D TaskServiceProvider: [TaskServiceProvider][262][tid_1](213)initVlifeTask VlifeTaskType=plugin_update,vlifeTaskCreater=n.azl@1d814162,isContains=false
04-27 17:57:56.841 11740 11778 W ams     : [ams][270][tid_6259](52)create preferences name:timing_network_preference
04-27 17:57:56.841 11740 11740 I ahj     : [ahj][270][tid_1](70)executor c:class java.util.concurrent.ThreadPoolExecutor task c:class com.handpet.component.service.TaskServiceProvider$5
04-27 17:57:56.841 11740 11740 I amg     : [amg][273][tid_1](201)Application module init use time name:com.handpet.component.service.TaskServiceProvider@216bd0b9 time:17ms
04-27 17:57:56.851 11740 11740 D zw      : [zw][274][tid_1](57)[CrashHandler] inti.
04-27 17:57:56.851 11740 11780 I TaskServiceProvider: [TaskServiceProvider][275][tid_6261](420)regTaskReal taskName=plugin_update
04-27 17:57:56.851 11740 11780 W ams     : [ams][275][tid_6261](52)create preferences name:timing_network_preference
04-27 17:57:56.851 11740 11780 D ams     : [ams][282][tid_6261](99)preference:android.app.SharedPreferencesImpl@1338dbb0 putBooleanAndCommit name:timing_network_preference key:timer_reg_tag_plugin_update value:true
04-27 17:57:56.851 11740 11780 W ams     : [ams][283][tid_6261](104)timing_network_preference putBoolean timer_reg_tag_plugin_update
04-27 17:57:56.861 11740 11740 I zw      : [zw][283][tid_1](132)init crash handler
04-27 17:57:56.861 11740 11780 I TaskServiceProvider: [TaskServiceProvider][284][tid_6261](436)task has started plugin_update
04-27 17:57:56.861 11740 11740 I StatisticsProvider: [StatisticsProvider][283][tid_1](360)[statistics_test] UninstallFileObserver dir : /data/data/com.vlife
04-27 17:57:56.861 11740 11740 I amg     : [amg][285][tid_1](201)Application module init use time name:com.vlife.common.lib.data.stat.StatisticsProvider@3c966cfe time:12ms
04-27 17:57:56.861 11740 11740 I amg     : [amg][286][tid_1](201)Application module init use time name:com.handpet.component.document.DocumentProvider@2bb5fc5f time:0ms
04-27 17:57:56.861 11740 11740 I amg     : [amg][286][tid_1](201)Application module init use time name:com.handpet.component.database.DatabaseProvider@1fdb96ac time:0ms
04-27 17:57:56.861 11740 11781 D StatisticsProvider: [StatisticsProvider][287][tid_6262](405)[statistics_test] daemon Thread running. UninstallFileObserver dir : /data/data/com.vlife
04-27 17:57:56.861 11740 11781 W ams     : [ams][287][tid_6262](52)create preferences name:important_ua
04-27 17:57:56.861 11740 11740 D ams     : [ams][288][tid_1](54)create preferences name:front_address_6138
04-27 17:57:56.861 11740 11740 I ServerProvider: [ServerProvider][289][tid_1](44)onCreate
04-27 17:57:56.861 11740 11781 W ams     : [ams][290][tid_6262](52)create preferences name:ua_level
04-27 17:57:56.861 11740 11740 I ahj     : [ahj][290][tid_1](70)executor c:class java.util.concurrent.ThreadPoolExecutor task c:class com.vlife.framework.connection.ServerProvider$1
04-27 17:57:56.861 11740 11768 W ams     : [ams][291][tid_6252](52)create preferences name:userinfo
04-27 17:57:56.861 11740 11740 I amg     : [amg][291][tid_1](201)Application module init use time name:com.vlife.framework.connection.ServerProvider@2d6fbf75 time:4ms
04-27 17:57:56.861 11740 11768 I ams     : [ams][292][tid_6252](79)preference name:userinfo getString key:last_day,value:20170427
04-27 17:57:56.871 11672 11672 D AbstractApplication: [AbstractApplication][5222][tid_1](190)getPackageManager
04-27 17:57:56.871 11672 11672 I WebViewFactory: Loading com.google.android.webview version 37 (1602158-arm) (code 111201)
04-27 17:57:56.891 11672 11729 D aqi     : [aqi][5253][tid_6263](147)[trans_test] onCreate
04-27 17:57:56.891 11740 11781 D GoogleStatisticsProvider: [GoogleStatisticsProvider][322][tid_6262](40)[google_statistics] [onCreate]
04-27 17:57:56.891   743   997 E WifiStateMachine: handleMessage: E msg.what=131155
04-27 17:57:56.891   743   997 E WifiStateMachine: processMsg: ConnectedState
04-27 17:57:56.901   743   997 E WifiStateMachine:  ConnectedState !CMD_RSSI_POLL 40 0 "360免费WiFi-B5" 24:05:0f:3f:ac:b5 rssi=-28 f=2437 sc=60 link=72 tx=1.4, 0.0, 0.0  rx=0.0 bcn=0 [on:0 tx:0 rx:0 period:3003] from screen [on:0 period:-1361542099] gl hn u24 rssi=-23 ag=0 hr ls-=0 [56,56,56,56,61] brc=0 lrc=0
04-27 17:57:56.901   743   997 E WifiStateMachine: processMsg: L2ConnectedState
04-27 17:57:56.901   743   997 E WifiStateMachine:  L2ConnectedState !CMD_RSSI_POLL 40 0 "360免费WiFi-B5" 24:05:0f:3f:ac:b5 rssi=-28 f=2437 sc=60 link=72 tx=1.4, 0.0, 0.0  rx=0.0 bcn=0 [on:0 tx:0 rx:0 period:2] from screen [on:0 period:-1361542097] gl hn u24 rssi=-23 ag=0 hr ls-=0 [56,56,56,56,61] brc=0 lrc=0
04-27 17:57:56.901   743   997 E WifiStateMachine:  get link layer stats 0
04-27 17:57:56.901   743   997 W WifiHW  : QCOM Debug wifi_send_command "IFNAME=wlan0 SIGNAL_POLL"
04-27 17:57:56.901 11672 11672 I LibraryLoader: Loading: webviewchromium
04-27 17:57:56.901   743   997 E WifiStateMachine: fetchRssiLinkSpeedAndFrequencyNative RSSI = -29 abnormalRssiCnt = 0 newLinkSpeed = 72
04-27 17:57:56.901   743   997 E WifiStateMachine: fetchRssiLinkSpeedAndFrequencyNative rssi=-29 linkspeed=72
04-27 17:57:56.901   743   997 E WifiConfigStore: updateConfiguration freq=2437 BSSID=24:05:0f:3f:ac:b5 RSSI=-27 "360免费WiFi-B5"WPA_PSK
04-27 17:57:56.901   743   997 E WifiStateMachine: calculateWifiScore freq=2437 speed=72 score=60 highRSSI  -> txbadrate=0.00 txgoodrate=10.18 txretriesrate=0.00 rxrate=6.50 userTriggerdPenalty0
04-27 17:57:56.901   743   997 E WifiStateMachine:  good link -> stuck count =0
04-27 17:57:56.901   743   997 E WifiStateMachine:  badRSSI count0 lowRSSI count0 --> score 60
04-27 17:57:56.901   743   997 E WifiStateMachine:  isHighRSSI       ---> score=65
04-27 17:57:56.901   743  1012 D WifiWatchdogStateMachine: RSSI current: 3 new: -29, 3
04-27 17:57:56.911   743   997 E WifiStateMachine: handleMessage: X
04-27 17:57:56.911 11672 11729 I aqf     : [aqf][5269][tid_6263](723)[MagazineContentDatabase] insertOrUpdateList() id = 17,name = 天池冬韵,title = 天池冬韵,content = 天池那湛蓝的湖水,雪白的群峰,密立的杉林,都显示着它的深沉、高雅、端庄与幽静。,type = static,source = 微乐旅游 ,file = wallpaper/magazine/20160112/1452585637_JgVwud.jpg.pet,dynamic_file = null
04-27 17:57:56.911 11672 11729 I aqp     : [aqp][5271][tid_6263](33)[JsonUtil] toJson(SimpleData) return = <beans xmlns="http://www.handpet.com/config/beans" version="1.0"><bean name="magazine_source_data"><property name="i" value="4"/><property name="n" value="微乐旅游"/><property name="p"><bean name="file"><property name="hash" value="de7976829537f619cfe1280e099520b7"/><property name="path" value="f/source/20160616/1466064086_tQxXMW.jpg.pet"/><property name="length" value="66851"/></bean></property><property name="e" value="0"/><property name="ds" value="1"/></bean></beans>
04-27 17:57:56.911 11672 11729 I aqp     : [aqp][5271][tid_6263](33)[JsonUtil] toJson(SimpleData) return = 
04-27 17:57:56.911 11672 11729 I aqp     : [aqp][5272][tid_6263](49)[JsonUtil] toJson(Map<String,String>) return = {}
04-27 17:57:56.911 11672 11729 I aqp     : [aqp][5272][tid_6263](33)[JsonUtil] toJson(SimpleData) return = <beans xmlns="http://www.handpet.com/config/beans" version="1.0"><bean name="file"><property name="hash" value="6fe540f9dcba75d263c7c28c69b0e9b0"/><property name="path" value="wallpaper/magazine/20160112/1452585637_JgVwud.jpg.pet"/><property name="length" value="1038481"/></bean></beans>
04-27 17:57:56.911 11672 11729 I aqp     : [aqp][5272][tid_6263](33)[JsonUtil] toJson(SimpleData) return = 
04-27 17:57:56.911 11672 11729 I aqp     : [aqp][5273][tid_6263](33)[JsonUtil] toJson(SimpleData) return = <beans xmlns="http://www.handpet.com/config/beans" version="1.0"><bean name="plugin"><property name="network" value="0"/><property name="packageName" value="com.vlife.plugin.card.engine"/><property name="version" value="0"/><property name="file"><bean name="file"/></property></bean></beans>
04-27 17:57:56.911 11672 11729 D aqf     : [aqf][5273][tid_6263](355)[AbstractVlifeMagazineMockViewaq] magazineContentData.getDetail_title():null
04-27 17:57:56.911 11672 11729 W aqf     : [aqf][5273][tid_6263](78)db provider insert:_jump_map={} _custom=0 _stat_url_click= _time_start=1466409600000 _favorite=0 _type=static _name=天池冬韵 _detail_color=null _id=17 _file=<beans xmlns="http://www.handpet.com/config/beans" version="1.0"><bean name="file"><property name="hash" value="6fe540f9dcba75d263c7c28c69b0e9b0"/><property name="path" value="wallpaper/magazine/20160112/1452585637_JgVwud.jpg.pet"/><property name="length" value="1038481"/></bean></beans> _create_time=1493287076922 _source_data=<beans xmlns="http://www.handpet.com/config/beans" version="1.0"><bean name="magazine_source_data"><property name="i" value="4"/><property name="n" value="微乐旅游"/><property name="p"><bean name="file"><property name="hash" value="de7976829537f619cfe1280e099520b7"/><property name="path" value="f/source/20160616/1466064086_tQxXMW.jpg.pet"/><property name="length" value="66851"/></bean></property><property name="e" value="0"/><property name="ds" value="1"/></bean></beans> _exist=null _delete=0 _download_data= _shown_num=0 _sequence=4 _ad=0 _title=天池冬韵 _main_plugin=<beans xmlns="http://www.handpet.com/config/beans" version="1.0"><bean name="plugin"><property name="network" value="0"/><property name="packageName" value="com.vlife.plugin.card.engine"/><property name="version" value="0"/><property name="file"><bean name="file"/></property></bean></beans> _update_time=1493287076922 _dynamic_file= _source=微乐旅游 _label_list=null _download_key=wallpaper/magazine/20160112/1452585637_JgVwud.jpg.pet _stat_url_show= _content=天池那湛蓝的湖水,雪白的群峰,密立的杉林,都显示着它的深沉、高雅、端庄与幽静。 _detail_title=null _time_end=1466413200000
04-27 17:57:56.911 11672 11729 D aqf     : [aqf][5275][tid_6263](737)[insertBatch] [insert one, id : 17]
04-27 17:57:56.911 11672 11729 I aqf     : [aqf][5275][tid_6263](723)[MagazineContentDatabase] insertOrUpdateList() id = 16,name = 守护,title = 守护,content = 大海说：每一个人的心中，都会有一份美好。而，生命的美，便是坚守好这份美好，守护好这份美好。,type = static,source = 微乐旅游 ,file = wallpaper/magazine/20160112/1452581228_OYAzis.jpg.pet,dynamic_file = null
04-27 17:57:56.911 11672 11729 I aqp     : [aqp][5276][tid_6263](33)[JsonUtil] toJson(SimpleData) return = <beans xmlns="http://www.handpet.com/config/beans" version="1.0"><bean name="magazine_source_data"><property name="i" value="4"/><property name="n" value="微乐旅游"/><property name="p"><bean name="file"><property name="hash" value="de7976829537f619cfe1280e099520b7"/><property name="path" value="f/source/20160616/1466064086_tQxXMW.jpg.pet"/><property name="length" value="66851"/></bean></property><property name="e" value="0"/><property name="ds" value="1"/></bean></beans>
04-27 17:57:56.911 11672 11729 I aqp     : [aqp][5276][tid_6263](33)[JsonUtil] toJson(SimpleData) return = 
04-27 17:57:56.911 11672 11729 I aqp     : [aqp][5276][tid_6263](49)[JsonUtil] toJson(Map<String,String>) return = {}
04-27 17:57:56.911 11672 11729 I aqp     : [aqp][5277][tid_6263](33)[JsonUtil] toJson(SimpleData) return = <beans xmlns="http://www.handpet.com/config/beans" version="1.0"><bean name="file"><property name="hash" value="aac3c2c99152514f8b84c0b6f0f9cc79"/><property name="path" value="wallpaper/magazine/20160112/1452581228_OYAzis.jpg.pet"/><property name="length" value="401828"/></bean></beans>
04-27 17:57:56.911 11740 11781 I GAv4    : Google Analytics 10.0.84 is starting up. To enable debug logging on a device run:
04-27 17:57:56.911 11740 11781 I GAv4    :   adb shell setprop log.tag.GAv4 DEBUG
04-27 17:57:56.911 11740 11781 I GAv4    :   adb logcat -s GAv4
04-27 17:57:56.911 11672 11729 I aqp     : [aqp][5277][tid_6263](33)[JsonUtil] toJson(SimpleData) return = 
04-27 17:57:56.911 11672 11729 I aqp     : [aqp][5278][tid_6263](33)[JsonUtil] toJson(SimpleData) return = <beans xmlns="http://www.handpet.com/config/beans" version="1.0"><bean name="plugin"><property name="network" value="0"/><property name="packageName" value="com.vlife.plugin.card.engine"/><property name="version" value="0"/><property name="file"><bean name="file"/></property></bean></beans>
04-27 17:57:56.911 11672 11729 D aqf     : [aqf][5278][tid_6263](355)[AbstractVlifeMagazineMockViewaq] magazineContentData.getDetail_title():null
04-27 17:57:56.921 11740 11781 D AbstractApplication: [AbstractApplication][343][tid_6262](190)getPackageManager
04-27 17:57:56.921 11672 11729 W aqf     : [aqf][5278][tid_6263](78)db provider insert:_jump_map={} _custom=0 _stat_url_click= _time_start=1466409600000 _favorite=0 _type=static _name=守护 _detail_color=null _id=16 _file=<beans xmlns="http://www.handpet.com/config/beans" version="1.0"><bean name="file"><property name="hash" value="aac3c2c99152514f8b84c0b6f0f9cc79"/><property name="path" value="wallpaper/magazine/20160112/1452581228_OYAzis.jpg.pet"/><property name="length" value="401828"/></bean></beans> _create_time=1493287076927 _source_data=<beans xmlns="http://www.handpet.com/config/beans" version="1.0"><bean name="magazine_source_data"><property name="i" value="4"/><property name="n" value="微乐旅游"/><property name="p"><bean name="file"><property name="hash" value="de7976829537f619cfe1280e099520b7"/><property name="path" value="f/source/20160616/1466064086_tQxXMW.jpg.pet"/><property name="length" value="66851"/></bean></property><property name="e" value="0"/><property name="ds" value="1"/></bean></beans> _exist=null _delete=0 _download_data= _shown_num=0 _sequence=3 _ad=0 _title=守护 _main_plugin=<beans xmlns="http://www.handpet.com/config/beans" version="1.0"><bean name="plugin"><property name="network" value="0"/><property name="packageName" value="com.vlife.plugin.card.engine"/><property name="version" value="0"/><property name="file"><bean name="file"/></property></bean></beans> _update_time=1493287076927 _dynamic_file= _source=微乐旅游 _label_list=null _download_key=wallpaper/magazine/20160112/1452581228_OYAzis.jpg.pet _stat_url_show= _content=大海说：每一个人的心中，都会有一份美好。而，生命的美，便是坚守好这份美好，守护好这份美好。 _detail_title=null _time_end=1466413200000
04-27 17:57:56.921 11672 11729 D aqf     : [aqf][5283][tid_6263](737)[insertBatch] [insert one, id : 16]
04-27 17:57:56.921 11672 11729 I aqf     : [aqf][5283][tid_6263](723)[MagazineContentDatabase] insertOrUpdateList() id = 15,name = 泉,title = 泉,content = 山间有泉，汩汩流出，沿山岩飞流直下，形成飞瀑，宛如玉带轻飘，明珠四溅，演奏着一曲天然交响乐。,type = static,source = 微乐旅游 ,file = wallpaper/magazine/20160112/1452581227_VshmQo.jpg.pet,dynamic_file = null
04-27 17:57:56.921 11672 11729 I aqp     : [aqp][5284][tid_6263](33)[JsonUtil] toJson(SimpleData) return = <beans xmlns="http://www.handpet.com/config/beans" version="1.0"><bean name="magazine_source_data"><property name="i" value="4"/><property name="n" value="微乐旅游"/><property name="p"><bean name="file"><property name="hash" value="de7976829537f619cfe1280e099520b7"/><property name="path" value="f/source/20160616/1466064086_tQxXMW.jpg.pet"/><property name="length" value="66851"/></bean></property><property name="e" value="0"/><property name="ds" value="1"/></bean></beans>
04-27 17:57:56.921 11672 11672 I LibraryLoader: Time to load native libraries: 22 ms (timestamps 1983-2005)
04-27 17:57:56.921 11672 11672 I LibraryLoader: Expected native library version number "",actual native library version number ""
04-27 17:57:56.921 11672 11729 I aqp     : [aqp][5284][tid_6263](33)[JsonUtil] toJson(SimpleData) return = 
04-27 17:57:56.921 11672 11729 I aqp     : [aqp][5284][tid_6263](49)[JsonUtil] toJson(Map<String,String>) return = {}
04-27 17:57:56.921 11740 11781 W GAv4    : String xml configuration name not recognized: ga_trackingId
04-27 17:57:56.921 11672 11729 I aqp     : [aqp][5285][tid_6263](33)[JsonUtil] toJson(SimpleData) return = <beans xmlns="http://www.handpet.com/config/beans" version="1.0"><bean name="file"><property name="hash" value="d731be9c208cc3888c73d0f80d9a8fb5"/><property name="path" value="wallpaper/magazine/20160112/1452581227_VshmQo.jpg.pet"/><property name="length" value="349747"/></bean></beans>
04-27 17:57:56.921 11672 11729 I aqp     : [aqp][5287][tid_6263](33)[JsonUtil] toJson(SimpleData) return = 
04-27 17:57:56.921 11672 11729 I aqp     : [aqp][5288][tid_6263](33)[JsonUtil] toJson(SimpleData) return = <beans xmlns="http://www.handpet.com/config/beans" version="1.0"><bean name="plugin"><property name="network" value="0"/><property name="packageName" value="com.vlife.plugin.card.engine"/><property name="version" value="0"/><property name="file"><bean name="file"/></property></bean></beans>
04-27 17:57:56.931 11672 11729 D aqf     : [aqf][5288][tid_6263](355)[AbstractVlifeMagazineMockViewaq] magazineContentData.getDetail_title():null
04-27 17:57:56.931 11672 11729 W aqf     : [aqf][5289][tid_6263](78)db provider insert:_jump_map={} _custom=0 _stat_url_click= _time_start=1466409600000 _favorite=0 _type=static _name=泉 _detail_color=null _id=15 _file=<beans xmlns="http://www.handpet.com/config/beans" version="1.0"><bean name="file"><property name="hash" value="d731be9c208cc3888c73d0f80d9a8fb5"/><property name="path" value="wallpaper/magazine/20160112/1452581227_VshmQo.jpg.pet"/><property name="length" value="349747"/></bean></beans> _create_time=1493287076938 _source_data=<beans xmlns="http://www.handpet.com/config/beans" version="1.0"><bean name="magazine_source_data"><property name="i" value="4"/><property name="n" value="微乐旅游"/><property name="p"><bean name="file"><property name="hash" value="de7976829537f619cfe1280e099520b7"/><property name="path" value="f/source/20160616/1466064086_tQxXMW.jpg.pet"/><property name="length" value="66851"/></bean></property><property name="e" value="0"/><property name="ds" value="1"/></bean></beans> _exist=null _delete=0 _download_data= _shown_num=0 _sequence=2 _ad=0 _title=泉 _main_plugin=<beans xmlns="http://www.handpet.com/config/beans" version="1.0"><bean name="plugin"><property name="network" value="0"/><property name="packageName" value="com.vlife.plugin.card.engine"/><property name="version" value="0"/><property name="file"><bean name="file"/></property></bean></beans> _update_time=1493287076938 _dynamic_file= _source=微乐旅游 _label_list=null _download_key=wallpaper/magazine/20160112/1452581227_VshmQo.jpg.pet _stat_url_show= _content=山间有泉，汩汩流出，沿山岩飞流直下，形成飞瀑，宛如玉带轻飘，明珠四溅，演奏着一曲天然交响乐。 _detail_title=null _time_end=1466413200000
04-27 17:57:56.931 11672 11729 D aqf     : [aqf][5290][tid_6263](737)[insertBatch] [insert one, id : 15]
04-27 17:57:56.931 11672 11729 I aqf     : [aqf][5290][tid_6263](723)[MagazineContentDatabase] insertOrUpdateList() id = 14,name = 冰川,title = 冰川,content = 说它是最美丽的冰川是因为与雄伟壮观的卡瓦格博峰连为一体，一年四季云雾缭绕.。,type = static,source = 微乐旅游 ,file = wallpaper/magazine/20160112/1452581227_M54f5K.jpg.pet,dynamic_file = null
04-27 17:57:56.931 11672 11729 I aqp     : [aqp][5291][tid_6263](33)[JsonUtil] toJson(SimpleData) return = <beans xmlns="http://www.handpet.com/config/beans" version="1.0"><bean name="magazine_source_data"><property name="i" value="4"/><property name="n" value="微乐旅游"/><property name="p"><bean name="file"><property name="hash" value="de7976829537f619cfe1280e099520b7"/><property name="path" value="f/source/20160616/1466064086_tQxXMW.jpg.pet"/><property name="length" value="66851"/></bean></property><property name="e" value="0"/><property name="ds" value="1"/></bean></beans>
04-27 17:57:56.931 11672 11729 I aqp     : [aqp][5291][tid_6263](33)[JsonUtil] toJson(SimpleData) return = 
04-27 17:57:56.931 11740 11740 D DatabaseProvider: [DatabaseProvider][357][tid_1](254)[dbHelperClass:class n.aqg]
04-27 17:57:56.941 11740 11740 I DatabaseProvider: [DatabaseProvider][363][tid_1](265)database init db:n.aqg@47cbb4f
04-27 17:57:56.941 11740 11740 I ami     : [ami][364][tid_1](22)realPackageName:com.vlife vlifePackageName:com.vlife
04-27 17:57:56.941 11740 11740 I ApplicationStatus: [ApplicationStatus][364][tid_1](362)isSameProcessType main_page lockscreen false
04-27 17:57:56.941 11740 11740 I ApplicationStatus: [ApplicationStatus][365][tid_1](367)isSameProcessType main_page lockscreen false
04-27 17:57:56.941 11740 11740 D TaskServiceProvider: [TaskServiceProvider][366][tid_1](213)initVlifeTask VlifeTaskType=magazine_update,vlifeTaskCreater=n.apd@184802dc,isContains=false
04-27 17:57:56.941 11740 11740 I ahj     : [ahj][366][tid_1](70)executor c:class java.util.concurrent.ThreadPoolExecutor task c:class com.handpet.component.service.TaskServiceProvider$5
04-27 17:57:56.941 11740 11778 I TaskServiceProvider: [TaskServiceProvider][367][tid_6259](420)regTaskReal taskName=magazine_update
04-27 17:57:56.941 11740 11778 W ams     : [ams][368][tid_6259](52)create preferences name:timing_network_preference
04-27 17:57:56.941 11740 11740 D MagazineCommunicationOnline: [MagazineCommunicationOnline][368][tid_1](67)[magazine_communication_online] registerReceiver
04-27 17:57:56.941 11740 11778 D ams     : [ams][368][tid_6259](99)preference:android.app.SharedPreferencesImpl@1338dbb0 putBooleanAndCommit name:timing_network_preference key:timer_reg_tag_magazine_update value:true
04-27 17:57:56.941 11740 11740 D MagazineCommunicationOnline: [MagazineCommunicationOnline][369][tid_1](69)[magazine_communication_online] [register] new object
04-27 17:57:56.941 11672 11729 I aqp     : [aqp][5291][tid_6263](49)[JsonUtil] toJson(Map<String,String>) return = {}
04-27 17:57:56.941 11740 11778 W ams     : [ams][369][tid_6259](104)timing_network_preference putBoolean timer_reg_tag_magazine_update
04-27 17:57:56.941 11672 11729 I aqp     : [aqp][5305][tid_6263](33)[JsonUtil] toJson(SimpleData) return = <beans xmlns="http://www.handpet.com/config/beans" version="1.0"><bean name="file"><property name="hash" value="1a27ff54e87844cc7d7295acbef0065a"/><property name="path" value="wallpaper/magazine/20160112/1452581227_M54f5K.jpg.pet"/><property name="length" value="641580"/></bean></beans>
04-27 17:57:56.941 11672 11729 I aqp     : [aqp][5305][tid_6263](33)[JsonUtil] toJson(SimpleData) return = 
