04-27 17:58:00.985 11672 11823 D aky     : [aky][9344][tid_6306](69)xml:<beans xmlns="http://www.handpet.com/config/beans" version="1.0"><bean name="simple_magazine_source_type_list_protocol"><property name="st" value="1,1474874692631;2,1474874649479;3,1474874729357;4,1481858169860;5,1487903144642;6,1490342442514;7,1461140227146;8,1481858140946;9,1481858135779;10,1481858129947;11,1481858125179;12,1481858107144;13,1481858154052;"/><property name="stl"><list><bean name="magazine_source_type_data"><property name="sl"><list><bean name="magazine_source_data"><property name="e" value="0"/><property name="s" value="1"/><property name="description" value="漾美"/><property name="p"><bean name="file"><property name="hash" value="e43d68d62848dcc3e3df607f73402f5f"/><property name="length" value="139876"/><property name="path" value="wallpaper/source/20160302/1456894879_Gmns0H.jpg.pet"/></bean></property><property name="n" value="漾美"/><property name="ds" value="1"/><property name="i" value="18"/></bean><bean name="magazine_source_data"><property name="e" value="0"/><property name="s" value="1"/><property name="description" value="时尚"/><property name="p"><bean name="file"><property name="hash" value="52c19a1c32880a5052ed7f300c26bd28"/><property name="length" value="118865"/><property name="path" value="wallpaper/source/20160407/1460024060_Muv9xA.jpg.pet"/></bean></property><property name="n" value="时尚"/><property name="ds" value="1"/><property name="i" value="23"/></bean></list></property><property name="e" value="1"/><property name="s" value="3"/><property name="n" value="时尚"/><property name="i" value="1"/></bean><bean name="magazine_source_type_data"><property name="sl"><list><bean name="magazine_source_data"><property name="e" value="0"/><property name="s" value="1"/><property name="description" value="旅行"/><property name="p"><bean name="file"><property name="hash" value="8f7c47104ae7d48fd188a426d60600b3"/><property name="length" value="174334"/><property name="path" value="wallpaper/source/20160407/1460023972_1XuDu5.jpg.pet"/></bean></property><property name="n" value="旅行"/><property name="ds" value="1"/><property name="i" value="21"/></bean></list></property><property name="e" value="1"/><property name="s" value="1"/><property name="n" value="旅游"/><property name="i" value="2"/></bean><bean name="magazine_source_type_data"><property name="sl"><list><bean name="magazine_source_data"><property name="e" value="0"/><property name="s" value="1"/><property name="description" value="汽车"/><property name="p"><bean name="file"><property name="hash" value="646107cfbefb1d3084a395abbeadc152"/><property name="length" value="150774"/><property name="path" value="wallpaper/source/20160407/1460024092_UzstO8.jpg.pet"/></bean></property><property name="n" value="汽车"/><property name="ds" value="1"/><property name="i" value="24"/></bean></list></property><property name="e" value="1"/><property name="s" value="2"/><property name="n" value="汽车"/><property name="i" value="3"/></bean><bean name="magazine_source_type_data"><property name="sl"><list><bean name="magazine_source_data"><property name="e" value="0"/><property name="s" value="1"/><property name="description" value="生活"/><property name="p"><bean name="file"><property name="hash" value="d913d6571ffe537ec3904077cd1c803f"/><property name="length" value="148485"/><property name="path" value="wallpaper/source/20160407/1460024020_oeMntc.jpg.pet"/></bean></property><property name="n" value="生活"/><property name="ds" value="1"/><property name="i" value="22"/></bean></list></property><property name="e" value="0"/><property name="s" value="0"/><property name="n" value="生活"/><property name="i" value="4"/></bean><bean name="magazine_source_type_data"><property name="sl"><list><bean name="magazine_source_data"><property name="e" value="0"/><property name="s" value="4"/><property name="description" value="时尚芭莎"/><property name="p"><bean name="file"><property name="hash" value="bad6270ccfdd68cdb3cbd40cde9f0c02"/><property name="length" value="159662"/><property name="
04-27 17:58:00.985 11672 11732 I StatisticsProvider: [StatisticsProvider][9347][tid_6266](466)[statistics_test] create packet xml : <item ua_action="panel" ua_event="request_result" ua_time="1493287080893" ua_process="main_page" index="11" />
04-27 17:58:00.975 11672 11857 D TaskServiceProvider: [TaskServiceProvider][9336][tid_6324](248)Bundle=Bundle[mParcelledData.dataSize=108] taskType=handle_push_message
04-27 17:58:00.985 11672 11857 D TaskServiceProvider: [TaskServiceProvider][9348][tid_6324](252)getVlifeTask vlifeTask=n.aiv@1ef1e567
04-27 17:58:00.985 11672 11857 I TaskServiceProvider: [TaskServiceProvider][9348][tid_6324](346)[VlifeTaskService]  TaskRunnable  running task : handle_push_message ,delay : 0, cycle : 0 
04-27 17:58:00.985 11672 11857 I TaskServiceProvider: [TaskServiceProvider][9348][tid_6324](371)[VlifeTaskService]  executing  task : handle_push_message 
04-27 17:58:00.985 11672 11857 I aiv     : [aiv][9348][tid_6324](96)[PushMessageListener] running
04-27 17:58:00.995 11672 11857 W ams     : [ams][9348][tid_6324](52)create preferences name:userinfo
04-27 17:58:00.995 11672 11857 I ams     : [ams][9349][tid_6324](79)preference name:userinfo getString key:uid,value:3337988376194091
04-27 17:58:00.975 11672 11855 D TaskServiceProvider: [TaskServiceProvider][9333][tid_6322](248)Bundle=Bundle[mParcelledData.dataSize=108] taskType=handle_push_message
04-27 17:58:00.975 11672 11731 I wf      : [wf][9337][tid_6265](72)[downloadAll] isDownloading:false
04-27 17:58:00.995 11672 11731 I PushProvider: [PushProvider][9349][tid_6265](175)getContentHandler pushContentType = window
04-27 17:58:00.995 11672 11731 W aik     : [aik][9350][tid_6265](85)db provider query:content://vlife/content
04-27 17:58:00.995 11672 11855 D TaskServiceProvider: [TaskServiceProvider][9352][tid_6322](252)getVlifeTask vlifeTask=n.aiv@358e3f14
04-27 17:58:00.995 11672 11855 I TaskServiceProvider: [TaskServiceProvider][9352][tid_6322](346)[VlifeTaskService]  TaskRunnable  running task : handle_push_message ,delay : 0, cycle : 0 
04-27 17:58:00.995 11672 11855 I TaskServiceProvider: [TaskServiceProvider][9353][tid_6322](371)[VlifeTaskService]  executing  task : handle_push_message 
04-27 17:58:00.995 11672 11855 I aiv     : [aiv][9353][tid_6322](96)[PushMessageListener] running
04-27 17:58:00.995 11672 11855 W ams     : [ams][9353][tid_6322](52)create preferences name:userinfo
04-27 17:58:00.995 11672 11855 I ams     : [ams][9353][tid_6322](79)preference name:userinfo getString key:uid,value:3337988376194091
04-27 17:58:00.995 11672 11857 D agx     : [agx][9349][tid_6324](409)[StatusUtil] refreshData context:com.magazine.online.HandpetApplication@2b085281
04-27 17:58:00.995 11672 11857 D GoogleStatisticsProvider: [GoogleStatisticsProvider][9355][tid_6324](129)[google_statistics] [statistics] final [event:request_result] [action:local_comment] [id:empty_null] [uid:3337988376194091] [channelId:101] [all:2017-04-27 17:58:01, channelId=101, uid=3337988376194091, version=6.135] [version:6.135]
04-27 17:58:00.995 11672 11857 I aiv     : [aiv][9355][tid_6324](102)push type local_comment
04-27 17:58:00.995 11672 11857 I PushProvider: [PushProvider][9355][tid_6324](175)getContentHandler pushContentType = local_comment
04-27 17:58:00.995 11672 11857 W PushProvider: [PushProvider][9355][tid_6324](180)contentHandler is null, take a attention if needed!
04-27 17:58:00.995 11672 11857 D aiv     : [aiv][9355][tid_6324](129)!!!!pushContentType:local_comment,contentHandler:n.aix@24123bd
04-27 17:58:00.995 11672 11857 I aiv     : [aiv][9356][tid_6324](70)[PushMessageListener] call type : local_comment ; result : false
04-27 17:58:00.995 11672 11857 I TaskServiceProvider: [TaskServiceProvider][9356][tid_6324](373)[VlifeTaskService]  end  task : handle_push_message
04-27 17:58:00.995 11672 11857 D wt      : [wt][9356][tid_6324](48)TaskSignalQueue-remove n.ws@c491d5a
04-27 17:58:00.995 11672 11855 D agx     : [agx][9357][tid_6322](409)[StatusUtil] refreshData context:com.magazine.online.HandpetApplication@2b085281
04-27 17:58:00.995 11672 11855 D GoogleStatisticsProvider: [GoogleStatisticsProvider][9358][tid_6322](129)[google_statistics] [statistics] final [event:request_result] [action:ana_important] [id:empty_null] [uid:3337988376194091] [channelId:101] [all:2017-04-27 17:58:01, channelId=101, uid=3337988376194091, version=6.135] [version:6.135]
04-27 17:58:00.995 11672 11855 I aiv     : [aiv][9358][tid_6322](102)push type ana_important
04-27 17:58:00.995 11672 11855 D aiv     : [aiv][9358][tid_6322](276)[updateImportantUa]
04-27 17:58:01.005 11672 11775 I alc     : [alc][9359][tid_6285](43)http send thread run
04-27 17:58:01.005 11672 11775 D alg     : [alg][9360][tid_6285](72)waiting list Condition signal heartIndex:0 waitTime:2
04-27 17:58:01.005 11672 11775 I alc     : [alc][9360][tid_6285](46)http send list:[n.aky@50c707f, n.aky@3d967149]
04-27 17:58:01.005 11672 11855 I ServerProvider: [ServerProvider][9360][tid_6322](123)toQuery n.abx@2fcdfdb2
04-27 17:58:01.005 11672 11855 W ams     : [ams][9360][tid_6322](52)create preferences name:userinfo
04-27 17:58:01.005 11672 11775 I akt     : [akt][9360][tid_6285](75)create segment class n.aky use time:183us
04-27 17:58:01.005 11672 11855 D alf     : [alf][9360][tid_6322](241)getIProtocolHandler  SubDomain : statistic , Xmlns: jabber:iq:statistic, Method : simple:query:statistic:list ,isSimple : true ,handler :n.aky@7ad7103
04-27 17:58:01.005 11672 11775 I akt     : [akt][9361][tid_6285](75)create segment class n.aky use time:183us
04-27 17:58:01.005 11672 11855 I alf     : [alf][9361][tid_6322](158)id:e98ddf602687cbd
04-27 17:58:01.005 11672 11775 I alj     : [alj][9361][tid_6285](28)getRidAndIncrement :8
04-27 17:58:01.005 11672 11855 I alf     : [alf][9361][tid_6322](160)[NewHttpService] blockSend id = e98ddf602687cbd,step1 = 0
04-27 17:58:01.005 11672 11775 I alb     : [alb][9361][tid_6285](112)Request url : http://117.135.167.123/ma/1/?p=a&v=5&c=g&st=d641526b98bef365c215309c900b922d&sv=6.135&az=android-2.1-pet&id=3337988376194091&sid=10b86891101d45e4@123-minor-a1.vlife.com
04-27 17:58:01.005 11672 11775 D libc    : [NET] android_getaddrinfofornet+,hn 15(0x3131372e313335),sn(),hints(known),family 0,flags 4
04-27 17:58:01.005 11672 11775 D libc    : [NET] android_getaddrinfofornet-, SUCCESS
04-27 17:58:01.005 11672 11855 I alf     : [alf][9361][tid_6322](164)[NewHttpService] blockSend id = e98ddf602687cbd,step2 = 0
04-27 17:58:01.005 11672 11855 I alf     : [alf][9361][tid_6322](139)this:n.alf@a2c1c6e  sender:n.ald@3085cf0f
04-27 17:58:01.005 11672 11855 D alg     : [alg][9362][tid_6322](44)push a handler : aky
04-27 17:58:01.005 11672 11855 I alf     : [alf][9362][tid_6322](166)[NewHttpService] blockSend id = e98ddf602687cbd,step3 = 1
04-27 17:58:01.005 11672 11855 I alf     : [alf][9363][tid_6322](167)[NewHttpService] blockSend id = e98ddf602687cbd, timeout = 60000
04-27 17:58:01.005 11672 11775 I alb     : [alb][9363][tid_6285](121)Request content : <body rid="8" count="2" wait="2" sid="10b86891101d45e4@123-minor-a1.vlife.com"><iq to="statistic.vlife.com" id="e98ddf602687cbb" type="get"><query xmlns="jabber:iq:statistic"><method name="simple:query:send:level"><beans xmlns="http://www.handpet.com/config/beans" version="1.0"><bean name="simple_query_send_level_protocol"><property name="levelMap"><map/></property></bean></beans></method></query></iq><iq to="application.vlife.com" id="e98ddf602687cbc" type="get"><query xmlns="jabber:iq:application"><method name="simple:guide:push:list"><beans xmlns="http://www.handpet.com/config/beans" version="1.0"><bean name="simple_guide_push_list_protocol"><property name="list"><list/></property><property name="configMap"><map/></property></bean></beans></method></query></iq></body>
04-27 17:58:01.005 11672 11775 D alb     : [alb][9363][tid_6285](127)[HttpCoreOperatorS] userAgent:Mozilla/5.0 (Linux; U; Android 5.0.2; zh-cn; HTC 801e Build/LRX22G) AppleWebKit/534.30 (KHTML, like Gecko) Version/4.0 Mobile Safari/534.30
04-27 17:58:01.005 11672 11775 D alb     : [alb][9363][tid_6285](131)httpPost. httpClient = n.aaw@398eb93d
04-27 17:58:01.005 11672 11775 I aav     : [aav][9363][tid_6285](318)doExecute request=org.apache.http.client.methods.HttpPost@89a3880
04-27 17:58:01.005 11672 11823 D vl      : [vl][9363][tid_6306](61)data:simple_magazine_source_type_list_protocol
04-27 17:58:01.005 11672 11775 D libc    : [NET] android_getaddrinfofornet+,hn 15(0x3131372e313335),sn(),hints(known),family 0,flags 4
04-27 17:58:01.005 11672 11775 D libc    : [NET] android_getaddrinfofornet-, SUCCESS
04-27 17:58:01.005 11672 11823 I vl      : [vl][9364][tid_6306](73)[VTDDataHelper] simpleData = n.ug@19e13eb9
04-27 17:58:01.005 11672 11823 D vl      : [vl][9365][tid_6306](61)data:magazine_source_type_data
04-27 17:58:01.005 11672 11732 D StatisticsProvider: [StatisticsProvider][9366][tid_6266](434)[statistics_test] =======>write map:n.uw@221a42fe
04-27 17:58:01.005 11672 11732 I StatisticsProvider: [StatisticsProvider][9366][tid_6266](518)[statistics_test] filePath /data/data/com.vlife/files/ua/no_ua_6.135.1.ain.dat.0 
04-27 17:58:01.005 11672 11732 I StatisticsProvider: [StatisticsProvider][9366][tid_6266](520)[statistics_test] ====canWrite====
04-27 17:58:01.005 11672 11732 D StatisticsProvider: [StatisticsProvider][9366][tid_6266](441)[statistics_test] =======>write path:/data/data/com.vlife/files/ua/no_ua_6.135.1.ain.dat.0
04-27 17:58:01.015 11672 11823 I vl      : [vl][9368][tid_6306](73)[VTDDataHelper] simpleData = n.rs@140c1a5f
04-27 17:58:01.015 11672 11823 D vl      : [vl][9369][tid_6306](61)data:magazine_source_data
04-27 17:58:01.015 11672 11824 W ams     : [ams][9370][tid_6307](89)push_message putString boot_limit_time
04-27 17:58:01.015 11672 11824 I aiu     : [aiu][9370][tid_6307](107)[PushProvider] newFrequency :21600000, old=21600000, bootLimitTime=null
04-27 17:58:01.015 11672 11823 I vl      : [vl][9370][tid_6306](73)[VTDDataHelper] simpleData = n.rr@3daa5cac
04-27 17:58:01.015 11672 11824 I aak     : [aak][9370][tid_6307](95)TimingNetworkTimerServerTask end , task : get_push_message 
04-27 17:58:01.015 11672 11824 I TaskServiceProvider: [TaskServiceProvider][9371][tid_6307](373)[VlifeTaskService]  end  task : get_push_message
04-27 17:58:01.015 11672 11824 I TaskServiceProvider: [TaskServiceProvider][9371][tid_6307](376)[VlifeTaskService]  this task is Cycle ,task : get_push_message , time : 21600000 
04-27 17:58:01.015 11672 11824 I ami     : [ami][9371][tid_6307](22)realPackageName:com.vlife vlifePackageName:com.vlife
04-27 17:58:01.015 11672 11824 D TaskServiceProvider: [TaskServiceProvider][9371][tid_6307](268)[TaskServiceProvider] schedule context:com.magazine.online.HandpetApplication@2b085281,task:n.aiu@43153c1,intent:Intent { act=get_push_message pkg=com.vlife cmp=com.vlife/.TService (has extras) },isCycle:true
04-27 17:58:01.015 11672 11823 D vl      : [vl][9371][tid_6306](61)data:file
04-27 17:58:01.015 11672 11824 I ami     : [ami][9372][tid_6307](22)realPackageName:com.vlife vlifePackageName:com.vlife
04-27 17:58:01.015 11672 11824 D TaskServiceProvider: [TaskServiceProvider][9373][tid_6307](285)VlifeTaskService schedule task=get_push_message, isCycleOrDelay=true,time=21600000,requestCode=196365627
04-27 17:58:01.015 11672 11823 I vl      : [vl][9372][tid_6306](73)[VTDDataHelper] simpleData = n.pl@2ce0d75
04-27 17:58:01.015 11672 11823 D vl      : [vl][9374][tid_6306](61)data:magazine_source_data
04-27 17:58:01.015 11672 11732 I StatisticsProvider: [StatisticsProvider][9375][tid_6266](466)[statistics_test] create packet xml : <item ua_action="panel" ua_event="request_list" ua_time="1493287080896" ua_process="main_page" index="12" />
04-27 17:58:01.015 11672 11732 D StatisticsProvider: [StatisticsProvider][9375][tid_6266](434)[statistics_test] =======>write map:n.uw@1c81fd7b
04-27 17:58:01.015 11672 11823 I vl      : [vl][9375][tid_6306](73)[VTDDataHelper] simpleData = n.rr@1753910a
04-27 17:58:01.015 11672 11732 I StatisticsProvider: [StatisticsProvider][9375][tid_6266](518)[statistics_test] filePath /data/data/com.vlife/files/ua/no_ua_6.135.1.ain.dat.0 
04-27 17:58:01.015 11672 11732 I StatisticsProvider: [StatisticsProvider][9376][tid_6266](520)[statistics_test] ====canWrite====
04-27 17:58:01.015 11672 11732 D StatisticsProvider: [StatisticsProvider][9376][tid_6266](441)[statistics_test] =======>write path:/data/data/com.vlife/files/ua/no_ua_6.135.1.ain.dat.0
04-27 17:58:01.015 11672 11823 D vl      : [vl][9376][tid_6306](61)data:file
04-27 17:58:01.015 11672 11823 I vl      : [vl][9377][tid_6306](73)[VTDDataHelper] simpleData = n.pl@6b69798
04-27 17:58:01.025 11672 11823 D vl      : [vl][9380][tid_6306](61)data:magazine_source_type_data
04-27 17:58:01.025 11672 11823 I vl      : [vl][9380][tid_6306](73)[VTDDataHelper] simpleData = n.rs@157f0bf1
04-27 17:58:01.025 11672 11823 D vl      : [vl][9381][tid_6306](61)data:magazine_source_data
04-27 17:58:01.025 11672 11823 I vl      : [vl][9381][tid_6306](73)[VTDDataHelper] simpleData = n.rr@a21b3d6
04-27 17:58:01.025 11672 11823 D vl      : [vl][9382][tid_6306](61)data:file
04-27 17:58:01.025 11672 11823 I vl      : [vl][9382][tid_6306](73)[VTDDataHelper] simpleData = n.pl@2a8f657
04-27 17:58:01.025 11672 11732 I StatisticsProvider: [StatisticsProvider][9384][tid_6266](466)[statistics_test] create packet xml : <item ua_action="local_designer_works_type" ua_event="request_result" ua_time="1493287080905" ua_process="main_page" index="13" />
04-27 17:58:01.025 11672 11823 D vl      : [vl][9384][tid_6306](61)data:magazine_source_type_data
04-27 17:58:01.025 11672 11732 D StatisticsProvider: [StatisticsProvider][9384][tid_6266](434)[statistics_test] =======>write map:n.uw@2067762d
04-27 17:58:01.025 11672 11823 I vl      : [vl][9384][tid_6306](73)[VTDDataHelper] simpleData = n.rs@3b499544
04-27 17:58:01.025 11672 11823 D vl      : [vl][9385][tid_6306](61)data:magazine_source_data
04-27 17:58:01.025 11672 11732 I StatisticsProvider: [StatisticsProvider][9384][tid_6266](518)[statistics_test] filePath /data/data/com.vlife/files/ua/no_ua_6.135.1.ain.dat.0 
04-27 17:58:01.025 11672 11732 I StatisticsProvider: [StatisticsProvider][9385][tid_6266](520)[statistics_test] ====canWrite====
04-27 17:58:01.025 11672 11732 D StatisticsProvider: [StatisticsProvider][9385][tid_6266](441)[statistics_test] =======>write path:/data/data/com.vlife/files/ua/no_ua_6.135.1.ain.dat.0
04-27 17:58:01.025 11672 11823 I vl      : [vl][9385][tid_6306](73)[VTDDataHelper] simpleData = n.rr@25dd3762
04-27 17:58:01.025 11672 11823 D vl      : [vl][9386][tid_6306](61)data:file
04-27 17:58:01.025 11672 11823 I vl      : [vl][9386][tid_6306](73)[VTDDataHelper] simpleData = n.pl@3ddca0f3
04-27 17:58:01.025 11672 11823 D vl      : [vl][9387][tid_6306](61)data:magazine_source_type_data
04-27 17:58:01.025 11672 11823 I vl      : [vl][9388][tid_6306](73)[VTDDataHelper] simpleData = n.rs@3eecc1b0
04-27 17:58:01.035 11672 11823 D vl      : [vl][9388][tid_6306](61)data:magazine_source_data
04-27 17:58:01.035 11672 11823 I vl      : [vl][9389][tid_6306](73)[VTDDataHelper] simpleData = n.rr@2bf24829
04-27 17:58:01.035 11672 11823 D vl      : [vl][9390][tid_6306](61)data:file
04-27 17:58:01.035 11672 11823 I vl      : [vl][9390][tid_6306](73)[VTDDataHelper] simpleData = n.pl@db67ae
04-27 17:58:01.035 11672 11823 D vl      : [vl][9391][tid_6306](61)data:magazine_source_type_data
04-27 17:58:01.035 11672 11823 I vl      : [vl][9392][tid_6306](73)[VTDDataHelper] simpleData = n.rs@1596594f
04-27 17:58:01.035 11672 11823 D vl      : [vl][9392][tid_6306](61)data:magazine_source_data
04-27 17:58:01.035 11672 11823 I vl      : [vl][9393][tid_6306](73)[VTDDataHelper] simpleData = n.rr@225448dc
04-27 17:58:01.035 11672 11732 I StatisticsProvider: [StatisticsProvider][9393][tid_6266](466)[statistics_test] create packet xml : <item ua_action="ana_send" ua_event="request_result" ua_time="1493287080913" ua_process="main_page" index="14" />
04-27 17:58:01.035 11672 11732 D StatisticsProvider: [StatisticsProvider][9394][tid_6266](434)[statistics_test] =======>write map:n.uw@23e3de5
04-27 17:58:01.035 11672 11823 D vl      : [vl][9393][tid_6306](61)data:file
04-27 17:58:01.035 11672 11732 I StatisticsProvider: [StatisticsProvider][9394][tid_6266](518)[statistics_test] filePath /data/data/com.vlife/files/ua/no_ua_6.135.1.ain.dat.0 
04-27 17:58:01.035 11672 11732 I StatisticsProvider: [StatisticsProvider][9394][tid_6266](520)[statistics_test] ====canWrite====
04-27 17:58:01.035 11672 11823 I vl      : [vl][9394][tid_6306](73)[VTDDataHelper] simpleData = n.pl@2f7a50ba
04-27 17:58:01.035 11672 11732 D StatisticsProvider: [StatisticsProvider][9394][tid_6266](441)[statistics_test] =======>write path:/data/data/com.vlife/files/ua/no_ua_6.135.1.ain.dat.0
04-27 17:58:01.035 11672 11823 D vl      : [vl][9395][tid_6306](61)data:magazine_source_data
04-27 17:58:01.035 11672 11823 I vl      : [vl][9395][tid_6306](73)[VTDDataHelper] simpleData = n.rr@25893b6b
04-27 17:58:01.035 11672 11823 D vl      : [vl][9396][tid_6306](61)data:file
04-27 17:58:01.035 11672 11823 I vl      : [vl][9396][tid_6306](73)[VTDDataHelper] simpleData = n.pl@2b4b16c8
04-27 17:58:01.035 11672 11823 D vl      : [vl][9397][tid_6306](61)data:magazine_source_data
04-27 17:58:01.035 11672 11823 I vl      : [vl][9398][tid_6306](73)[VTDDataHelper] simpleData = n.rr@3699d361
04-27 17:58:01.045 11672 11823 D vl      : [vl][9398][tid_6306](61)data:file
04-27 17:58:01.045 11672 11823 I vl      : [vl][9399][tid_6306](73)[VTDDataHelper] simpleData = n.pl@3becbe86
04-27 17:58:01.045 11672 11823 D vl      : [vl][9400][tid_6306](61)data:magazine_source_data
04-27 17:58:01.045 11672 11823 I vl      : [vl][9400][tid_6306](73)[VTDDataHelper] simpleData = n.rr@77e2347
04-27 17:58:01.045 11672 11823 D vl      : [vl][9401][tid_6306](61)data:file
04-27 17:58:01.045 11672 11823 I vl      : [vl][9401][tid_6306](73)[VTDDataHelper] simpleData = n.pl@2f5ed774
04-27 17:58:01.045 11672 11732 I StatisticsProvider: [StatisticsProvider][9402][tid_6266](466)[statistics_test] create packet xml : <item ua_action="normal_curl" ua_event="request_result" ua_time="1493287080923" ua_process="main_page" index="15" />
04-27 17:58:01.045 11672 11732 D StatisticsProvider: [StatisticsProvider][9402][tid_6266](434)[statistics_test] =======>write map:n.uw@28bf449d
04-27 17:58:01.045 11672 11823 D vl      : [vl][9402][tid_6306](61)data:magazine_source_data
04-27 17:58:01.045 11672 11732 I StatisticsProvider: [StatisticsProvider][9402][tid_6266](518)[statistics_test] filePath /data/data/com.vlife/files/ua/no_ua_6.135.1.ain.dat.0 
04-27 17:58:01.045 11672 11824 I TaskServiceProvider: [TaskServiceProvider][9404][tid_6307](298)[VlifeTaskService] [next awake intervalMillis] [21600000]
04-27 17:58:01.045 11672 11732 I StatisticsProvider: [StatisticsProvider][9405][tid_6266](520)[statistics_test] ====canWrite====
04-27 17:58:01.045 11672 11824 I TaskServiceProvider: [TaskServiceProvider][9405][tid_6307](300)[VlifeTaskService] stage_push_convenience is opened
04-27 17:58:01.045 11672 11732 D StatisticsProvider: [StatisticsProvider][9405][tid_6266](441)[statistics_test] =======>write path:/data/data/com.vlife/files/ua/no_ua_6.135.1.ain.dat.0
04-27 17:58:01.045 11672 11824 D wt      : [wt][9406][tid_6307](48)TaskSignalQueue-remove n.ws@147f9c89
04-27 17:58:01.055 11672 11823 I vl      : [vl][9403][tid_6306](73)[VTDDataHelper] simpleData = n.rr@ec63d12
04-27 17:58:01.055 11672 11823 D vl      : [vl][9409][tid_6306](61)data:file
04-27 17:58:01.055 11672 11853 I agx     : [agx][9410][tid_6320](400)imei:355653050599015,mcc:null,mnc:null,cellId:-1,lac:-1
04-27 17:58:01.055 11672 11853 I ami     : [ami][9410][tid_6320](22)realPackageName:com.vlife vlifePackageName:com.vlife
04-27 17:58:01.055 11672 11823 I vl      : [vl][9410][tid_6306](73)[VTDDataHelper] simpleData = n.pl@3eeface3
04-27 17:58:01.055 11672 11853 I ApplicationStatus: [ApplicationStatus][9410][tid_6320](362)isSameProcessType main_page main_page false
04-27 17:58:01.055 11672 11853 I ApplicationStatus: [ApplicationStatus][9410][tid_6320](367)isSameProcessType main_page main_page true
04-27 17:58:01.055 11672 11853 W ams     : [ams][9411][tid_6320](52)create preferences name:userinfo
04-27 17:58:01.055 11672 11823 D vl      : [vl][9411][tid_6306](61)data:magazine_source_data
04-27 17:58:01.055 11672 11853 I ams     : [ams][9411][tid_6320](79)preference name:userinfo getString key:user_mnc,value:null
04-27 17:58:01.055 11672 11853 D agx     : [agx][9411][tid_6320](366)refreshLocation
04-27 17:58:01.055 11672 11823 I vl      : [vl][9411][tid_6306](73)[VTDDataHelper] simpleData = n.rr@2d4bf6e0
04-27 17:58:01.055 11672 11823 D vl      : [vl][9412][tid_6306](61)data:file
04-27 17:58:01.055 11672 11823 I vl      : [vl][9412][tid_6306](73)[VTDDataHelper] simpleData = n.pl@3fd08d99
04-27 17:58:01.055 11672 11823 D vl      : [vl][9413][tid_6306](61)data:magazine_source_data
04-27 17:58:01.055 11672 11823 I vl      : [vl][9414][tid_6306](73)[VTDDataHelper] simpleData = n.rr@1447185e
04-27 17:58:01.055 11672 11823 D vl      : [vl][9414][tid_6306](61)data:file
04-27 17:58:01.055 11672 11823 I vl      : [vl][9415][tid_6306](73)[VTDDataHelper] simpleData = n.pl@266343f
04-27 17:58:01.055 11672 11775 I aav     : [aav][9416][tid_6285](320)response = org.apache.http.message.BasicHttpResponse@1129a10c
04-27 17:58:01.055 11672 11823 D vl      : [vl][9416][tid_6306](61)data:magazine_source_data
04-27 17:58:01.055 11672 11775 D aav     : [aav][9416][tid_6285](322)uri = http://117.135.167.123/ma/1/?p=a&v=5&c=g&st=d641526b98bef365c215309c900b922d&sv=6.135&az=android-2.1-pet&id=3337988376194091&sid=10b86891101d45e4@123-minor-a1.vlife.com
04-27 17:58:01.055 11672 11775 D aav     : [aav][9416][tid_6285](325)header name = platform, value = android
04-27 17:58:01.055 11672 11775 D aav     : [aav][9416][tid_6285](325)header name = User-Agent, value = Mozilla/5.0 (Linux; U; Android 5.0.2; zh-cn; HTC 801e Build/LRX22G) AppleWebKit/534.30 (KHTML, like Gecko) Version/4.0 Mobile Safari/534.30
04-27 17:58:01.055 11672 11823 I vl      : [vl][9416][tid_6306](73)[VTDDataHelper] simpleData = n.rr@19136a55
04-27 17:58:01.055 11672 11775 I aav     : [aav][9417][tid_6285](378)doGetAllHeaders
04-27 17:58:01.055 11672 11823 D vl      : [vl][9417][tid_6306](61)data:file
04-27 17:58:01.055 11672 11775 I aav     : [aav][9417][tid_6285](336)doGetStatusCode
04-27 17:58:01.055 11672 11775 I alb     : [alb][9418][tid_6285](137)response code:206
04-27 17:58:01.055 11672 11823 I vl      : [vl][9417][tid_6306](73)[VTDDataHelper] simpleData = n.pl@2a685c6a
04-27 17:58:01.055 11672 11775 I aav     : [aav][9418][tid_6285](352)doGetEntityByteArray
04-27 17:58:01.055 11672 11775 I akv     : [akv][9418][tid_6285](47)inflate length:1042
04-27 17:58:01.065 11672 11823 D vl      : [vl][9418][tid_6306](61)data:magazine_source_data
04-27 17:58:01.065 11672 11823 I vl      : [vl][9419][tid_6306](73)[VTDDataHelper] simpleData = n.rr@3e93d55b
04-27 17:58:01.065 11672 11775 I alb     : [alb][9419][tid_6285](174)response CONTENT： <body xmlns="http://jabber.org/protocol/httpbind" rid="8" sid="10b86891101d45e4@123-minor-a1.vlife.com" ><iq from="application.vlife.com" to="3337988376194091@123-minor-a1.vlife.com/android-2.1-pet" id="e98ddf602687cba" sid="10b86891101d45e4@123-minor-a1.vlife.com" type="result"><query xmlns="jabber:iq:application"><method name="simple:panel:list"><beans xmlns="http://www.handpet.com/config/beans" version="1.0"><bean name="simple_panel_protocol"><property name="configMap"><map><entry key="panel_max_induce_times" value="2"/><entry key="cleanable_memory_limit_percent" value="20"/><entry key="min_notify_frequency" value="6"/><entry key="download_first_notify_clock" value="11"/><entry key="download_notify_frequency" value="24"/><entry key="max_daily_times" value="3"/><entry key="max_memory_limit_percent" value="75"/><entry key="panel_min_induce_frequency" value="8"/></map></property><property name="tipsData"><bean name="tips_data"/></property><property name="panelList"><list/></property></bean></beans></method></query></iq></body>
04-27 17:58:01.065 11672 11823 D vl      : [vl][9419][tid_6306](61)data:file
04-27 17:58:01.065 11672 11823 I vl      : [vl][9420][tid_6306](73)[VTDDataHelper] simpleData = n.pl@f55c1f8
04-27 17:58:01.065 11672 11775 I alj     : [alj][9421][tid_6285](21)getRid :9
04-27 17:58:01.065 11672 11823 D vl      : [vl][9421][tid_6306](61)data:magazine_source_data
04-27 17:58:01.065 11672 11775 I alb     : [alb][9421][tid_6285](212)use old Iparser current:iq
04-27 17:58:01.065 11672 11775 I alc     : [alc][9421][tid_6285](58)http send type:OK
04-27 17:58:01.065 11672 11775 D alf     : [alf][9421][tid_6285](69)id:e98ddf602687cba countDownMap
04-27 17:58:01.065 11672 11823 I vl      : [vl][9421][tid_6306](73)[VTDDataHelper] simpleData = n.rr@266d56d1
04-27 17:58:01.065 11672 11825 I alf     : [alf][9422][tid_6308](169)[NewHttpService] blockSend id = e98ddf602687cba,step4 = 165
04-27 17:58:01.065 11672 11823 D vl      : [vl][9422][tid_6306](61)data:file
04-27 17:58:01.065 11672 11825 I alf     : [alf][9422][tid_6308](171)[NewHttpService] blockSend id = e98ddf602687cba,step5 = 165
04-27 17:58:01.065 11672 11825 D alf     : [alf][9422][tid_6308](172)callback : n.wd$1@23a7d536
04-27 17:58:01.065 11672 11823 I vl      : [vl][9422][tid_6306](73)[VTDDataHelper] simpleData = n.pl@2f306c37
04-27 17:58:01.065 11672 11825 D alf     : [alf][9423][tid_6308](174)parser:n.wz@22105a4
04-27 17:58:01.065 11672 11825 D aky     : [aky][9423][tid_6308](86)from:application.vlife.com type:result subDomain:application
04-27 17:58:01.065 11672 11823 D vl      : [vl][9423][tid_6306](61)data:magazine_source_data
04-27 17:58:01.065 11672 11825 D aky     : [aky][9423][tid_6308](92)xmlns : jabber:iq:application method : simple:panel:list
04-27 17:58:01.065 11672 11823 I vl      : [vl][9424][tid_6306](73)[VTDDataHelper] simpleData = n.rr@389f8f0d
04-27 17:58:01.065 11672 11823 D vl      : [vl][9424][tid_6306](61)data:file
04-27 17:58:01.065 11672 11823 I vl      : [vl][9425][tid_6306](73)[VTDDataHelper] simpleData = n.pl@2a940ec2
04-27 17:58:01.065 11672 11823 D vl      : [vl][9426][tid_6306](61)data:magazine_source_data
04-27 17:58:01.065 11672 11823 I vl      : [vl][9426][tid_6306](73)[VTDDataHelper] simpleData = n.rr@299594d3
04-27 17:58:01.065 11672 11825 I aky     : [aky][9424][tid_6308](94)n.aky start method type:result
04-27 17:58:01.065 11672 11823 D vl      : [vl][9427][tid_6306](61)data:file
04-27 17:58:01.065 11672 11825 D aky     : [aky][9427][tid_6308](69)xml:<beans xmlns="http://www.handpet.com/config/beans" version="1.0"><bean name="simple_panel_protocol"><property name="configMap"><map><entry key="panel_max_induce_times" value="2"/><entry key="cleanable_memory_limit_percent" value="20"/><entry key="min_notify_frequency" value="6"/><entry key="download_first_notify_clock" value="11"/><entry key="download_notify_frequency" value="24"/><entry key="max_daily_times" value="3"/><entry key="max_memory_limit_percent" value="75"/><entry key="panel_min_induce_frequency" value="8"/></map></property><property name="tipsData"><bean name="tips_data"/></property><property name="panelList"><list/></property></bean></beans>
04-27 17:58:01.065 11672 11823 I vl      : [vl][9427][tid_6306](73)[VTDDataHelper] simpleData = n.pl@363ad810
04-27 17:58:01.065 11672 11825 D vl      : [vl][9428][tid_6308](61)data:simple_panel_protocol
04-27 17:58:01.065 11672 11825 I vl      : [vl][9428][tid_6308](73)[VTDDataHelper] simpleData = n.ss@31430f09
04-27 17:58:01.075 11672 11853 I agx     : [agx][9429][tid_6320](400)imei:355653050599015,mcc:null,mnc:null,cellId:-1,lac:-1
04-27 17:58:01.075 11672 11853 I ami     : [ami][9429][tid_6320](22)realPackageName:com.vlife vlifePackageName:com.vlife
04-27 17:58:01.075 11672 11853 I ApplicationStatus: [ApplicationStatus][9429][tid_6320](362)isSameProcessType main_page main_page false
04-27 17:58:01.075 11672 11853 I ApplicationStatus: [ApplicationStatus][9430][tid_6320](367)isSameProcessType main_page main_page true
04-27 17:58:01.075 11672 11853 W ams     : [ams][9430][tid_6320](52)create preferences name:userinfo
04-27 17:58:01.075 11672 11775 I alc     : [alc][9430][tid_6285](43)http send thread run
04-27 17:58:01.075 11672 11853 I ams     : [ams][9430][tid_6320](79)preference name:userinfo getString key:user_mcc,value:null
04-27 17:58:01.075 11672 11775 D alg     : [alg][9430][tid_6285](72)waiting list Condition signal heartIndex:0 waitTime:2
04-27 17:58:01.075 11672 11775 I alc     : [alc][9431][tid_6285](46)http send list:[n.aky@7ad7103]
04-27 17:58:01.075 11672 11825 D vl      : [vl][9431][tid_6308](61)data:tips_data
04-27 17:58:01.075 11672 11775 I akt     : [akt][9431][tid_6285](75)create segment class n.aky use time:244us
04-27 17:58:01.075 11672 11775 I alj     : [alj][9431][tid_6285](28)getRidAndIncrement :9
04-27 17:58:01.075 11672 11775 I alb     : [alb][9432][tid_6285](112)Request url : http://117.135.167.123/ma/1/?p=a&v=5&c=g&st=d641526b98bef365c215309c900b922d&sv=6.135&az=android-2.1-pet&id=3337988376194091&sid=10b86891101d45e4@123-minor-a1.vlife.com
04-27 17:58:01.075 11672 11775 D libc    : [NET] android_getaddrinfofornet+,hn 15(0x3131372e313335),sn(),hints(known),family 0,flags 4
04-27 17:58:01.075 11672 11775 D libc    : [NET] android_getaddrinfofornet-, SUCCESS
04-27 17:58:01.075 11672 11823 D vl      : [vl][9428][tid_6306](61)data:magazine_source_data
04-27 17:58:01.075 11672 11775 I alb     : [alb][9433][tid_6285](121)Request content : <body rid="9" count="1" wait="2" sid="10b86891101d45e4@123-minor-a1.vlife.com"><iq to="statistic.vlife.com" id="e98ddf602687cbd" type="get"><query xmlns="jabber:iq:statistic"><method name="simple:query:statistic:list"><beans xmlns="http://www.handpet.com/config/beans" version="1.0"><bean name="simple_query_statistic_list_protocol"><property name="eventList"><list/></property></bean></beans></method></query></iq></body>
04-27 17:58:01.075 11672 11775 D alb     : [alb][9433][tid_6285](127)[HttpCoreOperatorS] userAgent:Mozilla/5.0 (Linux; U; Android 5.0.2; zh-cn; HTC 801e Build/LRX22G) AppleWebKit/534.30 (KHTML, like Gecko) Version/4.0 Mobile Safari/534.30
04-27 17:58:01.075 11672 11775 D alb     : [alb][9434][tid_6285](131)httpPost. httpClient = n.aaw@398eb93d
04-27 17:58:01.075 11672 11775 I aav     : [aav][9434][tid_6285](318)doExecute request=org.apache.http.client.methods.HttpPost@351aab2f
04-27 17:58:01.075 11672 11775 D libc    : [NET] android_getaddrinfofornet+,hn 15(0x3131372e313335),sn(),hints(known),family 0,flags 4
04-27 17:58:01.075 11672 11775 D libc    : [NET] android_getaddrinfofornet-, SUCCESS
04-27 17:58:01.075 11672 11823 I vl      : [vl][9433][tid_6306](73)[VTDDataHelper] simpleData = n.rr@1218550e
04-27 17:58:01.075 11672 11823 D vl      : [vl][9436][tid_6306](61)data:file
04-27 17:58:01.075 11672 11823 I vl      : [vl][9436][tid_6306](73)[VTDDataHelper] simpleData = n.pl@11dd653c
04-27 17:58:01.075 11672 11823 D vl      : [vl][9438][tid_6306](61)data:magazine_source_type_data
04-27 17:58:01.085 11672 11823 I vl      : [vl][9438][tid_6306](73)[VTDDataHelper] simpleData = n.rs@188492c5
04-27 17:58:01.085 11672 11823 D vl      : [vl][9439][tid_6306](61)data:magazine_source_data
04-27 17:58:01.085 11672 11823 I vl      : [vl][9440][tid_6306](73)[VTDDataHelper] simpleData = n.rr@1e88b41a
04-27 17:58:01.085 11672 11823 D vl      : [vl][9440][tid_6306](61)data:file
04-27 17:58:01.085 11672 11823 I vl      : [vl][9440][tid_6306](73)[VTDDataHelper] simpleData = n.pl@d30cb4b
04-27 17:58:01.085 11672 11823 D vl      : [vl][9441][tid_6306](61)data:magazine_source_data
04-27 17:58:01.085 11672 11825 I vl      : [vl][9442][tid_6308](73)[VTDDataHelper] simpleData = n.qs@2b99928
04-27 17:58:01.085 11672 11823 I vl      : [vl][9442][tid_6306](73)[VTDDataHelper] simpleData = n.rr@12a09641
04-27 17:58:01.085 11672 11825 I aky     : [aky][9442][tid_6308](103)n.aky end cost time:18 result:n.ss@31430f09
04-27 17:58:01.085 11672 11823 D vl      : [vl][9442][tid_6306](61)data:file
04-27 17:58:01.085 11672 11825 W ams     : [ams][9443][tid_6308](52)create preferences name:userinfo
04-27 17:58:01.085 11672 11823 I vl      : [vl][9443][tid_6306](73)[VTDDataHelper] simpleData = n.pl@136df7e6
04-27 17:58:01.085 11672 11825 I ams     : [ams][9443][tid_6308](79)preference name:userinfo getString key:uid,value:3337988376194091
04-27 17:58:01.085 11672 11825 D agx     : [agx][9443][tid_6308](409)[StatusUtil] refreshData context:com.magazine.online.HandpetApplication@2b085281
04-27 17:58:01.085 11672 11823 D vl      : [vl][9443][tid_6306](61)data:magazine_source_data
04-27 17:58:01.085 11672 11823 I vl      : [vl][9444][tid_6306](73)[VTDDataHelper] simpleData = n.rr@293ed127
04-27 17:58:01.085 11672 11823 D vl      : [vl][9444][tid_6306](61)data:file
04-27 17:58:01.085 11672 11825 D GoogleStatisticsProvider: [GoogleStatisticsProvider][9445][tid_6308](129)[google_statistics] [statistics] final [event:request_list_success] [action:panel] [id:empty_null] [uid:3337988376194091] [channelId:101] [all:2017-04-27 17:58:01, channelId=101, uid=3337988376194091, version=6.135] [version:6.135]
04-27 17:58:01.085 11672 11823 I vl      : [vl][9445][tid_6306](73)[VTDDataHelper] simpleData = n.pl@1ea31fd4
04-27 17:58:01.085 11672 11825 I wd      : [wd][9445][tid_6308](279)updateFromServer handleSimpleData pushContentType = panel,simpleData:n.ss@31430f09,simpleData.getProtocolType():java_server
04-27 17:58:01.085 11672 11825 I aih     : [aih][9446][tid_6308](255)updateFromServer[sus][size=0]
04-27 17:58:01.085 11672 11823 D vl      : [vl][9446][tid_6306](61)data:magazine_source_data
04-27 17:58:01.085 11672 11823 I vl      : [vl][9446][tid_6306](73)[VTDDataHelper] simpleData = n.rr@311f557d
04-27 17:58:01.085 11672 11825 D ams     : [ams][9446][tid_6308](54)create preferences name:panel_tips_string
04-27 17:58:01.085 11672 11823 D vl      : [vl][9447][tid_6306](61)data:file
04-27 17:58:01.085 11672 11825 I ams     : [ams][9447][tid_6308](129)preference name:panel_tips_string putLongAndCommit key:from_time,value:0
04-27 17:58:01.085 11672 11823 I vl      : [vl][9447][tid_6306](73)[VTDDataHelper] simpleData = n.pl@1211ac72
04-27 17:58:01.085 11672 11823 D vl      : [vl][9448][tid_6306](61)data:magazine_source_data
04-27 17:58:01.095 11672 11823 I vl      : [vl][9449][tid_6306](73)[VTDDataHelper] simpleData = n.rr@263d58c3
04-27 17:58:01.095 11672 11823 D vl      : [vl][9449][tid_6306](61)data:file
04-27 17:58:01.095 11672 11823 I vl      : [vl][9450][tid_6306](73)[VTDDataHelper] simpleData = n.pl@22fc6540
04-27 17:58:01.095 11672 11823 D vl      : [vl][9451][tid_6306](61)data:magazine_source_data
04-27 17:58:01.095 11672 11732 I StatisticsProvider: [StatisticsProvider][9452][tid_6266](466)[statistics_test] create packet xml : <item ua_action="upload_location" ua_event="request_result" ua_time="1493287080935" ua_process="main_page" index="16" />
04-27 17:58:01.095 11672 11823 I vl      : [vl][9451][tid_6306](73)[VTDDataHelper] simpleData = n.rr@1bd0cc79
04-27 17:58:01.095 11672 11823 D vl      : [vl][9453][tid_6306](61)data:file
04-27 17:58:01.095 11672 11823 I vl      : [vl][9454][tid_6306](73)[VTDDataHelper] simpleData = n.pl@2e12be1f
04-27 17:58:01.095 11672 11823 D vl      : [vl][9454][tid_6306](61)data:magazine_source_data
04-27 17:58:01.095 11672 11823 I vl      : [vl][9455][tid_6306](73)[VTDDataHelper] simpleData = n.rr@3ee2956c
04-27 17:58:01.095 11672 11823 D vl      : [vl][9455][tid_6306](61)data:file
04-27 17:58:01.095 11672 11823 I vl      : [vl][9456][tid_6306](73)[VTDDataHelper] simpleData = n.pl@d88b735
04-27 17:58:01.095 11672 11823 D vl      : [vl][9457][tid_6306](61)data:magazine_source_data
04-27 17:58:01.095 11672 11823 I vl      : [vl][9457][tid_6306](73)[VTDDataHelper] simpleData = n.rr@130657ca
04-27 17:58:01.095 11672 11823 D vl      : [vl][9458][tid_6306](61)data:file
04-27 17:58:01.095 11672 11732 D StatisticsProvider: [StatisticsProvider][9452][tid_6266](434)[statistics_test] =======>write map:n.uw@14ca1dbe
04-27 17:58:01.105 11672 11732 I StatisticsProvider: [StatisticsProvider][9458][tid_6266](518)[statistics_test] filePath /data/data/com.vlife/files/ua/no_ua_6.135.1.ain.dat.0 
04-27 17:58:01.105 11672 11732 I StatisticsProvider: [StatisticsProvider][9459][tid_6266](520)[statistics_test] ====canWrite====
04-27 17:58:01.105 11672 11732 D StatisticsProvider: [StatisticsProvider][9459][tid_6266](441)[statistics_test] =======>write path:/data/data/com.vlife/files/ua/no_ua_6.135.1.ain.dat.0
04-27 17:58:01.105 11672 11853 D WifiManager: getScanResults: Base Package Name=com.vlife, uid=10251
04-27 17:58:01.105 11672 11823 I vl      : [vl][9458][tid_6306](73)[VTDDataHelper] simpleData = n.pl@38af1d3b
04-27 17:58:01.105 11672 11823 D vl      : [vl][9461][tid_6306](61)data:magazine_source_data
04-27 17:58:01.105 11672 11823 I vl      : [vl][9462][tid_6306](73)[VTDDataHelper] simpleData = n.rr@14199c58
04-27 17:58:01.105 11672 11823 D vl      : [vl][9462][tid_6306](61)data:file
04-27 17:58:01.105 11672 11823 I vl      : [vl][9463][tid_6306](73)[VTDDataHelper] simpleData = n.pl@209a91b1
04-27 17:58:01.105 11672 11853 I ServerProvider: [ServerProvider][9463][tid_6320](78)toQuery n.abx@1a1a2696
04-27 17:58:01.105 11672 11823 D vl      : [vl][9463][tid_6306](61)data:magazine_source_data
04-27 17:58:01.105 11672 11825 W ams     : [ams][9458][tid_6308](134)panel_tips_string putLong from_time
04-27 17:58:01.105 11672 11825 I ams     : [ams][9464][tid_6308](129)preference name:panel_tips_string putLongAndCommit key:to_time,value:0
04-27 17:58:01.105 11672 11823 I vl      : [vl][9464][tid_6306](73)[VTDDataHelper] simpleData = n.rr@2e85217
04-27 17:58:01.105 11672 11853 W ams     : [ams][9464][tid_6320](52)create preferences name:userinfo
04-27 17:58:01.105 11672 11853 D alf     : [alf][9467][tid_6320](223)asyncSend pa , type :java_server
04-27 17:58:01.105 11672 11853 D alf     : [alf][9468][tid_6320](241)getIProtocolHandler  SubDomain : application , Xmlns: jabber:iq:application, Method : simple:location ,isSimple : true ,handler :n.aky@1ab82604
04-27 17:58:01.105 11672 11853 I alf     : [alf][9468][tid_6320](139)this:n.alf@a2c1c6e  sender:n.ald@3085cf0f
04-27 17:58:01.105 11672 11853 D alg     : [alg][9468][tid_6320](44)push a handler : aky
04-27 17:58:01.115 11672 11853 I aio     : [aio][9469][tid_6320](110)[PushMessageDatabase] [updateByType] type=upload_location, time=1484098352000
04-27 17:58:01.115 11672 11775 I aav     : [aav][9469][tid_6285](320)response = org.apache.http.message.BasicHttpResponse@271597ed
04-27 17:58:01.115 11672 11853 W aio     : [aio][9469][tid_6320](85)db provider query:content://vlife/push_message
04-27 17:58:01.115 11672 11775 D aav     : [aav][9469][tid_6285](322)uri = http://117.135.167.123/ma/1/?p=a&v=5&c=g&st=d641526b98bef365c215309c900b922d&sv=6.135&az=android-2.1-pet&id=3337988376194091&sid=10b86891101d45e4@123-minor-a1.vlife.com
04-27 17:58:01.115 11672 11775 D aav     : [aav][9469][tid_6285](325)header name = platform, value = android
04-27 17:58:01.115 11672 11775 D aav     : [aav][9469][tid_6285](325)header name = User-Agent, value = Mozilla/5.0 (Linux; U; Android 5.0.2; zh-cn; HTC 801e Build/LRX22G) AppleWebKit/534.30 (KHTML, like Gecko) Version/4.0 Mobile Safari/534.30
04-27 17:58:01.115 11672 11775 I aav     : [aav][9470][tid_6285](378)doGetAllHeaders
04-27 17:58:01.115 11672 11775 I aav     : [aav][9470][tid_6285](336)doGetStatusCode
04-27 17:58:01.115 11672 11775 I alb     : [alb][9470][tid_6285](137)response code:206
04-27 17:58:01.115 11672 11775 I aav     : [aav][9470][tid_6285](352)doGetEntityByteArray
04-27 17:58:01.115 11672 11853 W aio     : [aio][9470][tid_6320](109)db provider update:content://vlife/push_message
04-27 17:58:01.115 11672 11775 I akv     : [akv][9470][tid_6285](47)inflate length:1278
04-27 17:58:01.115 11672 11775 I alb     : [alb][9471][tid_6285](174)response CONTENT： <body xmlns="http://jabber.org/protocol/httpbind" rid="9" sid="10b86891101d45e4@123-minor-a1.vlife.com" ><iq from="application.vlife.com" to="3337988376194091@123-minor-a1.vlife.com/android-2.1-pet" id="e98ddf602687cbc" sid="10b86891101d45e4@123-minor-a1.vlife.com" type="result"><query xmlns="jabber:iq:application"><method name="simple:guide:push:list"><beans xmlns="http://www.handpet.com/config/beans" version="1.0"><bean name="simple_guide_push_list_protocol"><property name="server_time" value="1441187199000"/><property name="configMap"><map/></property><property name="list"><list/></property></bean></beans></method></query></iq><iq from="statistic.vlife.com" to="3337988376194091@123-minor-a1.vlife.com/android-2.1-pet" id="e98ddf602687cbb" sid="10b86891101d45e4@123-minor-a1.vlife.com" type="result"><query xmlns="jabber:iq:statistic"><method name="simple:query:send:level"><beans xmlns="http://www.handpet.com/config/beans" version="1.0"><bean name="simple_query_send_level_protocol"><property name="levelMap"><map><entry key="product" value="3"/><entry key="dev" value="5"/><entry key="third" value="6"/><entry key="operational" value="1"/><entry key="content" value="3"/><entry key="unknown" value="4"/></map></property></bean></beans></method></query></iq></body>
04-27 17:58:01.115 11672 11775 I alb     : [alb][9472][tid_6285](206)build new Iparser current:iq
04-27 17:58:01.115 11672 11825 W ams     : [ams][9472][tid_6308](134)panel_tips_string putLong to_time
04-27 17:58:01.115 11672 11775 I alj     : [alj][9472][tid_6285](21)getRid :10
04-27 17:58:01.115 11672 11775 I alb     : [alb][9472][tid_6285](212)use old Iparser current:iq
04-27 17:58:01.115 11672 11825 I ams     : [ams][9472][tid_6308](84)preference name:panel_tips_string putStringAndCommit key:tips_key,value:null
04-27 17:58:01.115 11672 11775 I alc     : [alc][9473][tid_6285](58)http send type:OK
04-27 17:58:01.115 11672 11775 D alf     : [alf][9473][tid_6285](69)id:e98ddf602687cbb countDownMap
04-27 17:58:01.115 11672 11825 W ams     : [ams][9473][tid_6308](89)panel_tips_string putString tips_key
04-27 17:58:01.115 11672 11775 D alf     : [alf][9473][tid_6285](69)id:e98ddf602687cbc countDownMap
04-27 17:58:01.115 11672 11823 D vl      : [vl][9464][tid_6306](61)data:file
04-27 17:58:01.115 11672 11820 I alf     : [alf][9473][tid_6303](169)[NewHttpService] blockSend id = e98ddf602687cbb,step4 = 200
04-27 17:58:01.115 11672 11820 I alf     : [alf][9473][tid_6303](171)[NewHttpService] blockSend id = e98ddf602687cbb,step5 = 201
04-27 17:58:01.115 11672 11820 D alf     : [alf][9474][tid_6303](172)callback : n.aiv$3@1715f8b3
04-27 17:58:01.115 11672 11825 W ams     : [ams][9474][tid_6308](52)create preferences name:panel_clean_rule
04-27 17:58:01.115 11672 11823 I vl      : [vl][9473][tid_6306](73)[VTDDataHelper] simpleData = n.pl@26ca1622
04-27 17:58:01.115 11672 11820 D alf     : [alf][9474][tid_6303](174)parser:n.wz@13939e70
04-27 17:58:01.115 11672 11820 D aky     : [aky][9476][tid_6303](86)from:statistic.vlife.com type:result subDomain:statistic
04-27 17:58:01.115 11672 11852 I alf     : [alf][9476][tid_6319](169)[NewHttpService] blockSend id = e98ddf602687cbc,step4 = 166
04-27 17:58:01.115 11672 11825 I aih     : [aih][9476][tid_6308](269)min_notify_frequency=6
04-27 17:58:01.115 11672 11820 D aky     : [aky][9476][tid_6303](92)xmlns : jabber:iq:statistic method : simple:query:send:level
04-27 17:58:01.115 11672 11775 I alc     : [alc][9477][tid_6285](43)http send thread run
04-27 17:58:01.115 11672 11775 D alg     : [alg][9477][tid_6285](72)waiting list Condition signal heartIndex:0 waitTime:2
04-27 17:58:01.115 11672 11825 I ams     : [ams][9477][tid_6308](114)preference name:panel_clean_rule putIntAndCommit key:min_notify_frequency,value:6
04-27 17:58:01.115 11672 11820 I aky     : [aky][9477][tid_6303](94)n.aky start method type:result
04-27 17:58:01.125 11672 11775 I alc     : [alc][9478][tid_6285](46)http send list:[n.aky@1ab82604]
04-27 17:58:01.125 11672 11823 D vl      : [vl][9476][tid_6306](61)data:magazine_source_data
04-27 17:58:01.125 11672 11852 I alf     : [alf][9477][tid_6319](171)[NewHttpService] blockSend id = e98ddf602687cbc,step5 = 166
04-27 17:58:01.125 11672 11852 D alf     : [alf][9483][tid_6319](172)callback : n.wd$1@b97726e
04-27 17:58:01.125 11672 11852 D alf     : [alf][9484][tid_6319](174)parser:n.wz@36d6d0f
04-27 17:58:01.125 11672 11852 D aky     : [aky][9484][tid_6319](86)from:application.vlife.com type:result subDomain:application
04-27 17:58:01.125 11672 11852 D aky     : [aky][9484][tid_6319](92)xmlns : jabber:iq:application method : simple:guide:push:list
04-27 17:58:01.125 11672 11852 I aky     : [aky][9485][tid_6319](94)n.aky start method type:result
04-27 17:58:01.125 11672 11823 I vl      : [vl][9481][tid_6306](73)[VTDDataHelper] simpleData = n.rr@ac0c5e9
04-27 17:58:01.125 11672 11852 D aky     : [aky][9485][tid_6319](69)xml:<beans xmlns="http://www.handpet.com/config/beans" version="1.0"><bean name="simple_guide_push_list_protocol"><property name="server_time" value="1441187199000"/><property name="configMap"><map/></property><property name="list"><list/></property></bean></beans>
04-27 17:58:01.125 11672 11823 D vl      : [vl][9485][tid_6306](61)data:file
04-27 17:58:01.125 11672 11852 D vl      : [vl][9486][tid_6319](61)data:simple_guide_push_list_protocol
04-27 17:58:01.125 11672 11823 I vl      : [vl][9486][tid_6306](73)[VTDDataHelper] simpleData = n.pl@356c319c
04-27 17:58:01.125 11672 11852 I vl      : [vl][9486][tid_6319](73)[VTDDataHelper] simpleData = n.ty@30d6d7a5
