04-27 17:57:50.224   743   743 E WifiTrafficPoller: TRAFFIC_STATS_POLL true Token 306 num clients 25
04-27 17:57:50.224   743   743 E WifiTrafficPoller:  packet count Tx=121965 Rx=103589
04-27 17:57:50.224   743   743 E WifiTrafficPoller: notifying of data activity 2
04-27 17:57:50.684 11651 11663 D CustomizationManager: ====startRecUseTime====
04-27 17:57:50.684 11651 11663 D htc.customization.log.level:  is 
04-27 17:57:50.724 11651 11663 W CustomizationLogLevel: Level value is invalid, use default level 2
04-27 17:57:50.844   743   997 E WifiStateMachine: handleMessage: E msg.what=131155
04-27 17:57:50.844   743   997 E WifiStateMachine: processMsg: ConnectedState
04-27 17:57:50.844   743   997 E WifiStateMachine:  ConnectedState !CMD_RSSI_POLL 40 0 "360免费WiFi-B5" 24:05:0f:3f:ac:b5 rssi=-28 f=2437 sc=60 link=72 tx=3.4, 0.0, 0.0  rx=0.0 bcn=0 [on:0 tx:0 rx:0 period:3002] from screen [on:0 period:-1361548158] gl hn u24 rssi=-23 ag=0 hr ls-=0 [56,56,56,56,61] brc=0 lrc=0
04-27 17:57:50.844   743   997 E WifiStateMachine: processMsg: L2ConnectedState
04-27 17:57:50.844   743   997 E WifiStateMachine:  L2ConnectedState !CMD_RSSI_POLL 40 0 "360免费WiFi-B5" 24:05:0f:3f:ac:b5 rssi=-28 f=2437 sc=60 link=72 tx=3.4, 0.0, 0.0  rx=0.0 bcn=0 [on:0 tx:0 rx:0 period:1] from screen [on:0 period:-1361548157] gl hn u24 rssi=-23 ag=0 hr ls-=0 [56,56,56,56,61] brc=0 lrc=0
04-27 17:57:50.844   743   997 E WifiStateMachine:  get link layer stats 0
04-27 17:57:50.844   743   997 W WifiHW  : QCOM Debug wifi_send_command "IFNAME=wlan0 SIGNAL_POLL"
04-27 17:57:50.864   743   997 E WifiStateMachine: fetchRssiLinkSpeedAndFrequencyNative RSSI = -24 abnormalRssiCnt = 0 newLinkSpeed = 72
04-27 17:57:50.864   743   997 E WifiStateMachine: fetchRssiLinkSpeedAndFrequencyNative rssi=-24 linkspeed=72
04-27 17:57:50.864   743   997 E WifiConfigStore: updateConfiguration freq=2437 BSSID=24:05:0f:3f:ac:b5 RSSI=-25 "360免费WiFi-B5"WPA_PSK
04-27 17:57:50.864   743   997 E WifiStateMachine: calculateWifiScore freq=2437 speed=72 score=60 highRSSI  -> txbadrate=0.00 txgoodrate=2.72 txretriesrate=0.00 rxrate=0.02 userTriggerdPenalty0
04-27 17:57:50.864   743   997 E WifiStateMachine:  good link -> stuck count =0
04-27 17:57:50.864   743   997 E WifiStateMachine:  badRSSI count0 lowRSSI count0 --> score 56
04-27 17:57:50.864   743   997 E WifiStateMachine:  isHighRSSI       ---> score=61
04-27 17:57:50.864   743  1012 D WifiWatchdogStateMachine: RSSI current: 3 new: -24, 3
04-27 17:57:50.864   743   997 E WifiStateMachine: handleMessage: X
04-27 17:57:50.964  1220  1491 D PhoneApp: EVENT_QUERY_MO_PACKAGES
04-27 17:57:50.964  1220  1491 D PhoneApp: -- N1 =1
04-27 17:57:51.004  1220  1491 D PhoneApp: -- N2 =0
04-27 17:57:51.004  1220  1491 D PhoneApp: -- N3 =0
04-27 17:57:51.014 11651 11663 D CustomizationManager:  Read ACC file spent 0.256 (s)
04-27 17:57:51.014 11651 11663 V CustomizationCIDLoader: full path : /system/customize/CID/default.xml
04-27 17:57:51.014 11651 11663 I CustomizationCIDLoader: Parsing tag category name = system
04-27 17:57:51.014 11651 11663 I CustomizationCIDLoader: Parsing tag category name = application
04-27 17:57:51.025 11651 11663 I CustomizationCIDLoader: Parsing tag category name = SettingsProvider
04-27 17:57:51.025 11651 11663 I CustomizationCIDLoader: Parsing tag category name = Settings
04-27 17:57:51.025 11651 11663 I CustomizationCIDLoader: Parsing tag category name = AutomotiveHome
04-27 17:57:51.025 11651 11663 I CustomizationCIDLoader: Parsing tag category name = AudioService
04-27 17:57:51.025 11651 11663 I CustomizationCIDLoader: Parsing tag category name = ACC
04-27 17:57:51.035 11651 11663 D CustomizationManager:  Read CID file spent 0.347 (s)
04-27 17:57:51.035 11651 11663 D CustomizationManager:  All configurations done spent 0.354 (s)
04-27 17:57:51.045 11651 11651 E memtrack: Couldn't load memtrack module (No such file or directory)
04-27 17:57:51.045 11651 11651 E android.os.Debug: failed to load memtrack module: -2
04-27 17:57:51.085 11651 11651 E ActTriggerJNI: open library fail.
04-27 17:57:51.135   743  1290 D Process : killProcessQuiet, pid=11613
04-27 17:57:51.135   743  1290 D Process : com.android.server.am.ProcessRecord.kill:573 com.android.server.am.ActivityManagerService.removeProcessLocked:6340 com.android.server.am.ActivityManagerService.killPackageProcessesLocked:6138 
04-27 17:57:51.225   743   743 E WifiTrafficPoller: TRAFFIC_STATS_POLL true Token 306 num clients 25
04-27 17:57:51.225   743   743 E WifiTrafficPoller:  packet count Tx=121965 Rx=103589
04-27 17:57:51.225   743   743 E WifiTrafficPoller: notifying of data activity 0
04-27 17:57:51.295  1264  1264 I FeedHostManager: [onResume]
04-27 17:57:51.295  1264  1264 I FeedProviderManager: onResume
04-27 17:57:51.295  1264  1803 I SocialFeedProvider: +onResume
04-27 17:57:51.295  1264  1803 I SocialFeedProvider: updateAccounts - Accounts is no change
04-27 17:57:51.295  1264  1803 I SocialFeedProvider: -onResume
04-27 17:57:51.305  1220  1220 D PhoneApp: -- PackageChangeBroadcastReceiver  action = android.intent.action.PACKAGE_RESTARTED
04-27 17:57:51.305  1039  1308 I IntentController: receive(android.intent.action.BATTERY_CHANGED,1,false)
04-27 17:57:51.325   743   743 D UsbnetService: BroadcastReceiver::onReceive+
04-27 17:57:51.325   743   743 D UsbnetService: onReceive BATTERY_CHANGED
04-27 17:57:51.325   743   743 D UsbnetService:  --> pluggedType = 2, mPluggedType = 0, mScreenOff = false
04-27 17:57:51.325   743   743 D UsbnetService: BroadcastReceiver::onReceive-
04-27 17:57:51.325   743   998 D WifiController: handleMessage: E msg.what=155652
04-27 17:57:51.325   743   998 D WifiController: processMsg: DeviceActiveState
04-27 17:57:51.325   743   998 D WifiController: processMsg: StaEnabledState
04-27 17:57:51.325   743   998 D WifiController: processMsg: DefaultState
04-27 17:57:51.325   743   998 D WifiController: handleMessage: X
04-27 17:57:51.355  1039  1039 I BatteryController: status:5 level:100 unsupport:false plugged:true
04-27 17:57:51.545  1264  1264 I FeedHostManager: [onPause]
04-27 17:57:51.545  1264  1264 I FeedProviderManager: onPause
04-27 17:57:51.545  1264  1264 I FeedHostManager: [onLeaveFeedMode] instance: com.htc.launcher.feeds.FeedHostManager@1f72af1f
04-27 17:57:51.555  1264  1803 I SocialFeedProvider: +onPause
04-27 17:57:51.555  1264  1803 I SocialFeedProvider: -onPause
04-27 17:57:51.555 11651 11663 I art     : Debugger is no longer active
04-27 17:57:51.555   743  1283 W HtcSystemUPManager: HtcSystemUPHandler The policy is disabled. AppId: activity_history, category: launch
04-27 17:57:51.645 11672 11672 I ami     : [ami][1][tid_1](22)realPackageName:com.vlife vlifePackageName:com.vlife
04-27 17:57:51.645 11672 11672 I amg     : [amg][3][tid_1](173)shellVersion:140
04-27 17:57:51.655 11672 11672 I aml     : [aml][9][tid_1](322)set module:status exists:true
04-27 17:57:51.665 11672 11672 I aml     : [aml][22][tid_1](328)set module:status success com.vlife.common.lib.core.status.ApplicationStatus@27b59e68
04-27 17:57:51.665 11672 11672 I AbstractApplication: [AbstractApplication][22][tid_1](74)com.magazine.online.HandpetApplication@2b085281 getPackageResourcePath:/data/app/com.vlife-1/base.apk
04-27 17:57:51.665 11672 11672 I AbstractApplicationStatus: [AbstractApplicationStatus][25][tid_1](107)curProcessName=com.vlife:main
04-27 17:57:51.665 11672 11672 D AbstractApplication: [AbstractApplication][26][tid_1](190)getPackageManager
04-27 17:57:51.685 11672 11672 I AbstractApplicationStatus: [AbstractApplicationStatus][40][tid_1](144)com.vlife.SplashActivity
04-27 17:57:51.685 11672 11672 I AbstractApplicationStatus: [AbstractApplicationStatus][40][tid_1](144)com.vlife.WrapperOnlineActivity
04-27 17:57:51.685 11672 11672 I AbstractApplicationStatus: [AbstractApplicationStatus][41][tid_1](144)com.vlife.GuideActivity
04-27 17:57:51.685 11672 11672 I AbstractApplicationStatus: [AbstractApplicationStatus][41][tid_1](144)com.facebook.FacebookActivity
04-27 17:57:51.685 11672 11672 I AbstractApplicationStatus: [AbstractApplicationStatus][41][tid_1](144)com.facebook.CustomTabActivity
04-27 17:57:51.685 11672 11672 I AbstractApplicationStatus: [AbstractApplicationStatus][42][tid_1](144)com.google.ads.AdActivity
04-27 17:57:51.685 11672 11672 I AbstractApplicationStatus: [AbstractApplicationStatus][42][tid_1](144)com.vlife.PActivity0
04-27 17:57:51.685 11672 11672 I AbstractApplicationStatus: [AbstractApplicationStatus][43][tid_1](144)com.vlife.PActivity1
04-27 17:57:51.685 11672 11672 I AbstractApplicationStatus: [AbstractApplicationStatus][43][tid_1](144)com.vlife.PActivity2
04-27 17:57:51.685 11672 11672 I AbstractApplicationStatus: [AbstractApplicationStatus][43][tid_1](144)com.vlife.PActivity3
04-27 17:57:51.685 11672 11672 I AbstractApplicationStatus: [AbstractApplicationStatus][44][tid_1](144)com.vlife.PActivity4
04-27 17:57:51.685 11672 11672 I AbstractApplicationStatus: [AbstractApplicationStatus][44][tid_1](144)com.vlife.PActivity5
04-27 17:57:51.685 11672 11672 I AbstractApplicationStatus: [AbstractApplicationStatus][44][tid_1](144)com.vlife.PActivity6
04-27 17:57:51.685 11672 11672 I AbstractApplicationStatus: [AbstractApplicationStatus][45][tid_1](144)com.vlife.PActivity7
04-27 17:57:51.685 11672 11672 I AbstractApplicationStatus: [AbstractApplicationStatus][45][tid_1](144)com.vlife.PActivity8
04-27 17:57:51.685 11672 11672 I AbstractApplicationStatus: [AbstractApplicationStatus][46][tid_1](144)com.vlife.PActivity9
04-27 17:57:51.685 11672 11672 I AbstractApplicationStatus: [AbstractApplicationStatus][46][tid_1](144)com.vlife.PActivity10
04-27 17:57:51.685 11672 11672 I AbstractApplicationStatus: [AbstractApplicationStatus][46][tid_1](144)com.vlife.LActivity
04-27 17:57:51.685 11672 11672 I AbstractApplicationStatus: [AbstractApplicationStatus][47][tid_1](144)com.vlife.KeepActivity
04-27 17:57:51.685 11672 11672 I AbstractApplicationStatus: [AbstractApplicationStatus][47][tid_1](144)com.qq.e.ads.ADActivity
04-27 17:57:51.685 11672 11672 I AbstractApplicationStatus: [AbstractApplicationStatus][47][tid_1](144)com.google.android.gms.common.api.GoogleApiActivity
04-27 17:57:51.685 11672 11672 I AbstractApplicationStatus: [AbstractApplicationStatus][48][tid_1](151)com.vlife.magazine.service.InforShellManagerService
04-27 17:57:51.685 11672 11672 I AbstractApplicationStatus: [AbstractApplicationStatus][48][tid_1](151)com.vlife.PService0
04-27 17:57:51.695 11672 11672 I AbstractApplicationStatus: [AbstractApplicationStatus][49][tid_1](151)com.vlife.PService1
04-27 17:57:51.695 11672 11672 I AbstractApplicationStatus: [AbstractApplicationStatus][49][tid_1](151)com.vlife.PService2
04-27 17:57:51.695 11672 11672 I AbstractApplicationStatus: [AbstractApplicationStatus][49][tid_1](151)com.vlife.PService3
04-27 17:57:51.695 11672 11672 I AbstractApplicationStatus: [AbstractApplicationStatus][50][tid_1](151)com.vlife.PService4
04-27 17:57:51.695 11672 11672 I AbstractApplicationStatus: [AbstractApplicationStatus][50][tid_1](151)com.vlife.LService
04-27 17:57:51.695 11672 11672 I AbstractApplicationStatus: [AbstractApplicationStatus][51][tid_1](151)com.vlife.KeepService
04-27 17:57:51.695 11672 11672 I AbstractApplicationStatus: [AbstractApplicationStatus][51][tid_1](151)com.vlife.TService
04-27 17:57:51.695 11672 11672 I AbstractApplicationStatus: [AbstractApplicationStatus][51][tid_1](151)com.baidu.location.f
04-27 17:57:51.695 11672 11672 I AbstractApplicationStatus: [AbstractApplicationStatus][52][tid_1](151)com.handpet.livewallpaper.HandpetLiveWallpaper
04-27 17:57:51.695 11672 11672 I AbstractApplicationStatus: [AbstractApplicationStatus][52][tid_1](151)com.handpet.livewallpaper.VlifeWallpaperIPCService
04-27 17:57:51.695 11672 11672 I AbstractApplicationStatus: [AbstractApplicationStatus][52][tid_1](151)com.vlife.MAService
04-27 17:57:51.695 11672 11672 I AbstractApplicationStatus: [AbstractApplicationStatus][53][tid_1](151)com.qq.e.comm.DownloadService
04-27 17:57:51.695 11672 11672 I AbstractApplicationStatus: [AbstractApplicationStatus][53][tid_1](151)com.google.android.gms.analytics.AnalyticsService
04-27 17:57:51.695 11672 11672 I AbstractApplicationStatus: [AbstractApplicationStatus][54][tid_1](158)com.vlife.PReceiver
04-27 17:57:51.695 11672 11672 I AbstractApplicationStatus: [AbstractApplicationStatus][54][tid_1](158)com.vlife.BReceiver
04-27 17:57:51.695 11672 11672 I AbstractApplicationStatus: [AbstractApplicationStatus][54][tid_1](158)com.vlife.NReceiver
04-27 17:57:51.695 11672 11672 I AbstractApplicationStatus: [AbstractApplicationStatus][55][tid_1](158)com.google.android.gms.analytics.AnalyticsReceiver
04-27 17:57:51.695 11672 11672 D ams     : [ams][56][tid_1](54)create preferences name:function
04-27 17:57:51.705 11672 11672 I AbstractApplicationStatus: [AbstractApplicationStatus][60][tid_1](358)host:null type:wallpaper value:
04-27 17:57:51.705 11672 11672 I AbstractApplicationStatus: [AbstractApplicationStatus][60][tid_1](381)packageName:com.vlife
04-27 17:57:51.705 11672 11672 I AbstractApplicationStatus: [AbstractApplicationStatus][61][tid_1](374)process wallpaper com.vlife
04-27 17:57:51.705 11672 11672 I AbstractApplicationStatus: [AbstractApplicationStatus][61][tid_1](358)host:null type:lockscreen value::lock
04-27 17:57:51.705 11672 11672 I AbstractApplicationStatus: [AbstractApplicationStatus][61][tid_1](381)packageName:com.vlife
04-27 17:57:51.705 11672 11672 I AbstractApplicationStatus: [AbstractApplicationStatus][62][tid_1](374)process lockscreen com.vlife:lock
04-27 17:57:51.705 11672 11672 I AbstractApplicationStatus: [AbstractApplicationStatus][62][tid_1](358)host:null type:main_page value::main
04-27 17:57:51.705 11672 11672 I AbstractApplicationStatus: [AbstractApplicationStatus][63][tid_1](381)packageName:com.vlife
04-27 17:57:51.705 11672 11672 I AbstractApplicationStatus: [AbstractApplicationStatus][63][tid_1](374)process main_page com.vlife:main
04-27 17:57:51.705 11672 11672 I AbstractApplicationStatus: [AbstractApplicationStatus][63][tid_1](358)host:null type:suspension value::float
04-27 17:57:51.705 11672 11672 I AbstractApplicationStatus: [AbstractApplicationStatus][64][tid_1](381)packageName:com.vlife
04-27 17:57:51.705 11672 11672 I AbstractApplicationStatus: [AbstractApplicationStatus][64][tid_1](374)process suspension com.vlife:float
04-27 17:57:51.705 11672 11672 I AbstractApplicationStatus: [AbstractApplicationStatus][64][tid_1](358)host:null type:pp value::pp
04-27 17:57:51.705 11672 11672 I AbstractApplicationStatus: [AbstractApplicationStatus][65][tid_1](381)packageName:com.vlife
04-27 17:57:51.705 11672 11672 I AbstractApplicationStatus: [AbstractApplicationStatus][65][tid_1](374)process pp com.vlife:pp
04-27 17:57:51.705 11672 11672 I ahj     : [ahj][67][tid_1](70)executor c:class java.util.concurrent.ThreadPoolExecutor task c:class com.vlife.common.lib.core.status.AbstractApplicationStatus$2
04-27 17:57:51.715 11672 11672 W ams     : [ams][68][tid_1](52)create preferences name:userinfo
04-27 17:57:51.715 11672 11690 D ams     : [ams][69][tid_6247](54)create preferences name:pet_sys_status
04-27 17:57:51.715 11672 11672 D aad     : [aad][69][tid_1](48)next loadVlifePartner
04-27 17:57:51.715 11672 11672 I aml     : [aml][71][tid_1](297)buildEmptyProvider interface com.vlife.common.lib.intf.provider.ILockScreenProvider
04-27 17:57:51.715 11672 11690 D AbstractApplicationStatus: [AbstractApplicationStatus][73][tid_6247](546)hasIsHandpetInstalledInSdcard 
04-27 17:57:51.715 11672 11690 D AbstractApplicationStatus: [AbstractApplicationStatus][73][tid_6247](548)getIsHandpetInstalledInSdcard 1 = true
04-27 17:57:51.715 11672 11690 I AbstractApplicationStatus: [AbstractApplicationStatus][74][tid_6247](337)width:1080 height:1920 dpi:480
04-27 17:57:51.715 11672 11672 I ami     : [ami][77][tid_1](22)realPackageName:com.vlife vlifePackageName:com.vlife
04-27 17:57:51.715 11672 11672 I AbstractApplicationStatus: [AbstractApplicationStatus][77][tid_1](381)packageName:com.vlife
04-27 17:57:51.715 11672 11672 D AbstractApplicationStatus: [AbstractApplicationStatus][77][tid_1](515)ShellProduct normal host = com.vlife:main package=com.vlife
04-27 17:57:51.715 11672 11672 I AbstractApplicationStatus: [AbstractApplicationStatus][78][tid_1](381)packageName:com.vlife
04-27 17:57:51.715 11672 11672 D AbstractApplicationStatus: [AbstractApplicationStatus][78][tid_1](528)getProcessType_host=com.vlife:main,ret=main_page package=com.vlife context:com.magazine.online.HandpetApplication@2b085281
04-27 17:57:51.725 11672 11672 I ami     : [ami][79][tid_1](22)realPackageName:com.vlife vlifePackageName:com.vlife
04-27 17:57:51.725 11672 11672 I ApplicationStatus: [ApplicationStatus][80][tid_1](362)isSameProcessType main_page main_page false
04-27 17:57:51.725 11672 11672 I ApplicationStatus: [ApplicationStatus][80][tid_1](367)isSameProcessType main_page main_page true
04-27 17:57:51.725 11672 11672 I AbstractApplicationStatus: [AbstractApplicationStatus][81][tid_1](285)main process loadDex!!!
04-27 17:57:51.725 11672 11672 I LoadPyramidney: loadDex operationCallback:com.vlife.common.lib.OperationCommon@2fe695bdplugin_version:160
04-27 17:57:51.725 11672 11672 V LoadPyramidney: loadOperationPartnerInstall
04-27 17:57:51.725 11672 11672 D AbstractApplication: [AbstractApplication][86][tid_1](190)getPackageManager
04-27 17:57:51.725 11672 11672 W LoadPyramidney: not_have_install_plugin
04-27 17:57:51.735 11672 11672 I LoadPyramidney: softVersion:6.135.1 out_module_version:
04-27 17:57:51.735 11672 11672 I LoadPyramidney: use assets dex!!!
04-27 17:57:51.735 11672 11672 I FileUtil: copyAssetDexToData(). toBeOpen:pyramidney, destPath:/data/data/com.vlife/files/ua/ua_56av5asd.dat, assetManager:android.content.res.AssetManager@33fb87b2
04-27 17:57:51.735 11672 11672 V FileUtil: [copy to] :/data/data/com.vlife/files/ua/ua_56av5asd.dat, decode:true
04-27 17:57:51.735 11672 11672 V FileUtil: parentDir:/data/data/com.vlife/files, exists:true, canWrite:true
04-27 17:57:51.765  1264  1264 I Launcher: updateWallpaperVisibility: false
04-27 17:57:51.845 11672 11672 I LoadPyramidney: loadOperationPartner path:/data/data/com.vlife/files/ua/ua_56av5asd.dat operationCallback:com.vlife.common.lib.OperationCommon@2fe695bd plugin_version:160
04-27 17:57:51.845 11672 11672 I LoadPyramidney: dexFile.length:906904
04-27 17:57:51.845 11672 11672 D AbstractApplication: [AbstractApplication][206][tid_1](190)getPackageManager
04-27 17:57:51.855 11672 11672 V FileUtil: parentDir:/data/data/com.vlife/files, exists:true, canWrite:true
04-27 17:57:51.885 11695 11695 E cutils-trace: Error opening trace file: Permission denied (13)
04-27 17:57:51.885 11695 11695 I dex2oat : /system/bin/dex2oat --runtime-arg -classpath --runtime-arg  --instruction-set=arm --instruction-set-features=div --runtime-arg -Xrelocate --boot-image=/system/framework/boot.art --dex-file=/data/data/com.vlife/files/ua/ua_56av5asd.dat --oat-fd=27 --oat-location=/data/data/com.vlife/files/ua/ua_54asdd3.dat --runtime-arg -Xms64m --runtime-arg -Xmx512m
04-27 17:57:52.226   743   743 E WifiTrafficPoller: TRAFFIC_STATS_POLL true Token 306 num clients 25
04-27 17:57:52.226   743   743 E WifiTrafficPoller:  packet count Tx=121965 Rx=103589
04-27 17:57:53.227   743   743 E WifiTrafficPoller: TRAFFIC_STATS_POLL true Token 306 num clients 25
04-27 17:57:53.237   743   743 E WifiTrafficPoller:  packet count Tx=121965 Rx=103589
04-27 17:57:53.317  1220  1491 D PhoneApp: EVENT_QUERY_MO_PACKAGES
04-27 17:57:53.317  1220  1491 D PhoneApp: -- N1 =1
04-27 17:57:53.317  1220  1491 D PhoneApp: -- N2 =0
04-27 17:57:53.327  1220  1491 D PhoneApp: -- N3 =0
04-27 17:57:53.737   743   743 E WifiDataStallTracker: DATA_MONITOR_POLL true Token 46
04-27 17:57:53.747   743 11701 D WifiDataStallTracker: updateDataStallInfo: mDataStallTxRxSum={txSum=112952 rxSum=99694} preTxRxSum={txSum=112950 rxSum=99694}
04-27 17:57:53.747   743 11701 D WifiDataStallTracker: updateDataStallInfo: OUT sent=2 mSentSinceLastRecv=16
04-27 17:57:53.747   743 11701 D WifiDataStallTracker: datastall detect!!
04-27 17:57:53.747   743 11701 D WifiDataStallTracker: not recover again, datastall recover recently within 3600 secs
04-27 17:57:53.878   743   997 E WifiStateMachine: handleMessage: E msg.what=131155
04-27 17:57:53.878   743   997 E WifiStateMachine: processMsg: ConnectedState
04-27 17:57:53.878   743   997 E WifiStateMachine:  ConnectedState !CMD_RSSI_POLL 40 0 "360免费WiFi-B5" 24:05:0f:3f:ac:b5 rssi=-24 f=2437 sc=60 link=72 tx=2.7, 0.0, 0.0  rx=0.0 bcn=0 [on:0 tx:0 rx:0 period:3001] from screen [on:0 period:-1361545129] gl hn u24 rssi=-19 ag=0 hr ls-=0 [56,56,56,56,61] brc=0 lrc=0
04-27 17:57:53.878   743   997 E WifiStateMachine: processMsg: L2ConnectedState
04-27 17:57:53.878   743   997 E WifiStateMachine:  L2ConnectedState !CMD_RSSI_POLL 40 0 "360免费WiFi-B5" 24:05:0f:3f:ac:b5 rssi=-24 f=2437 sc=60 link=72 tx=2.7, 0.0, 0.0  rx=0.0 bcn=0 [on:0 tx:0 rx:0 period:1] from screen [on:0 period:-1361545128] gl hn u24 rssi=-19 ag=0 hr ls-=0 [56,56,56,56,61] brc=0 lrc=0
04-27 17:57:53.878   743   997 E WifiStateMachine:  get link layer stats 0
04-27 17:57:53.878   743   997 W WifiHW  : QCOM Debug wifi_send_command "IFNAME=wlan0 SIGNAL_POLL"
04-27 17:57:53.898   743   997 E WifiStateMachine: fetchRssiLinkSpeedAndFrequencyNative RSSI = -28 abnormalRssiCnt = 0 newLinkSpeed = 72
04-27 17:57:53.898   743   997 E WifiStateMachine: fetchRssiLinkSpeedAndFrequencyNative rssi=-28 linkspeed=72
04-27 17:57:53.898   743   997 E WifiConfigStore: updateConfiguration freq=2437 BSSID=24:05:0f:3f:ac:b5 RSSI=-26 "360免费WiFi-B5"WPA_PSK
04-27 17:57:53.898   743   997 E WifiStateMachine: calculateWifiScore freq=2437 speed=72 score=60 highRSSI  -> txbadrate=0.00 txgoodrate=1.36 txretriesrate=0.00 rxrate=0.01 userTriggerdPenalty0
04-27 17:57:53.898   743   997 E WifiStateMachine:  good link -> stuck count =0
04-27 17:57:53.898   743   997 E WifiStateMachine:  badRSSI count0 lowRSSI count0 --> score 56
04-27 17:57:53.898   743   997 E WifiStateMachine:  isHighRSSI       ---> score=61
04-27 17:57:53.898   743  1012 D WifiWatchdogStateMachine: RSSI current: 3 new: -28, 3
04-27 17:57:53.898   743   997 E WifiStateMachine: handleMessage: X
04-27 17:57:54.228   743   743 E WifiTrafficPoller: TRAFFIC_STATS_POLL true Token 306 num clients 25
04-27 17:57:54.228   743   743 E WifiTrafficPoller:  packet count Tx=121965 Rx=103589
04-27 17:57:55.139 11562 11573 I art     : Background concurrent mark sweep GC freed 81836(4MB) AllocSpace objects, 0(0B) LOS objects, 80% free, 984KB/4MB, paused 11.689ms total 81.916ms
04-27 17:57:55.229   743   743 E WifiTrafficPoller: TRAFFIC_STATS_POLL true Token 306 num clients 25
04-27 17:57:55.229   743   743 E WifiTrafficPoller:  packet count Tx=121966 Rx=103589
04-27 17:57:55.229   743   743 E WifiTrafficPoller: notifying of data activity 2
04-27 17:57:55.519 11695 11695 I dex2oat : dex2oat took 3.638s (threads: 4)
04-27 17:57:55.549 11672 11672 V LoadPyramidney: org.apache.http.entity.sdk.PyramidneyClassLoader@3c966cfe loadClass className:com.pyramidney.push.OperationPartner
04-27 17:57:55.569 11672 11672 I LoadPyramidney: invocationHandler invocationHandler:com.pyramidney.push.OperationPartner@2bb5fc5finfClassinterface org.apache.http.entity.sdk.IOperationPartner
04-27 17:57:55.619 11672 11672 D AbstractApplication: [AbstractApplication][3985][tid_1](190)getPackageManager
04-27 17:57:55.740 11672 11672 I ami     : [ami][4103][tid_1](22)realPackageName:com.vlife vlifePackageName:com.vlife
04-27 17:57:55.740 11672 11672 I ApplicationStatus: [ApplicationStatus][4104][tid_1](362)isSameProcessType main_page main_page false
04-27 17:57:55.740 11672 11672 I ApplicationStatus: [ApplicationStatus][4104][tid_1](367)isSameProcessType main_page main_page true
04-27 17:57:55.770 11672 11672 I ami     : [ami][4130][tid_1](22)realPackageName:com.vlife vlifePackageName:com.vlife
04-27 17:57:55.770 11672 11672 I ApplicationStatus: [ApplicationStatus][4131][tid_1](362)isSameProcessType main_page main_page false
04-27 17:57:55.770 11672 11672 I ApplicationStatus: [ApplicationStatus][4131][tid_1](367)isSameProcessType main_page main_page true
04-27 17:57:55.770 11672 11672 I aml     : [aml][4137][tid_1](297)buildEmptyProvider interface com.vlife.common.lib.intf.provider.ITaskServiceProvider
04-27 17:57:55.800 11672 11714 W ams     : [ams][4163][tid_6255](52)create preferences name:userinfo
04-27 17:57:55.810 11672 11714 I ams     : [ams][4169][tid_6255](79)preference name:userinfo getString key:uid,value:null
04-27 17:57:55.810 11672 11714 I ams     : [ams][4170][tid_6255](79)preference name:userinfo getString key:password,value:null
04-27 17:57:55.810 11672 11672 I ami     : [ami][4176][tid_1](22)realPackageName:com.vlife vlifePackageName:com.vlife
04-27 17:57:55.810 11672 11672 I ApplicationStatus: [ApplicationStatus][4176][tid_1](362)isSameProcessType main_page main_page false
04-27 17:57:55.810 11672 11672 I ApplicationStatus: [ApplicationStatus][4177][tid_1](367)isSameProcessType main_page main_page true
04-27 17:57:55.830 11672 11672 I ami     : [ami][4188][tid_1](22)realPackageName:com.vlife vlifePackageName:com.vlife
04-27 17:57:55.830 11672 11672 I ApplicationStatus: [ApplicationStatus][4189][tid_1](362)isSameProcessType main_page main_page false
04-27 17:57:55.830 11672 11714 D agx     : [agx][4190][tid_6255](409)[StatusUtil] refreshData context:com.magazine.online.HandpetApplication@2b085281
04-27 17:57:55.830 11672 11672 I ApplicationStatus: [ApplicationStatus][4189][tid_1](367)isSameProcessType main_page main_page true
04-27 17:57:55.830 11672 11714 D AbstractApplication: [AbstractApplication][4193][tid_6255](190)getPackageManager
04-27 17:57:55.850 11672 11714 D agx     : [agx][4211][tid_6255](436)packageName:com.vlife,versionName:6.135.1,versionCode:6138
04-27 17:57:55.850 11672 11714 D agx     : [agx][4212][tid_6255](439)v.length:3
04-27 17:57:55.850 11672 11714 D agx     : [agx][4213][tid_6255](441)v[0]:6,v[1]:135,v[2]:1
04-27 17:57:55.850 11672 11714 I agx     : [agx][4213][tid_6255](477)com.vlife.SplashActivity
04-27 17:57:55.850 11672 11714 I agx     : [agx][4214][tid_6255](477)com.vlife.WrapperOnlineActivity
04-27 17:57:55.850 11672 11714 I agx     : [agx][4214][tid_6255](477)com.vlife.GuideActivity
04-27 17:57:55.850 11672 11714 I agx     : [agx][4214][tid_6255](477)com.facebook.FacebookActivity
04-27 17:57:55.850 11672 11714 I agx     : [agx][4215][tid_6255](477)com.facebook.CustomTabActivity
04-27 17:57:55.850 11672 11714 I agx     : [agx][4215][tid_6255](477)com.google.ads.AdActivity
04-27 17:57:55.850 11672 11672 D AbstractApplication: [AbstractApplication][4215][tid_1](190)getPackageManager
04-27 17:57:55.850 11672 11672 D AbstractApplication: [AbstractApplication][4216][tid_1](190)getPackageManager
04-27 17:57:55.860 11672 11714 I agx     : [agx][4215][tid_6255](477)com.vlife.PActivity0
04-27 17:57:55.860 11672 11714 I agx     : [agx][4221][tid_6255](477)com.vlife.PActivity1
04-27 17:57:55.860 11672 11714 I agx     : [agx][4222][tid_6255](477)com.vlife.PActivity2
04-27 17:57:55.860 11672 11714 I agx     : [agx][4222][tid_6255](477)com.vlife.PActivity3
04-27 17:57:55.860 11672 11714 I agx     : [agx][4222][tid_6255](477)com.vlife.PActivity4
04-27 17:57:55.860 11672 11714 I agx     : [agx][4223][tid_6255](477)com.vlife.PActivity5
04-27 17:57:55.860 11672 11714 I agx     : [agx][4223][tid_6255](477)com.vlife.PActivity6
04-27 17:57:55.860 11672 11714 I agx     : [agx][4223][tid_6255](477)com.vlife.PActivity7
04-27 17:57:55.860 11672 11714 I agx     : [agx][4224][tid_6255](477)com.vlife.PActivity8
04-27 17:57:55.860 11672 11714 I agx     : [agx][4224][tid_6255](477)com.vlife.PActivity9
04-27 17:57:55.860 11672 11714 I agx     : [agx][4224][tid_6255](477)com.vlife.PActivity10
04-27 17:57:55.860 11672 11714 I agx     : [agx][4225][tid_6255](477)com.vlife.LActivity
04-27 17:57:55.860 11672 11714 I agx     : [agx][4225][tid_6255](477)com.vlife.KeepActivity
04-27 17:57:55.860 11672 11714 I agx     : [agx][4225][tid_6255](477)com.qq.e.ads.ADActivity
04-27 17:57:55.860 11672 11714 I agx     : [agx][4226][tid_6255](477)com.google.android.gms.common.api.GoogleApiActivity
04-27 17:57:55.860 11672 11714 I agx     : [agx][4226][tid_6255](585)PhoneFileUtil] readAssetsStream path = handpet/local/channels.xml
04-27 17:57:55.860 11672 11714 I agx     : [agx][4227][tid_6255](589)PhoneFileUtil] readAssetsStream e = {}
04-27 17:57:55.860 11672 11714 I agx     : [agx][4227][tid_6255](555)read assets path:handpet/local/channels.xml, is=null
04-27 17:57:55.860 11672 11714 I agx     : [agx][4227][tid_6255](585)PhoneFileUtil] readAssetsStream path = handpet/local/channles.xml
04-27 17:57:55.870 11672 11714 I agx     : [agx][4229][tid_6255](555)read assets path:handpet/local/channles.xml, is=android.content.res.AssetManager$AssetInputStream@fb611ae
04-27 17:57:55.870 11672 11714 W agx     : [agx][4229][tid_6255](607)readBytesInputStream android.content.res.AssetManager$AssetInputStream@fb611ae
04-27 17:57:55.870 11672 11714 D agx     : [agx][4235][tid_6255](497)a:0,b:12
04-27 17:57:55.870 11672 11714 I agx     : [agx][4235][tid_6255](518)channel:101 wallpaper_resource_id:292616 v_id:null <channle>101</channle>
04-27 17:57:55.880 11672 11672 I LoadPyramidney: set call back result:true
04-27 17:57:55.880 11672 11672 I LoadPyramidney: loadAssetsDexResult:true
04-27 17:57:55.900 11672 11672 I LoadPyramidney: use download dex!!! fromServer:true load:false
04-27 17:57:55.910 11672 11672 W ams     : [ams][4269][tid_1](52)create preferences name:userinfo
04-27 17:57:55.910 11672 11672 I afg     : [afg][4271][tid_1](61)operationVersion put:1306
04-27 17:57:55.910 11672 11672 I ams     : [ams][4271][tid_1](114)preference name:userinfo putIntAndCommit key:operation_version,value:1306
04-27 17:57:55.920 11672 11714 D libc    : [NET] android_getaddrinfofornet+,hn 13(0x62312e33676d69),sn(),hints(known),family 0,flags 4
04-27 17:57:55.920 11672 11714 D libc    : [NET] android_getaddrinfofornet-, err=8
04-27 17:57:55.920 11672 11714 D libc    : [NET] android_getaddrinfofornet+,hn 13(0x62312e33676d69),sn(),hints(known),family 0,flags 1024
04-27 17:57:55.920 11672 11714 D libc    : [NET] android_getaddrinfofornet-, pass to proxy
04-27 17:57:55.920 11672 11714 D libc    : [NET] android_getaddrinfo_proxy+
04-27 17:57:55.920 11672 11714 D libc    : [NET] android_getaddrinfo_proxy get netid:0
04-27 17:57:55.920   269 11725 D libc    : [NET] android_getaddrinfofornet+,hn 13(0x62312e33676d69),sn(),hints(known),family 0,flags 1024
04-27 17:57:55.930 11672 11722 I DownloadPyramidney: softVersion:6.135.1 hash:c386459c05eafed39e33815d3c28cc76
04-27 17:57:55.930 11672 11722 I DownloadPyramidney: url:http://f1.qulingcloud.com/f/address.api?model=HTC+801e&p=a&sv=6.135.1&v=5&pv=160&ph=c386459c05eafed39e33815d3c28cc76&name=pyramidney
04-27 17:57:55.930 11672 11722 D libc    : [NET] android_getaddrinfofornet+,hn 18(0x66312e71756c69),sn(),hints(known),family 0,flags 4
04-27 17:57:55.930 11672 11722 D libc    : [NET] android_getaddrinfofornet-, err=8
04-27 17:57:55.930 11672 11722 D libc    : [NET] android_getaddrinfofornet+,hn 18(0x66312e71756c69),sn(),hints(known),family 0,flags 1024
04-27 17:57:55.930 11672 11722 D libc    : [NET] android_getaddrinfofornet-, pass to proxy
04-27 17:57:55.930 11672 11722 D libc    : [NET] android_getaddrinfo_proxy+
04-27 17:57:55.930 11672 11722 D libc    : [NET] android_getaddrinfo_proxy get netid:0
04-27 17:57:55.930 11672 11672 W ams     : [ams][4296][tid_1](119)userinfo putInt operation_version
04-27 17:57:55.930 11672 11672 I AbstractApplicationStatus: [AbstractApplicationStatus][4297][tid_1](271)init client
04-27 17:57:55.930 11672 11672 I ApplicationStatus: [ApplicationStatus][4297][tid_1](66)application status init use time:4274ms
04-27 17:57:55.940 11672 11672 W ams     : [ams][4298][tid_1](52)create preferences name:module
04-27 17:57:55.940   269 11726 D libc    : [NET] android_getaddrinfofornet+,hn 18(0x66312e71756c69),sn(),hints(known),family 0,flags 1024
04-27 17:57:55.940 11672 11672 D ams     : [ams][4300][tid_1](99)preference:android.app.SharedPreferencesImpl@184802dc putBooleanAndCommit name:module key:task_service value:true
04-27 17:57:55.950 11672 11672 W ams     : [ams][4312][tid_1](104)module putBoolean task_service
04-27 17:57:55.950 11672 11672 I IModuleProvider: [IModuleProvider][4313][tid_1](351)set module:task_service enable:true
04-27 17:57:55.950 11672 11672 D ams     : [ams][4313][tid_1](99)preference:android.app.SharedPreferencesImpl@184802dc putBooleanAndCommit name:module key:exists_task_service value:true
04-27 17:57:55.960 11672 11672 W ams     : [ams][4319][tid_1](104)module putBoolean exists_task_service
04-27 17:57:55.960 11672 11672 I aml     : [aml][4319][tid_1](322)set module:task_service exists:true
04-27 17:57:55.960 11672 11672 I aml     : [aml][4322][tid_1](328)set module:task_service success com.handpet.component.service.TaskServiceProvider@19b06fe5
04-27 17:57:55.960 11672 11672 D AbstractModuleProvider: [AbstractModuleProvider][4322][tid_1](480)proxyModule
04-27 17:57:55.960 11672 11672 I amg     : [amg][4323][tid_1](102)add provider:com.handpet.component.service.TaskServiceProvider@19b06fe5, module=null, module_name=task_service
04-27 17:57:55.960 11672 11672 D ams     : [ams][4323][tid_1](99)preference:android.app.SharedPreferencesImpl@184802dc putBooleanAndCommit name:module key:statistics value:true
04-27 17:57:55.970 11672 11672 W ams     : [ams][4334][tid_1](104)module putBoolean statistics
04-27 17:57:55.970   269 11725 D libc    : [NET] _dns_getaddrinfo+, netid:132, mark:917636
04-27 17:57:55.970 11672 11672 I IModuleProvider: [IModuleProvider][4334][tid_1](351)set module:statistics enable:true
04-27 17:57:55.970 11672 11672 D ams     : [ams][4335][tid_1](99)preference:android.app.SharedPreferencesImpl@184802dc putBooleanAndCommit name:module key:exists_statistics value:true
04-27 17:57:55.980   269 11726 D libc    : [NET] _dns_getaddrinfo+, netid:132, mark:917636
04-27 17:57:56.000 11672 11672 W ams     : [ams][4361][tid_1](104)module putBoolean exists_statistics
04-27 17:57:56.000 11672 11672 I aml     : [aml][4361][tid_1](322)set module:statistics exists:true
04-27 17:57:56.000 11672 11672 I aml     : [aml][4364][tid_1](328)set module:statistics success com.vlife.common.lib.data.stat.StatisticsProvider@22559aba
04-27 17:57:56.000 11672 11672 D AbstractModuleProvider: [AbstractModuleProvider][4365][tid_1](480)proxyModule
04-27 17:57:56.000 11672 11672 I amg     : [amg][4365][tid_1](102)add provider:com.vlife.common.lib.data.stat.StatisticsProvider@22559aba, module=null, module_name=statistics
04-27 17:57:56.000 11672 11672 D ams     : [ams][4366][tid_1](99)preference:android.app.SharedPreferencesImpl@184802dc putBooleanAndCommit name:module key:document value:true
04-27 17:57:56.020   269 11725 D libc    : [NET] _dns_getaddrinfo-, (NS_SUCCESS)
04-27 17:57:56.020   269 11725 D libc    : [NET] android_getaddrinfofornet-, SUCCESS
04-27 17:57:56.020 11672 11714 D libc    : [NET] android_getaddrinfo_proxy-, success
04-27 17:57:56.020 11672 11714 D libc    : [NET] android_getaddrinfofornet+,hn 14(0x3131372e313335),sn(),hints(known),family 0,flags 4
04-27 17:57:56.020 11672 11714 D libc    : [NET] android_getaddrinfofornet-, SUCCESS
04-27 17:57:56.020   269 11726 D libc    : [NET] _dns_getaddrinfo-, (NS_SUCCESS)
04-27 17:57:56.020   269 11726 D libc    : [NET] android_getaddrinfofornet-, SUCCESS
04-27 17:57:56.020 11672 11722 D libc    : [NET] android_getaddrinfo_proxy-, success
04-27 17:57:56.020 11672 11722 D libc    : [NET] android_getaddrinfofornet+,hn 15(0x3231392e313432),sn(),hints(known),family 0,flags 4
04-27 17:57:56.020 11672 11722 D libc    : [NET] android_getaddrinfofornet-, SUCCESS
04-27 17:57:56.020 11672 11672 W ams     : [ams][4382][tid_1](104)module putBoolean document
04-27 17:57:56.020 11672 11672 I IModuleProvider: [IModuleProvider][4382][tid_1](351)set module:document enable:true
04-27 17:57:56.020 11672 11672 D ams     : [ams][4383][tid_1](99)preference:android.app.SharedPreferencesImpl@184802dc putBooleanAndCommit name:module key:exists_document value:true
04-27 17:57:56.040 11672 11672 W ams     : [ams][4404][tid_1](104)module putBoolean exists_document
04-27 17:57:56.040 11672 11672 I aml     : [aml][4404][tid_1](322)set module:document exists:true
04-27 17:57:56.040 11672 11672 I aml     : [aml][4407][tid_1](328)set module:document success com.handpet.component.document.DocumentProvider@1973bd6b
04-27 17:57:56.040 11672 11672 D AbstractModuleProvider: [AbstractModuleProvider][4408][tid_1](480)proxyModule
04-27 17:57:56.040 11672 11672 I amg     : [amg][4408][tid_1](102)add provider:com.handpet.component.document.DocumentProvider@1973bd6b, module=null, module_name=document
04-27 17:57:56.050 11672 11672 D ams     : [ams][4408][tid_1](99)preference:android.app.SharedPreferencesImpl@184802dc putBooleanAndCommit name:module key:database value:true
04-27 17:57:56.050 11672 11672 W ams     : [ams][4417][tid_1](104)module putBoolean database
04-27 17:57:56.060 11672 11672 I IModuleProvider: [IModuleProvider][4418][tid_1](351)set module:database enable:true
04-27 17:57:56.060 11672 11672 D ams     : [ams][4419][tid_1](99)preference:android.app.SharedPreferencesImpl@184802dc putBooleanAndCommit name:module key:exists_database value:true
04-27 17:57:56.060 11672 11672 W ams     : [ams][4428][tid_1](104)module putBoolean exists_database
04-27 17:57:56.070 11672 11672 I aml     : [aml][4428][tid_1](322)set module:database exists:true
04-27 17:57:56.070 11672 11672 I aml     : [aml][4431][tid_1](328)set module:database success com.handpet.component.database.DatabaseProvider@5c070c8
04-27 17:57:56.070 11672 11672 D AbstractModuleProvider: [AbstractModuleProvider][4432][tid_1](480)proxyModule
04-27 17:57:56.070 11672 11672 I amg     : [amg][4432][tid_1](102)add provider:com.handpet.component.database.DatabaseProvider@5c070c8, module=null, module_name=database
04-27 17:57:56.070 11672 11672 D ams     : [ams][4433][tid_1](99)preference:android.app.SharedPreferencesImpl@184802dc putBooleanAndCommit name:module key:server value:true
04-27 17:57:56.080 11672 11672 W ams     : [ams][4439][tid_1](104)module putBoolean server
04-27 17:57:56.080 11672 11672 I IModuleProvider: [IModuleProvider][4441][tid_1](351)set module:server enable:true
04-27 17:57:56.080 11672 11672 D ams     : [ams][4441][tid_1](99)preference:android.app.SharedPreferencesImpl@184802dc putBooleanAndCommit name:module key:exists_server value:true
04-27 17:57:56.090 11672 11672 W ams     : [ams][4448][tid_1](104)module putBoolean exists_server
04-27 17:57:56.090 11672 11672 I aml     : [aml][4449][tid_1](322)set module:server exists:true
04-27 17:57:56.090 11672 11672 I aml     : [aml][4450][tid_1](328)set module:server success com.vlife.framework.connection.ServerProvider@17fd2561
04-27 17:57:56.090 11672 11672 D AbstractModuleProvider: [AbstractModuleProvider][4450][tid_1](480)proxyModule
04-27 17:57:56.090 11672 11672 I amg     : [amg][4451][tid_1](102)add provider:com.vlife.framework.connection.ServerProvider@17fd2561, module=null, module_name=server
04-27 17:57:56.090 11672 11672 D ams     : [ams][4451][tid_1](99)preference:android.app.SharedPreferencesImpl@184802dc putBooleanAndCommit name:module key:magazine_common value:true
04-27 17:57:56.100 11672 11672 W ams     : [ams][4460][tid_1](104)module putBoolean magazine_common
04-27 17:57:56.100 11672 11672 I IModuleProvider: [IModuleProvider][4460][tid_1](351)set module:magazine_common enable:true
04-27 17:57:56.100 11672 11672 D ams     : [ams][4461][tid_1](99)preference:android.app.SharedPreferencesImpl@184802dc putBooleanAndCommit name:module key:exists_magazine_common value:true
04-27 17:57:56.110 11672 11672 W ams     : [ams][4469][tid_1](104)module putBoolean exists_magazine_common
04-27 17:57:56.110 11672 11672 I aml     : [aml][4470][tid_1](322)set module:magazine_common exists:true
04-27 17:57:56.110 11672 11672 W aml     : [aml][4470][tid_1](330)FirstClassNotFound try second fisrtClassName=com.vlife.magazine.vendor.MagazineVendorProvider, secondClassName = com.vlife.magazine.common.MagazineCommonProvider
04-27 17:57:56.110 11672 11672 I aml     : [aml][4472][tid_1](333)set module:magazine_common success com.vlife.magazine.common.MagazineCommonProvider@2232a886
04-27 17:57:56.110 11672 11672 D AbstractModuleProvider: [AbstractModuleProvider][4472][tid_1](480)proxyModule
04-27 17:57:56.110 11672 11672 I amg     : [amg][4473][tid_1](102)add provider:com.vlife.magazine.common.MagazineCommonProvider@2232a886, module=null, module_name=magazine_common
04-27 17:57:56.110 11672 11672 D ams     : [ams][4473][tid_1](99)preference:android.app.SharedPreferencesImpl@184802dc putBooleanAndCommit name:module key:new_download value:true
04-27 17:57:56.120 11672 11672 W ams     : [ams][4481][tid_1](104)module putBoolean new_download
04-27 17:57:56.120 11672 11672 I IModuleProvider: [IModuleProvider][4482][tid_1](351)set module:new_download enable:true
04-27 17:57:56.120 11672 11672 D ams     : [ams][4482][tid_1](99)preference:android.app.SharedPreferencesImpl@184802dc putBooleanAndCommit name:module key:exists_new_download value:true
04-27 17:57:56.120 11672 11714 D libc    : [NET] android_getaddrinfofornet+,hn 14(0x3131372e313335),sn(),hints(known),family 0,flags 4
04-27 17:57:56.120 11672 11714 D libc    : [NET] android_getaddrinfofornet-, SUCCESS
04-27 17:57:56.120 11672 11715 D libc    : [NET] android_getaddrinfofornet+,hn 14(0x3131372e313335),sn(),hints(known),family 0,flags 4
04-27 17:57:56.120 11672 11715 D libc    : [NET] android_getaddrinfofornet-, SUCCESS
04-27 17:57:56.130 11672 11711 D libc    : [NET] android_getaddrinfofornet+,hn 14(0x3131372e313335),sn(),hints(known),family 0,flags 4
04-27 17:57:56.130 11672 11711 D libc    : [NET] android_getaddrinfofornet-, SUCCESS
04-27 17:57:56.130 11672 11672 W ams     : [ams][4490][tid_1](104)module putBoolean exists_new_download
04-27 17:57:56.130 11672 11672 I aml     : [aml][4492][tid_1](322)set module:new_download exists:true
04-27 17:57:56.130 11672 11672 I aml     : [aml][4494][tid_1](328)set module:new_download success com.handpet.component.download.NewDownloadProvider@1c8ec547
04-27 17:57:56.130 11672 11672 D AbstractModuleProvider: [AbstractModuleProvider][4495][tid_1](480)proxyModule
04-27 17:57:56.130 11672 11672 I amg     : [amg][4495][tid_1](102)add provider:com.handpet.component.download.NewDownloadProvider@1c8ec547, module=null, module_name=new_download
04-27 17:57:56.130 11672 11672 D ams     : [ams][4496][tid_1](99)preference:android.app.SharedPreferencesImpl@184802dc putBooleanAndCommit name:module key:status value:true
04-27 17:57:56.150 11672 11672 W ams     : [ams][4508][tid_1](104)module putBoolean status
04-27 17:57:56.150 11672 11672 I IModuleProvider: [IModuleProvider][4509][tid_1](351)set module:status enable:true
04-27 17:57:56.150 11672 11672 D ams     : [ams][4509][tid_1](99)preference:android.app.SharedPreferencesImpl@184802dc putBooleanAndCommit name:module key:exists_status value:true
04-27 17:57:56.150 11672 11672 W ams     : [ams][4517][tid_1](104)module putBoolean exists_status
04-27 17:57:56.150 11672 11672 I aml     : [aml][4518][tid_1](322)set module:status exists:true
04-27 17:57:56.160 11672 11672 D AbstractModuleProvider: [AbstractModuleProvider][4518][tid_1](480)proxyModule
04-27 17:57:56.160 11672 11672 W AbstractModuleProvider: [AbstractModuleProvider][4519][tid_1](487)no_need_proxy IStatusProvider
04-27 17:57:56.160 11672 11672 I amg     : [amg][4519][tid_1](102)add provider:com.vlife.common.lib.core.status.ApplicationStatus@27b59e68, module=null, module_name=status
04-27 17:57:56.160 11672 11672 D ams     : [ams][4520][tid_1](99)preference:android.app.SharedPreferencesImpl@184802dc putBooleanAndCommit name:module key:push value:true
04-27 17:57:56.160 11672 11672 W ams     : [ams][4526][tid_1](104)module putBoolean push
04-27 17:57:56.160 11672 11672 I IModuleProvider: [IModuleProvider][4527][tid_1](351)set module:push enable:true
04-27 17:57:56.160 11672 11672 D ams     : [ams][4527][tid_1](99)preference:android.app.SharedPreferencesImpl@184802dc putBooleanAndCommit name:module key:exists_push value:true
04-27 17:57:56.170 11672 11714 W ams     : [ams][4533][tid_6255](52)create preferences name:userinfo
04-27 17:57:56.170 11672 11714 I ams     : [ams][4534][tid_6255](79)preference name:userinfo getString key:uid,value:null
04-27 17:57:56.170 11672 11714 I ams     : [ams][4534][tid_6255](79)preference name:userinfo getString key:password,value:null
04-27 17:57:56.170 11672 11672 W ams     : [ams][4535][tid_1](104)module putBoolean exists_push
04-27 17:57:56.170 11672 11672 I aml     : [aml][4535][tid_1](322)set module:push exists:true
04-27 17:57:56.170 11672 11714 V log     : e方法准备执行
04-27 17:57:56.170 11672 11714 V hp      : 缓存已捕获的error级别的log作为一条统计
04-27 17:57:56.170 11672 11672 I aml     : [aml][4536][tid_1](328)set module:push success com.vlife.component.push.PushProvider@4cfd174
04-27 17:57:56.170 11672 11672 D AbstractModuleProvider: [AbstractModuleProvider][4537][tid_1](480)proxyModule
04-27 17:57:56.170 11672 11672 I amg     : [amg][4537][tid_1](102)add provider:com.vlife.component.push.PushProvider@4cfd174, module=null, module_name=push
04-27 17:57:56.170 11672 11672 D ams     : [ams][4538][tid_1](99)preference:android.app.SharedPreferencesImpl@184802dc putBooleanAndCommit name:module key:operation value:true
04-27 17:57:56.180 11672 11672 W ams     : [ams][4547][tid_1](104)module putBoolean operation
04-27 17:57:56.180 11672 11672 I IModuleProvider: [IModuleProvider][4547][tid_1](351)set module:operation enable:true
04-27 17:57:56.180 11672 11672 D ams     : [ams][4548][tid_1](99)preference:android.app.SharedPreferencesImpl@184802dc putBooleanAndCommit name:module key:exists_operation value:true
04-27 17:57:56.190 11672 11714 V log     : e方法准备执行
04-27 17:57:56.190 11672 11714 V hp      : 缓存已捕获的error级别的log作为一条统计
04-27 17:57:56.190 11672 11672 W ams     : [ams][4556][tid_1](104)module putBoolean exists_operation
04-27 17:57:56.190 11672 11672 I aml     : [aml][4556][tid_1](322)set module:operation exists:true
04-27 17:57:56.190 11672 11672 I aml     : [aml][4558][tid_1](328)set module:operation success com.vlife.component.operation.OperationProvider@1205b69d
04-27 17:57:56.190 11672 11672 D AbstractModuleProvider: [AbstractModuleProvider][4558][tid_1](480)proxyModule
04-27 17:57:56.200 11672 11672 I amg     : [amg][4558][tid_1](102)add provider:com.vlife.component.operation.OperationProvider@1205b69d, module=null, module_name=operation
04-27 17:57:56.200 11672 11672 D ams     : [ams][4559][tid_1](99)preference:android.app.SharedPreferencesImpl@184802dc putBooleanAndCommit name:module key:operation_gdt value:true
04-27 17:57:56.200 11672 11715 W ams     : [ams][4560][tid_6256](52)create preferences name:userinfo
04-27 17:57:56.200 11672 11715 I ams     : [ams][4561][tid_6256](79)preference name:userinfo getString key:uid,value:null
04-27 17:57:56.200 11672 11715 I ams     : [ams][4561][tid_6256](79)preference name:userinfo getString key:password,value:null
04-27 17:57:56.200 11672 11715 V log     : e方法准备执行
04-27 17:57:56.200 11672 11715 V hp      : 缓存已捕获的error级别的log作为一条统计
04-27 17:57:56.200 11672 11672 W ams     : [ams][4566][tid_1](104)module putBoolean operation_gdt
04-27 17:57:56.200 11672 11714 I System.out: 62
